<html>
<body>
<pre>
<h1>µVision Build Log</h1>
<h2>Tool Versions:</h2>
IDE-Version: ¦ÌVision V5.40.0.0
Copyright (C) 2024 ARM Ltd and ARM Germany GmbH. All rights reserved.
License Information: `21212 29483, 313131, LIC=ATTQ1-CBQV7-8TY3P-MWSNV-Z6PJU-KKQ4H
 
Tool Versions:
Toolchain:       MDK-ARM Plus  Version: 5.40.0.3
Toolchain Path:  E:\keil_file\ARM\ARMCLANG\Bin
C Compiler:      ArmClang.exe V6.22
Assembler:       Armasm.exe V6.22
Linker/Locator:  ArmLink.exe V6.22
Library Manager: ArmAr.exe V6.22
Hex Converter:   FromElf.exe V6.22
CPU DLL:         SARMCM3.DLL V5.40.0.3
Dialog DLL:      DARMCM1.DLL V1.19.6.0
Target DLL:      CMSIS_AGDI.dll V1.33.18.0
Dialog DLL:      TARMCM1.DLL V1.14.6.0
 
<h2>Project:</h2>
E:\mspm0_sdk_1_30_00_03\examples\nortos\LP_MSPM0G3507\driverlib\lion\keil\empty_LP_MSPM0G3507_nortos_keil.uvprojx
Project File Date:  06/03/2026

<h2>Output:</h2>
*** Using Compiler 'V6.22', folder: 'E:\keil_file\ARM\ARMCLANG\Bin'
Rebuild target 'MSPM0G3507_Project'
Before Build - User command #1: cmd.exe /C "E:\mspm0_sdk_1_30_00_03\examples\nortos\LP_MSPM0G3507\driverlib\lion\keil\../../../../../../tools/keil/syscfg.bat 'E:\mspm0_sdk_1_30_00_03\examples\nortos\LP_MSPM0G3507\driverlib\lion\keil\' main.syscfg"
Using Sysconfig Tool from "E:\sysconfig\sysconfig_cli.bat"
"Update the file located at <sdk path>/tools/keil/syscfg.bat to use a different version"
Running script...
Validating...
info: /ti/project_config/ProjectConfig deviceSpin: Note: User must select a device after migration. 
info: PWM_MOTOR2(/ti/driverlib/PWM): Peripheral does not retain register contents in STOP or STANDBY modes. User should take care to save and restore register configuration in application. See Retention Configuration section for more details.
Generating Code (main.syscfg)...
Unchanged E:\mspm0_sdk_1_30_00_03\examples\nortos\LP_MSPM0G3507\driverlib\lion\ti_msp_dl_config.c...
Unchanged E:\mspm0_sdk_1_30_00_03\examples\nortos\LP_MSPM0G3507\driverlib\lion\ti_msp_dl_config.h...
Unchanged E:\mspm0_sdk_1_30_00_03\examples\nortos\LP_MSPM0G3507\driverlib\lion\Event.dot...
assembling startup_mspm0g350x_uvision.s...
compiling dl_vref.c...
compiling dl_uart.c...
compiling dl_trng.c...
compiling dl_spi.c...
compiling dl_opa.c...
compiling main.c...
compiling led.c...
compiling dl_rtc_common.c...
compiling board.c...
compiling zk.c...
compiling motor.c...
compiling lcd_init.c...
compiling dl_timer.c...
compiling ti_msp_dl_config.c...
compiling dl_mathacl.c...
compiling voice.c...
compiling dl_lfss.c...
compiling dl_lcd.c...
compiling dl_keystorectl.c...
compiling dl_dma.c...
compiling dl_crcp.c...
compiling dl_i2c.c...
../BSP/LCD/lcd.c(3): warning: In file included from...
../BSP/LCD\lcdfont.h(405): warning: illegal character encoding in string literal [-Winvalid-source-encoding]
  405 | "<D6><D0>",0x20,0x00,0x20,0x00,0x20,0x00,0xFE,0x03,0x22,0x02,0x22,0x02,0x22,0x02,0xFE,0x03,
      |  ^~~~~~~~
../BSP/LCD\lcdfont.h(407): warning: illegal character encoding in string literal [-Winvalid-source-encoding]
  407 | "<BE><B0>",0xFC,0x01,0x04,0x01,0xFC,0x01,0x04,0x01,0xFC,0x01,0x20,0x00,0xFF,0x07,0x04,0x01,
      |  ^~~~~~~~
../BSP/LCD\lcdfont.h(411): warning: illegal character encoding in string literal [-Winvalid-source-encoding]
  411 | "<B5><E7>",0x10,0x00,0x10,0x00,0xFF,0x01,0x11,0x01,0x11,0x01,0xFF,0x01,0x11,0x01,0x11,0x01,
      |  ^~~~~~~~
../BSP/LCD\lcdfont.h(413): warning: illegal character encoding in string literal [-Winvalid-source-encoding]
  413 | "<D7><D3>",0x00,0x00,0xFC,0x01,0x80,0x00,0x40,0x00,0x20,0x00,0x20,0x00,0xFF,0x07,0x20,0x00,
      |  ^~~~~~~~
../BSP/LCD\lcdfont.h(427): warning: illegal character encoding in string literal [-Winvalid-source-encoding]
  427 | "<D6><D0>",0x80,0x00,0x80,0x00,0x80,0x00,0x80,0x00,0xFC,0x1F,0x84,0x10,0x84,0x10,0x84,0x10,
      |  ^~~~~~~~
../BSP/LCD\lcdfont.h(429): warning: illegal character encoding in string literal [-Winvalid-source-encoding]
  429 | "<BE><B0>",0xF8,0x0F,0x08,0x08,0xF8,0x0F,0x08,0x08,0xF8,0x0F,0x80,0x00,0xFF,0x7F,0x00,0x00,
      |  ^~~~~~~~
../BSP/LCD\lcdfont.h(433): warning: illegal character encoding in string literal [-Winvalid-source-encoding]
  433 | "<B5><E7>",0x80,0x00,0x80,0x00,0x80,0x00,0xFC,0x1F,0x84,0x10,0x84,0x10,0x84,0x10,0xFC,0x1F,
      |  ^~~~~~~~
../BSP/LCD\lcdfont.h(435): warning: illegal character encoding in string literal [-Winvalid-source-encoding]
  435 | "<D7><D3>",0x00,0x00,0xFE,0x1F,0x00,0x08,0x00,0x04,0x00,0x02,0x80,0x01,0x80,0x00,0xFF,0x7F,
      |  ^~~~~~~~
../BSP/LCD\lcdfont.h(449): warning: illegal character encoding in string literal [-Winvalid-source-encoding]
  449 | "<D6><D0>",0x00,0x00,0x00,0x00,0x00,0x00,0x00,0x18,0x00,0x00,0x08,0x00,0x00,0x08,0x00,0x00,
      |  ^~~~~~~~
../BSP/LCD\lcdfont.h(455): warning: illegal character encoding in string literal [-Winvalid-source-encoding]
  455 | "<BE><B0>",0x00,0x00,0x00,0x00,0x00,0x00,0x40,0x00,0x06,0xC0,0xFF,0x07,0x40,0x00,0x06,0xC0,
      |  ^~~~~~~~
../BSP/LCD\lcdfont.h(467): warning: illegal character encoding in string literal [-Winvalid-source-encoding]
  467 | "<B5><E7>",0x00,0x00,0x00,0x00,0x00,0x00,0x00,0x18,0x00,0x00,0x08,0x00,0x00,0x08,0x00,0x00,
      |  ^~~~~~~~
../BSP/LCD\lcdfont.h(473): warning: illegal character encoding in string literal [-Winvalid-source-encoding]
  473 | "<D7><D3>",0x00,0x00,0x00,0x00,0x00,0x00,0x00,0x00,0x04,0xF0,0xFF,0x0F,0x00,0x00,0x06,0x00,
      |  ^~~~~~~~
../BSP/LCD\lcdfont.h(491): warning: illegal character encoding in string literal [-Winvalid-source-encoding]
  491 | "<D6><D0>",0x00,0x00,0x00,0x00,0x00,0x00,0x00,0x00,0x00,0x80,0x00,0x00,0x00,0x80,0x01,0x00,
      |  ^~~~~~~~
../BSP/LCD\lcdfont.h(499): warning: illegal character encoding in string literal [-Winvalid-source-encoding]
  499 | "<BE><B0>",0x00,0x00,0x00,0x00,0x00,0x00,0x00,0x00,0x00,0x00,0x00,0x00,0x00,0x01,0x80,0x01,
      |  ^~~~~~~~
../BSP/LCD\lcdfont.h(515): warning: illegal character encoding in string literal [-Winvalid-source-encoding]
  515 | "<B5><E7>",0x00,0x00,0x00,0x00,0x00,0x00,0x00,0x00,0x00,0xC0,0x00,0x00,0x00,0xC0,0x01,0x00,
      |  ^~~~~~~~
../BSP/LCD\lcdfont.h(523): warning: illegal character encoding in string literal [-Winvalid-source-encoding]
  523 | "<D7><D3>",0x00,0x00,0x00,0x00,0x00,0x00,0x00,0x00,0x00,0x00,0x00,0x00,0x00,0x00,0x00,0x03,
      |  ^~~~~~~~
16 warnings generated.
compiling lcd.c...
compiling dl_dac12.c...
compiling dl_common.c...
compiling dl_aesadv.c...
compiling dl_crc.c...
compiling dl_adc12.c...
compiling dl_mcan.c...
compiling dl_aes.c...
compiling dl_flashctl.c...
linking...
Program Size: Code=16420 RO-data=11140 RW-data=0 ZI-data=768  
FromELF: creating hex file...
".\Objects\empty_LP_MSPM0G3507_nortos_keil.axf" - 0 Error(s), 16 Warning(s).

<h2>Software Packages used:</h2>

Package Vendor: TexasInstruments
                https://software-dl.ti.com/msp430/esd/MSPM0-CMSIS/MSPM0G1X0X_G3X0X/latest/exports/TexasInstruments.MSPM0G1X0X_G3X0X_DFP.1.3.1.pack
                TexasInstruments::MSPM0G1X0X_G3X0X_DFP@1.3.1
                Device Family Pack for Texas Instruments MSPM0G1X0X_G3X0X Series

<h2>Collection of Component include folders:</h2>

<h2>Collection of Component Files used:</h2>
Build Time Elapsed:  00:00:02
</pre>
</body>
</html>
