<html>
<body>
<pre>
<h1>�Vision Build Log</h1>
<h2>Tool Versions:</h2>
IDE-Version: ��Vision V5.39.0.0
Copyright (C) 2023 ARM Ltd and ARM Germany GmbH. All rights reserved.
License Information: 123 YJHITSZ, HP Inc., LIC=VGXG8-3C37X-EVC1R-KEPJ8-TA5N6-ISDQA
 
Tool Versions:
Toolchain:       MDK-ARM Plus  Version: 5.39.0.0
Toolchain Path:  D:\Keil_5\ARM\ARMCLANG\Bin
C Compiler:      ArmClang.exe V6.21
Assembler:       Armasm.exe V6.21
Linker/Locator:  ArmLink.exe V6.21
Library Manager: ArmAr.exe V6.21
Hex Converter:   FromElf.exe V6.21
CPU DLL:         SARMCM3.DLL V5.39.0.0
Dialog DLL:      DARMCM1.DLL V1.19.6.0
Target DLL:      CMSIS_AGDI.dll V1.33.16.0
Dialog DLL:      TARMCM1.DLL V1.14.6.0
 
<h2>Project:</h2>
D:\TI\M0_SDK\mspm0_sdk_2_02_00_05\MSPM0G3507_Project\keil\empty_LP_MSPM0G3507_nortos_keil.uvprojx
Project File Date:  06/28/2024

<h2>Output:</h2>
*** Using Compiler 'V6.21', folder: 'D:\Keil_5\ARM\ARMCLANG\Bin'
Rebuild target 'MSPM0G3507_Project'
Before Build - User command #1: cmd.exe /C "D:\TI\M0_SDK\mspm0_sdk_2_02_00_05\MSPM0G3507_Project\keil\../../tools/keil/syscfg.bat 'D:\TI\M0_SDK\mspm0_sdk_2_02_00_05\MSPM0G3507_Project\keil\' empty.syscfg"
Using Sysconfig Tool from "D:\TI\SYSCONFIG\sysconfig_cli.bat"
"Update the file located at <sdk path>/tools/keil/syscfg.bat to use a different version"
Running script...
Validating...
Generating Code (empty.syscfg)...
Unchanged D:\TI\M0_SDK\mspm0_sdk_2_02_00_05\MSPM0G3507_Project\ti_msp_dl_config.c...
Unchanged D:\TI\M0_SDK\mspm0_sdk_2_02_00_05\MSPM0G3507_Project\ti_msp_dl_config.h...
Unchanged D:\TI\M0_SDK\mspm0_sdk_2_02_00_05\MSPM0G3507_Project\Event.dot...
assembling startup_mspm0g350x_uvision.s...
../empty.c(74): warning: illegal character encoding in string literal [-Winvalid-source-encoding]
   74 |         Display_GB2312_String(0,145,12, "<C6><C1>Ļ<A3><B1><A3><B2><A3><F8><A3><B1><A3><B2>",RED,WHITE); //12x12<BA><BA><D7><D6>
      |                                          ^~~~~~~~ ~~~~~~~~~~~~~~~~~~~~~~~~~~~~~~~~~~~~~~~~
../empty.c(74): warning: passing 'char[15]' to parameter of type 'uint8_t *' (aka 'unsigned char *') converts between pointers to integer types where one is of the unique plain 'char' type and the other is not [-Wpointer-sign]
   74 |         Display_GB2312_String(0,145,12, "<C6><C1>Ļ<A3><B1><A3><B2><A3><F8><A3><B1><A3><B2>",RED,WHITE); //12x12<BA><BA><D7><D6>
      |                                         ^~~~~~~~~~~~~~~~~~~~~~~~~~~~~~~~~~~~~~~~~~~~~~~~~~~
../BSP/LCD\lcd.h(42): note: passing argument to parameter 'text' here
   42 | void Display_GB2312_String(u16 x,u16 y,u8 zk_num,u8 text[],u16 fc,u16 bc);
      |                                                     ^
../empty.c(75): warning: illegal character encoding in string literal [-Winvalid-source-encoding]
   75 |         Display_GB2312_String(0,160,16, "<C6><C1>Ļ<A3><B1><A3><B6><A3><F8><A3><B1><A3><B6>",RED,WHITE); //15x16<BA><BA><D7><D6>
      |                                          ^~~~~~~~ ~~~~~~~~~~~~~~~~~~~~~~~~~~~~~~~~~~~~~~~~
../empty.c(75): warning: passing 'char[15]' to parameter of type 'uint8_t *' (aka 'unsigned char *') converts between pointers to integer types where one is of the unique plain 'char' type and the other is not [-Wpointer-sign]
   75 |         Display_GB2312_String(0,160,16, "<C6><C1>Ļ<A3><B1><A3><B6><A3><F8><A3><B1><A3><B6>",RED,WHITE); //15x16<BA><BA><D7><D6>
      |                                         ^~~~~~~~~~~~~~~~~~~~~~~~~~~~~~~~~~~~~~~~~~~~~~~~~~~
../BSP/LCD\lcd.h(42): note: passing argument to parameter 'text' here
   42 | void Display_GB2312_String(u16 x,u16 y,u8 zk_num,u8 text[],u16 fc,u16 bc);
      |                                                     ^
../empty.c(76): warning: illegal character encoding in string literal [-Winvalid-source-encoding]
   76 |         Display_GB2312_String(0,179,24, "<C6><C1>Ļ<A3><B2><A3><B4><A3><F8><A3><B2><A3><B4>",RED,WHITE); //24x24<BA><BA><D7><D6>
      |                                          ^~~~~~~~ ~~~~~~~~~~~~~~~~~~~~~~~~~~~~~~~~~~~~~~~~
../empty.c(76): warning: passing 'char[15]' to parameter of type 'uint8_t *' (aka 'unsigned char *') converts between pointers to integer types where one is of the unique plain 'char' type and the other is not [-Wpointer-sign]
   76 |         Display_GB2312_String(0,179,24, "<C6><C1>Ļ<A3><B2><A3><B4><A3><F8><A3><B2><A3><B4>",RED,WHITE); //24x24<BA><BA><D7><D6>
      |                                         ^~~~~~~~~~~~~~~~~~~~~~~~~~~~~~~~~~~~~~~~~~~~~~~~~~~
../BSP/LCD\lcd.h(42): note: passing argument to parameter 'text' here
   42 | void Display_GB2312_String(u16 x,u16 y,u8 zk_num,u8 text[],u16 fc,u16 bc);
      |                                                     ^
../empty.c(77): warning: illegal character encoding in string literal [-Winvalid-source-encoding]
   77 |         Display_GB2312_String(0,204,32, "<C6><C1>Ļ<A3><B3><A3><B2><A3><F8><A3><B3>",RED,WHITE);   //32x32<BA><BA><D7><D6>
      |                                          ^~~~~~~~ ~~~~~~~~~~~~~~~~~~~~~~~~~~~~~~~~
../empty.c(77): warning: passing 'char[13]' to parameter of type 'uint8_t *' (aka 'unsigned char *') converts between pointers to integer types where one is of the unique plain 'char' type and the other is not [-Wpointer-sign]
   77 |         Display_GB2312_String(0,204,32, "<C6><C1>Ļ<A3><B3><A3><B2><A3><F8><A3><B3>",RED,WHITE);   //32x32<BA><BA><D7><D6>
      |                                         ^~~~~~~~~~~~~~~~~~~~~~~~~~~~~~~~~~~~~~~~~~~
../BSP/LCD\lcd.h(42): note: passing argument to parameter 'text' here
   42 | void Display_GB2312_String(u16 x,u16 y,u8 zk_num,u8 text[],u16 fc,u16 bc);
      |                                                     ^
8 warnings generated.
compiling empty.c...
compiling ti_msp_dl_config.c...
compiling board.c...
compiling zk.c...
compiling lcd_init.c...
../BSP/LCD/lcd.c(3): warning: In file included from...
../BSP/LCD/lcdfont.h(405): warning: illegal character encoding in string literal [-Winvalid-source-encoding]
  405 | "<D6><D0>",0x20,0x00,0x20,0x00,0x20,0x00,0xFE,0x03,0x22,0x02,0x22,0x02,0x22,0x02,0xFE,0x03,
      |  ^~~~~~~~
../BSP/LCD/lcdfont.h(407): warning: illegal character encoding in string literal [-Winvalid-source-encoding]
  407 | "<BE><B0>",0xFC,0x01,0x04,0x01,0xFC,0x01,0x04,0x01,0xFC,0x01,0x20,0x00,0xFF,0x07,0x04,0x01,
      |  ^~~~~~~~
../BSP/LCD/lcdfont.h(411): warning: illegal character encoding in string literal [-Winvalid-source-encoding]
  411 | "<B5><E7>",0x10,0x00,0x10,0x00,0xFF,0x01,0x11,0x01,0x11,0x01,0xFF,0x01,0x11,0x01,0x11,0x01,
      |  ^~~~~~~~
../BSP/LCD/lcdfont.h(413): warning: illegal character encoding in string literal [-Winvalid-source-encoding]
  413 | "<D7><D3>",0x00,0x00,0xFC,0x01,0x80,0x00,0x40,0x00,0x20,0x00,0x20,0x00,0xFF,0x07,0x20,0x00,
      |  ^~~~~~~~
../BSP/LCD/lcdfont.h(427): warning: illegal character encoding in string literal [-Winvalid-source-encoding]
  427 | "<D6><D0>",0x80,0x00,0x80,0x00,0x80,0x00,0x80,0x00,0xFC,0x1F,0x84,0x10,0x84,0x10,0x84,0x10,
      |  ^~~~~~~~
../BSP/LCD/lcdfont.h(429): warning: illegal character encoding in string literal [-Winvalid-source-encoding]
  429 | "<BE><B0>",0xF8,0x0F,0x08,0x08,0xF8,0x0F,0x08,0x08,0xF8,0x0F,0x80,0x00,0xFF,0x7F,0x00,0x00,
      |  ^~~~~~~~
../BSP/LCD/lcdfont.h(433): warning: illegal character encoding in string literal [-Winvalid-source-encoding]
  433 | "<B5><E7>",0x80,0x00,0x80,0x00,0x80,0x00,0xFC,0x1F,0x84,0x10,0x84,0x10,0x84,0x10,0xFC,0x1F,
      |  ^~~~~~~~
../BSP/LCD/lcdfont.h(435): warning: illegal character encoding in string literal [-Winvalid-source-encoding]
  435 | "<D7><D3>",0x00,0x00,0xFE,0x1F,0x00,0x08,0x00,0x04,0x00,0x02,0x80,0x01,0x80,0x00,0xFF,0x7F,
      |  ^~~~~~~~
../BSP/LCD/lcdfont.h(449): warning: illegal character encoding in string literal [-Winvalid-source-encoding]
  449 | "<D6><D0>",0x00,0x00,0x00,0x00,0x00,0x00,0x00,0x18,0x00,0x00,0x08,0x00,0x00,0x08,0x00,0x00,
      |  ^~~~~~~~
../BSP/LCD/lcdfont.h(455): warning: illegal character encoding in string literal [-Winvalid-source-encoding]
  455 | "<BE><B0>",0x00,0x00,0x00,0x00,0x00,0x00,0x40,0x00,0x06,0xC0,0xFF,0x07,0x40,0x00,0x06,0xC0,
      |  ^~~~~~~~
../BSP/LCD/lcdfont.h(467): warning: illegal character encoding in string literal [-Winvalid-source-encoding]
  467 | "<B5><E7>",0x00,0x00,0x00,0x00,0x00,0x00,0x00,0x18,0x00,0x00,0x08,0x00,0x00,0x08,0x00,0x00,
      |  ^~~~~~~~
../BSP/LCD/lcdfont.h(473): warning: illegal character encoding in string literal [-Winvalid-source-encoding]
  473 | "<D7><D3>",0x00,0x00,0x00,0x00,0x00,0x00,0x00,0x00,0x04,0xF0,0xFF,0x0F,0x00,0x00,0x06,0x00,
      |  ^~~~~~~~
../BSP/LCD/lcdfont.h(491): warning: illegal character encoding in string literal [-Winvalid-source-encoding]
  491 | "<D6><D0>",0x00,0x00,0x00,0x00,0x00,0x00,0x00,0x00,0x00,0x80,0x00,0x00,0x00,0x80,0x01,0x00,
      |  ^~~~~~~~
../BSP/LCD/lcdfont.h(499): warning: illegal character encoding in string literal [-Winvalid-source-encoding]
  499 | "<BE><B0>",0x00,0x00,0x00,0x00,0x00,0x00,0x00,0x00,0x00,0x00,0x00,0x00,0x00,0x01,0x80,0x01,
      |  ^~~~~~~~
../BSP/LCD/lcdfont.h(515): warning: illegal character encoding in string literal [-Winvalid-source-encoding]
  515 | "<B5><E7>",0x00,0x00,0x00,0x00,0x00,0x00,0x00,0x00,0x00,0xC0,0x00,0x00,0x00,0xC0,0x01,0x00,
      |  ^~~~~~~~
../BSP/LCD/lcdfont.h(523): warning: illegal character encoding in string literal [-Winvalid-source-encoding]
  523 | "<D7><D3>",0x00,0x00,0x00,0x00,0x00,0x00,0x00,0x00,0x00,0x00,0x00,0x00,0x00,0x00,0x00,0x03,
      |  ^~~~~~~~
16 warnings generated.
compiling lcd.c...
compiling dl_vref.c...
compiling dl_uart.c...
compiling dl_trng.c...
compiling dl_spi.c...
compiling dl_timer.c...
compiling dl_opa.c...
compiling dl_rtc_common.c...
compiling dl_mathacl.c...
compiling dl_lfss.c...
compiling dl_lcd.c...
compiling dl_mcan.c...
compiling dl_keystorectl.c...
compiling dl_dma.c...
compiling dl_i2c.c...
compiling dl_crcp.c...
compiling dl_dac12.c...
compiling dl_flashctl.c...
compiling dl_common.c...
compiling dl_aesadv.c...
compiling dl_crc.c...
compiling dl_adc12.c...
compiling dl_aes.c...
linking...
Program Size: Code=11016 RO-data=16800 RW-data=0 ZI-data=704  
FromELF: creating hex file...
".\Objects\empty_LP_MSPM0G3507_nortos_keil.axf" - 0 Error(s), 24 Warning(s).

<h2>Software Packages used:</h2>

Package Vendor: TexasInstruments
                https://software-dl.ti.com/msp430/esd/MSPM0-CMSIS/MSPM0G1X0X_G3X0X/latest/exports/TexasInstruments.MSPM0G1X0X_G3X0X_DFP.1.3.1.pack
                TexasInstruments::MSPM0G1X0X_G3X0X_DFP@1.3.1
                Device Family Pack for Texas Instruments MSPM0G1X0X_G3X0X Series

<h2>Collection of Component include folders:</h2>

<h2>Collection of Component Files used:</h2>
Build Time Elapsed:  00:00:06
</pre>
</body>
</html>
