<html>
<body>
<pre>
<h1>µVision Build Log</h1>
<h2>Tool Versions:</h2>
IDE-Version: ¦ÌVision V5.39.0.0
Copyright (C) 2023 ARM Ltd and ARM Germany GmbH. All rights reserved.
License Information: y yt, yy, LIC=----
 
Tool Versions:
Toolchain:       MDK-Lite  Version: 5.39.0.0
Toolchain Path:  D:\Program Files\keil\ARM\ARMCLANG\Bin
C Compiler:      ArmClang.exe V6.21
Assembler:       Armasm.exe V6.21
Linker/Locator:  ArmLink.exe V6.21
Library Manager: ArmAr.exe V6.21
Hex Converter:   FromElf.exe V6.21
CPU DLL:         SARMCM3.DLL V5.39.0.0
Dialog DLL:      DARMCM1.DLL V1.19.6.0
Target DLL:      CMSIS_AGDI.dll V1.33.16.0
Dialog DLL:      TARMCM1.DLL V1.14.6.0
 
<h2>Project:</h2>
D:\TI\M0_SDK\mspm0_sdk_1_30_00_03\examples\nortos\LP_MSPM0G3507\driverlib\1111-5.24\keil\empty_LP_MSPM0G3507_nortos_keil.uvprojx
Project File Date:  05/24/2026

<h2>Output:</h2>
*** Using Compiler 'V6.21', folder: 'D:\Program Files\keil\ARM\ARMCLANG\Bin'
Rebuild target 'empty_LP_MSPM0G3507_nortos_keil'
Before Build - User command #1: cmd.exe /C "D:\TI\M0_SDK\mspm0_sdk_1_30_00_03\examples\nortos\LP_MSPM0G3507\driverlib\1111-5.24\keil\../../../../../../tools/keil/syscfg.bat 'D:\TI\M0_SDK\mspm0_sdk_1_30_00_03\examples\nortos\LP_MSPM0G3507\driverlib\1111-5.24\keil\' empty.syscfg"
Using Sysconfig Tool from "D:\TI\sysconfig_1.19.0\sysconfig_cli.bat"
"Update the file located at <sdk path>/tools/keil/syscfg.bat to use a different version"
Running script...
Validating...
info: /ti/project_config/ProjectConfig deviceSpin: Note: User must select a device after migration. 
Generating Code (empty.syscfg)...
Unchanged D:\TI\M0_SDK\mspm0_sdk_1_30_00_03\examples\nortos\LP_MSPM0G3507\driverlib\1111-5.24\ti_msp_dl_config.c...
Unchanged D:\TI\M0_SDK\mspm0_sdk_1_30_00_03\examples\nortos\LP_MSPM0G3507\driverlib\1111-5.24\ti_msp_dl_config.h...
Unchanged D:\TI\M0_SDK\mspm0_sdk_1_30_00_03\examples\nortos\LP_MSPM0G3507\driverlib\1111-5.24\Event.dot...
assembling startup_mspm0g350x_uvision.s...
compiling ti_msp_dl_config.c...
compiling empty.c...
compiling led.c...
compiling voice.c...
linking...
Program Size: Code=3236 RO-data=244 RW-data=0 ZI-data=352  
FromELF: creating hex file...
".\Objects\empty_LP_MSPM0G3507_nortos_keil.axf" - 0 Error(s), 0 Warning(s).

<h2>Software Packages used:</h2>

Package Vendor: TexasInstruments
                https://software-dl.ti.com/msp430/esd/MSPM0-CMSIS/MSPM0G1X0X_G3X0X/latest/exports/TexasInstruments.MSPM0G1X0X_G3X0X_DFP.1.3.1.pack
                TexasInstruments::MSPM0G1X0X_G3X0X_DFP@1.3.1
                Device Family Pack for Texas Instruments MSPM0G1X0X_G3X0X Series

<h2>Collection of Component include folders:</h2>

<h2>Collection of Component Files used:</h2>
Build Time Elapsed:  00:00:05
</pre>
</body>
</html>
