Component: Arm Compiler for Embedded 6.22 Tool: armlink [5ee90200]

==============================================================================

Section Cross References

    startup_mspm0g350x_uvision.o(STACK) refers (Special) to heapauxi.o(.text) for __use_two_region_memory
    startup_mspm0g350x_uvision.o(HEAP) refers (Special) to heapauxi.o(.text) for __use_two_region_memory
    startup_mspm0g350x_uvision.o(RESET) refers (Special) to heapauxi.o(.text) for __use_two_region_memory
    startup_mspm0g350x_uvision.o(RESET) refers to startup_mspm0g350x_uvision.o(STACK) for __initial_sp
    startup_mspm0g350x_uvision.o(RESET) refers to startup_mspm0g350x_uvision.o(.text) for Reset_Handler
    startup_mspm0g350x_uvision.o(RESET) refers to board.o(.text.UART0_IRQHandler) for UART0_IRQHandler
    startup_mspm0g350x_uvision.o(.text) refers (Special) to heapauxi.o(.text) for __use_two_region_memory
    startup_mspm0g350x_uvision.o(.text) refers to __main.o(!!!main) for __main
    startup_mspm0g350x_uvision.o(.text) refers to startup_mspm0g350x_uvision.o(HEAP) for Heap_Mem
    startup_mspm0g350x_uvision.o(.text) refers to startup_mspm0g350x_uvision.o(STACK) for Stack_Mem
    ti_msp_dl_config.o(.text.SYSCFG_DL_init) refers to ti_msp_dl_config.o(.text.SYSCFG_DL_initPower) for SYSCFG_DL_initPower
    ti_msp_dl_config.o(.text.SYSCFG_DL_init) refers to ti_msp_dl_config.o(.text.SYSCFG_DL_GPIO_init) for SYSCFG_DL_GPIO_init
    ti_msp_dl_config.o(.text.SYSCFG_DL_init) refers to ti_msp_dl_config.o(.text.SYSCFG_DL_SYSCTL_init) for SYSCFG_DL_SYSCTL_init
    ti_msp_dl_config.o(.text.SYSCFG_DL_init) refers to ti_msp_dl_config.o(.text.SYSCFG_DL_PWM_MOTOR2_init) for SYSCFG_DL_PWM_MOTOR2_init
    ti_msp_dl_config.o(.text.SYSCFG_DL_init) refers to ti_msp_dl_config.o(.text.SYSCFG_DL_PWM_MOTOR1_init) for SYSCFG_DL_PWM_MOTOR1_init
    ti_msp_dl_config.o(.text.SYSCFG_DL_init) refers to ti_msp_dl_config.o(.text.SYSCFG_DL_I2C_0_init) for SYSCFG_DL_I2C_0_init
    ti_msp_dl_config.o(.text.SYSCFG_DL_init) refers to ti_msp_dl_config.o(.text.SYSCFG_DL_UART_0_init) for SYSCFG_DL_UART_0_init
    ti_msp_dl_config.o(.text.SYSCFG_DL_init) refers to ti_msp_dl_config.o(.text.SYSCFG_DL_SYSTICK_init) for SYSCFG_DL_SYSTICK_init
    ti_msp_dl_config.o(.text.SYSCFG_DL_init) refers to ti_msp_dl_config.o(.bss.gPWM_MOTOR2Backup) for gPWM_MOTOR2Backup
    ti_msp_dl_config.o(.ARM.exidx.text.SYSCFG_DL_init) refers to ti_msp_dl_config.o(.text.SYSCFG_DL_init) for [Anonymous Symbol]
    ti_msp_dl_config.o(.text.SYSCFG_DL_initPower) refers to dl_common.o(.text.DL_Common_delayCycles) for DL_Common_delayCycles
    ti_msp_dl_config.o(.ARM.exidx.text.SYSCFG_DL_initPower) refers to ti_msp_dl_config.o(.text.SYSCFG_DL_initPower) for [Anonymous Symbol]
    ti_msp_dl_config.o(.ARM.exidx.text.SYSCFG_DL_GPIO_init) refers to ti_msp_dl_config.o(.text.SYSCFG_DL_GPIO_init) for [Anonymous Symbol]
    ti_msp_dl_config.o(.ARM.exidx.text.SYSCFG_DL_SYSCTL_init) refers to ti_msp_dl_config.o(.text.SYSCFG_DL_SYSCTL_init) for [Anonymous Symbol]
    ti_msp_dl_config.o(.text.SYSCFG_DL_PWM_MOTOR2_init) refers to dl_timer.o(.text.DL_Timer_setClockConfig) for DL_Timer_setClockConfig
    ti_msp_dl_config.o(.text.SYSCFG_DL_PWM_MOTOR2_init) refers to dl_timer.o(.text.DL_TimerA_initPWMMode) for DL_TimerA_initPWMMode
    ti_msp_dl_config.o(.text.SYSCFG_DL_PWM_MOTOR2_init) refers to dl_timer.o(.text.DL_Timer_setCaptureCompareValue) for DL_Timer_setCaptureCompareValue
    ti_msp_dl_config.o(.text.SYSCFG_DL_PWM_MOTOR2_init) refers to dl_timer.o(.text.DL_Timer_setCaptureCompareOutCtl) for DL_Timer_setCaptureCompareOutCtl
    ti_msp_dl_config.o(.text.SYSCFG_DL_PWM_MOTOR2_init) refers to dl_timer.o(.text.DL_Timer_setCaptCompUpdateMethod) for DL_Timer_setCaptCompUpdateMethod
    ti_msp_dl_config.o(.text.SYSCFG_DL_PWM_MOTOR2_init) refers to ti_msp_dl_config.o(.rodata.gPWM_MOTOR2ClockConfig) for [Anonymous Symbol]
    ti_msp_dl_config.o(.text.SYSCFG_DL_PWM_MOTOR2_init) refers to ti_msp_dl_config.o(.rodata.gPWM_MOTOR2Config) for [Anonymous Symbol]
    ti_msp_dl_config.o(.ARM.exidx.text.SYSCFG_DL_PWM_MOTOR2_init) refers to ti_msp_dl_config.o(.text.SYSCFG_DL_PWM_MOTOR2_init) for [Anonymous Symbol]
    ti_msp_dl_config.o(.text.SYSCFG_DL_PWM_MOTOR1_init) refers to dl_timer.o(.text.DL_Timer_setClockConfig) for DL_Timer_setClockConfig
    ti_msp_dl_config.o(.text.SYSCFG_DL_PWM_MOTOR1_init) refers to dl_timer.o(.text.DL_Timer_initPWMMode) for DL_Timer_initPWMMode
    ti_msp_dl_config.o(.text.SYSCFG_DL_PWM_MOTOR1_init) refers to dl_timer.o(.text.DL_Timer_setCaptureCompareValue) for DL_Timer_setCaptureCompareValue
    ti_msp_dl_config.o(.text.SYSCFG_DL_PWM_MOTOR1_init) refers to dl_timer.o(.text.DL_Timer_setCaptureCompareOutCtl) for DL_Timer_setCaptureCompareOutCtl
    ti_msp_dl_config.o(.text.SYSCFG_DL_PWM_MOTOR1_init) refers to dl_timer.o(.text.DL_Timer_setCaptCompUpdateMethod) for DL_Timer_setCaptCompUpdateMethod
[...]
    Removing dl_flashctl.o(.text.DL_FlashCTL_programMemoryFromRAM64WithECCManual), (56 bytes).
    Removing dl_flashctl.o(.ARM.exidx.text.DL_FlashCTL_programMemoryFromRAM64WithECCManual), (8 bytes).
    Removing dl_flashctl.o(.text.DL_FlashCTL_programMemoryBlocking64WithECCGenerated), (148 bytes).
    Removing dl_flashctl.o(.ARM.exidx.text.DL_FlashCTL_programMemoryBlocking64WithECCGenerated), (8 bytes).
    Removing dl_flashctl.o(.text.DL_FlashCTL_unprotectSector), (204 bytes).
    Removing dl_flashctl.o(.ARM.exidx.text.DL_FlashCTL_unprotectSector), (8 bytes).
    Removing dl_flashctl.o(.text.DL_FlashCTL_programMemoryBlockingFromRAM64WithECCGenerated), (112 bytes).
    Removing dl_flashctl.o(.ARM.exidx.text.DL_FlashCTL_programMemoryBlockingFromRAM64WithECCGenerated), (8 bytes).
    Removing dl_flashctl.o(.text.DL_FlashCTL_programMemoryBlocking64WithECCManual), (180 bytes).
    Removing dl_flashctl.o(.ARM.exidx.text.DL_FlashCTL_programMemoryBlocking64WithECCManual), (8 bytes).
    Removing dl_flashctl.o(.text.DL_FlashCTL_programMemoryBlockingFromRAM64WithECCManual), (132 bytes).
    Removing dl_flashctl.o(.ARM.exidx.text.DL_FlashCTL_programMemoryBlockingFromRAM64WithECCManual), (8 bytes).
    Removing dl_flashctl.o(.text.DL_FlashCTL_programMemoryBlocking), (172 bytes).
    Removing dl_flashctl.o(.ARM.exidx.text.DL_FlashCTL_programMemoryBlocking), (8 bytes).
    Removing dl_flashctl.o(.text.DL_FlashCTL_programMemoryFromRAM), (136 bytes).
    Removing dl_flashctl.o(.ARM.exidx.text.DL_FlashCTL_programMemoryFromRAM), (8 bytes).
    Removing dl_flashctl.o(.text.DL_FlashCTL_unprotectDataMemory), (20 bytes).
    Removing dl_flashctl.o(.ARM.exidx.text.DL_FlashCTL_unprotectDataMemory), (8 bytes).
    Removing dl_flashctl.o(.text.DL_FlashCTL_protectMainMemory), (20 bytes).
    Removing dl_flashctl.o(.ARM.exidx.text.DL_FlashCTL_protectMainMemory), (8 bytes).
    Removing dl_flashctl.o(.text.DL_FlashCTL_unprotectAllMemory), (32 bytes).
    Removing dl_flashctl.o(.ARM.exidx.text.DL_FlashCTL_unprotectAllMemory), (8 bytes).
    Removing dl_flashctl.o(.text.DL_FlashCTL_protectAllMemory), (36 bytes).
    Removing dl_flashctl.o(.ARM.exidx.text.DL_FlashCTL_protectAllMemory), (8 bytes).
    Removing dl_flashctl.o(.text.DL_FlashCTL_protectSector), (252 bytes).
    Removing dl_flashctl.o(.ARM.exidx.text.DL_FlashCTL_protectSector), (8 bytes).
    Removing dl_flashctl.o(.text.DL_FlashCTL_readVerify8), (32 bytes).
    Removing dl_flashctl.o(.ARM.exidx.text.DL_FlashCTL_readVerify8), (8 bytes).
    Removing dl_flashctl.o(.text.DL_FlashCTL_readVerify16), (32 bytes).
    Removing dl_flashctl.o(.ARM.exidx.text.DL_FlashCTL_readVerify16), (8 bytes).
    Removing dl_flashctl.o(.text.DL_FlashCTL_readVerify32), (34 bytes).
    Removing dl_flashctl.o(.ARM.exidx.text.DL_FlashCTL_readVerify32), (8 bytes).
    Removing dl_flashctl.o(.text.DL_FlashCTL_readVerify64), (38 bytes).
    Removing dl_flashctl.o(.ARM.exidx.text.DL_FlashCTL_readVerify64), (8 bytes).
    Removing dl_flashctl.o(.text.DL_FlashCTL_readVerifyFromRAM8), (40 bytes).
    Removing dl_flashctl.o(.ARM.exidx.text.DL_FlashCTL_readVerifyFromRAM8), (8 bytes).
    Removing dl_flashctl.o(.text.DL_FlashCTL_readVerifyFromRAM16), (36 bytes).
    Removing dl_flashctl.o(.ARM.exidx.text.DL_FlashCTL_readVerifyFromRAM16), (8 bytes).
    Removing dl_flashctl.o(.text.DL_FlashCTL_readVerifyFromRAM32), (40 bytes).
    Removing dl_flashctl.o(.ARM.exidx.text.DL_FlashCTL_readVerifyFromRAM32), (8 bytes).
    Removing dl_flashctl.o(.text.DL_FlashCTL_readVerifyFromRAM64), (44 bytes).
    Removing dl_flashctl.o(.ARM.exidx.text.DL_FlashCTL_readVerifyFromRAM64), (8 bytes).
    Removing dl_flashctl.o(.text.DL_FlashCTL_readVerifyFromRAM8WithECCGenerated), (40 bytes).
    Removing dl_flashctl.o(.ARM.exidx.text.DL_FlashCTL_readVerifyFromRAM8WithECCGenerated), (8 bytes).
    Removing dl_flashctl.o(.text.DL_FlashCTL_readVerifyFromRAM16WithECCGenerated), (40 bytes).
    Removing dl_flashctl.o(.ARM.exidx.text.DL_FlashCTL_readVerifyFromRAM16WithECCGenerated), (8 bytes).
    Removing dl_flashctl.o(.text.DL_FlashCTL_readVerifyFromRAM32WithECCGenerated), (40 bytes).
    Removing dl_flashctl.o(.ARM.exidx.text.DL_FlashCTL_readVerifyFromRAM32WithECCGenerated), (8 bytes).
    Removing dl_flashctl.o(.text.DL_FlashCTL_readVerifyFromRAM64WithECCGenerated), (48 bytes).
    Removing dl_flashctl.o(.ARM.exidx.text.DL_FlashCTL_readVerifyFromRAM64WithECCGenerated), (8 bytes).
    Removing dl_flashctl.o(.text.DL_FlashCTL_readVerifyFromRAM8WithECCManual), (52 bytes).
    Removing dl_flashctl.o(.ARM.exidx.text.DL_FlashCTL_readVerifyFromRAM8WithECCManual), (8 bytes).
    Removing dl_flashctl.o(.text.DL_FlashCTL_readVerifyFromRAM16WithECCManual), (52 bytes).
    Removing dl_flashctl.o(.ARM.exidx.text.DL_FlashCTL_readVerifyFromRAM16WithECCManual), (8 bytes).
    Removing dl_flashctl.o(.text.DL_FlashCTL_readVerifyFromRAM32WithECCManual), (52 bytes).
    Removing dl_flashctl.o(.ARM.exidx.text.DL_FlashCTL_readVerifyFromRAM32WithECCManual), (8 bytes).
    Removing dl_flashctl.o(.text.DL_FlashCTL_readVerifyFromRAM64WithECCManual), (56 bytes).
    Removing dl_flashctl.o(.ARM.exidx.text.DL_FlashCTL_readVerifyFromRAM64WithECCManual), (8 bytes).
    Removing dl_flashctl.o(.text.DL_FlashCTL_readVerify8WithECCGenerated), (36 bytes).
    Removing dl_flashctl.o(.ARM.exidx.text.DL_FlashCTL_readVerify8WithECCGenerated), (8 bytes).
    Removing dl_flashctl.o(.text.DL_FlashCTL_readVerify16WithECCGenerated), (36 bytes).
    Removing dl_flashctl.o(.ARM.exidx.text.DL_FlashCTL_readVerify16WithECCGenerated), (8 bytes).
    Removing dl_flashctl.o(.text.DL_FlashCTL_readVerify32WithECCGenerated), (36 bytes).
    Removing dl_flashctl.o(.ARM.exidx.text.DL_FlashCTL_readVerify32WithECCGenerated), (8 bytes).
    Removing dl_flashctl.o(.text.DL_FlashCTL_readVerify64WithECCGenerated), (44 bytes).
    Removing dl_flashctl.o(.ARM.exidx.text.DL_FlashCTL_readVerify64WithECCGenerated), (8 bytes).
    Removing dl_flashctl.o(.text.DL_FlashCTL_readVerify8WithECCManual), (48 bytes).
    Removing dl_flashctl.o(.ARM.exidx.text.DL_FlashCTL_readVerify8WithECCManual), (8 bytes).
    Removing dl_flashctl.o(.text.DL_FlashCTL_readVerify16WithECCManual), (48 bytes).
    Removing dl_flashctl.o(.ARM.exidx.text.DL_FlashCTL_readVerify16WithECCManual), (8 bytes).
    Removing dl_flashctl.o(.text.DL_FlashCTL_readVerify32WithECCManual), (48 bytes).
    Removing dl_flashctl.o(.ARM.exidx.text.DL_FlashCTL_readVerify32WithECCManual), (8 bytes).
    Removing dl_flashctl.o(.text.DL_FlashCTL_readVerify64WithECCManual), (52 bytes).
    Removing dl_flashctl.o(.ARM.exidx.text.DL_FlashCTL_readVerify64WithECCManual), (8 bytes).
    Removing dl_flashctl.o(.text.DL_FlashCTL_blankVerify), (24 bytes).
    Removing dl_flashctl.o(.ARM.exidx.text.DL_FlashCTL_blankVerify), (8 bytes).
    Removing dl_flashctl.o(.text.DL_FlashCTL_blankVerifyFromRAM), (24 bytes).
    Removing dl_flashctl.o(.ARM.exidx.text.DL_FlashCTL_blankVerifyFromRAM), (8 bytes).
    Removing dl_dma.o(.text), (0 bytes).
    Removing dl_dma.o(.text.DL_DMA_initChannel), (68 bytes).
    Removing dl_dma.o(.ARM.exidx.text.DL_DMA_initChannel), (8 bytes).
    Removing dl_dac12.o(.text), (0 bytes).
    Removing dl_dac12.o(.text.DL_DAC12_init), (140 bytes).
    Removing dl_dac12.o(.ARM.exidx.text.DL_DAC12_init), (8 bytes).
    Removing dl_dac12.o(.text.DL_DAC12_outputBlocking8), (48 bytes).
    Removing dl_dac12.o(.ARM.exidx.text.DL_DAC12_outputBlocking8), (8 bytes).
    Removing dl_dac12.o(.text.DL_DAC12_outputBlocking12), (56 bytes).
    Removing dl_dac12.o(.ARM.exidx.text.DL_DAC12_outputBlocking12), (8 bytes).
    Removing dl_dac12.o(.text.DL_DAC12_fillFIFO8), (160 bytes).
    Removing dl_dac12.o(.ARM.exidx.text.DL_DAC12_fillFIFO8), (8 bytes).
    Removing dl_dac12.o(.text.DL_DAC12_fillFIFO12), (56 bytes).
    Removing dl_dac12.o(.ARM.exidx.text.DL_DAC12_fillFIFO12), (8 bytes).
    Removing dl_dac12.o(.text.DL_DAC12_performSelfCalibrationBlocking), (36 bytes).
    Removing dl_dac12.o(.ARM.exidx.text.DL_DAC12_performSelfCalibrationBlocking), (8 bytes).
    Removing dl_crcp.o(.text), (0 bytes).
    Removing dl_crc.o(.text), (0 bytes).
    Removing dl_crc.o(.text.DL_CRC_calculateBlock32), (92 bytes).
    Removing dl_crc.o(.ARM.exidx.text.DL_CRC_calculateBlock32), (8 bytes).
    Removing dl_crc.o(.text.DL_CRC_calculateMemoryRange32), (52 bytes).
    Removing dl_crc.o(.ARM.exidx.text.DL_CRC_calculateMemoryRange32), (8 bytes).
    Removing dl_crc.o(.text.DL_CRC_calculateBlock16), (156 bytes).
    Removing dl_crc.o(.ARM.exidx.text.DL_CRC_calculateBlock16), (8 bytes).
    Removing dl_crc.o(.text.DL_CRC_calculateMemoryRange16), (104 bytes).
    Removing dl_crc.o(.ARM.exidx.text.DL_CRC_calculateMemoryRange16), (8 bytes).
    Removing dl_common.o(.text), (0 bytes).
    Removing dl_common.o(.ARM.exidx.text.DL_Common_delayCycles), (8 bytes).
    Removing dl_aesadv.o(.text), (0 bytes).
    Removing dl_aes.o(.text), (0 bytes).
    Removing dl_aes.o(.text.DL_AES_setKey), (72 bytes).
    Removing dl_aes.o(.ARM.exidx.text.DL_AES_setKey), (8 bytes).
    Removing dl_aes.o(.text.DL_AES_setKeyAligned), (56 bytes).
    Removing dl_aes.o(.ARM.exidx.text.DL_AES_setKeyAligned), (8 bytes).
    Removing dl_aes.o(.text.DL_AES_loadDataIn), (40 bytes).
    Removing dl_aes.o(.ARM.exidx.text.DL_AES_loadDataIn), (8 bytes).
    Removing dl_aes.o(.text.DL_AES_loadDataInAligned), (24 bytes).
    Removing dl_aes.o(.ARM.exidx.text.DL_AES_loadDataInAligned), (8 bytes).
    Removing dl_aes.o(.text.DL_AES_getDataOut), (36 bytes).
    Removing dl_aes.o(.ARM.exidx.text.DL_AES_getDataOut), (8 bytes).
    Removing dl_aes.o(.text.DL_AES_getDataOutAligned), (24 bytes).
    Removing dl_aes.o(.ARM.exidx.text.DL_AES_getDataOutAligned), (8 bytes).
    Removing dl_aes.o(.text.DL_AES_loadXORDataIn), (40 bytes).
    Removing dl_aes.o(.ARM.exidx.text.DL_AES_loadXORDataIn), (8 bytes).
    Removing dl_aes.o(.text.DL_AES_loadXORDataInAligned), (24 bytes).
    Removing dl_aes.o(.ARM.exidx.text.DL_AES_loadXORDataInAligned), (8 bytes).
    Removing dl_aes.o(.text.DL_AES_loadXORDataInWithoutTrigger), (40 bytes).
    Removing dl_aes.o(.ARM.exidx.text.DL_AES_loadXORDataInWithoutTrigger), (8 bytes).
    Removing dl_aes.o(.text.DL_AES_loadXORDataInWithoutTriggerAligned), (24 bytes).
    Removing dl_aes.o(.ARM.exidx.text.DL_AES_loadXORDataInWithoutTriggerAligned), (8 bytes).
    Removing dl_aes.o(.text.DL_AES_xorData), (52 bytes).
    Removing dl_aes.o(.ARM.exidx.text.DL_AES_xorData), (8 bytes).
    Removing dl_aes.o(.text.DL_AES_xorDataAligned), (36 bytes).
    Removing dl_aes.o(.ARM.exidx.text.DL_AES_xorDataAligned), (8 bytes).
    Removing dl_aes.o(.text.DL_AES_saveConfiguration), (80 bytes).
    Removing dl_aes.o(.ARM.exidx.text.DL_AES_saveConfiguration), (8 bytes).
    Removing dl_aes.o(.text.DL_AES_restoreConfiguration), (84 bytes).
    Removing dl_aes.o(.ARM.exidx.text.DL_AES_restoreConfiguration), (8 bytes).
    Removing dl_adc12.o(.text), (0 bytes).
    Removing dl_adc12.o(.text.DL_ADC12_setClockConfig), (64 bytes).
    Removing dl_adc12.o(.ARM.exidx.text.DL_ADC12_setClockConfig), (8 bytes).
    Removing dl_adc12.o(.text.DL_ADC12_getClockConfig), (40 bytes).
    Removing dl_adc12.o(.ARM.exidx.text.DL_ADC12_getClockConfig), (8 bytes).

715 unused section(s) (total 33380 bytes) removed from the image.

==============================================================================

Image Symbol Table

    Local Symbols

    Symbol Name                              Value     Ov Type        Size  Object(Section)

    ../clib/angel/boardlib.s                 0x00000000   Number         0  boardinit1.o ABSOLUTE
    ../clib/angel/boardlib.s                 0x00000000   Number         0  boardinit2.o ABSOLUTE
    ../clib/angel/boardlib.s                 0x00000000   Number         0  boardinit3.o ABSOLUTE
    ../clib/angel/boardlib.s                 0x00000000   Number         0  boardshut.o ABSOLUTE
    ../clib/angel/handlers.s                 0x00000000   Number         0  __scatter_zi.o ABSOLUTE
    ../clib/angel/kernel.s                   0x00000000   Number         0  __rtentry.o ABSOLUTE
    ../clib/angel/kernel.s                   0x00000000   Number         0  __rtentry2.o ABSOLUTE
    ../clib/angel/kernel.s                   0x00000000   Number         0  __rtentry4.o ABSOLUTE
    ../clib/angel/kernel.s                   0x00000000   Number         0  rtexit.o ABSOLUTE
    ../clib/angel/kernel.s                   0x00000000   Number         0  rtexit2.o ABSOLUTE
    ../clib/angel/rt.s                       0x00000000   Number         0  aeabi_idiv0.o ABSOLUTE
    ../clib/angel/rt.s                       0x00000000   Number         0  aeabi_idiv0_sigfpe.o ABSOLUTE
    ../clib/angel/rt.s                       0x00000000   Number         0  rt_div0.o ABSOLUTE
    ../clib/angel/rt.s                       0x00000000   Number         0  rt_raise.o ABSOLUTE
    ../clib/angel/scatterp.s                 0x00000000   Number         0  __scatter.o ABSOLUTE
    ../clib/angel/startup.s                  0x00000000   Number         0  __main.o ABSOLUTE
    ../clib/angel/sys.s                      0x00000000   Number         0  sys_stackheap_outer.o ABSOLUTE
    ../clib/angel/sys.s                      0x00000000   Number         0  libspace.o ABSOLUTE
    ../clib/angel/sys.s                      0x00000000   Number         0  tempstk.o ABSOLUTE
    ../clib/angel/sys.s                      0x00000000   Number         0  use_no_semi.o ABSOLUTE
    ../clib/angel/sys.s                      0x00000000   Number         0  indicate_semi.o ABSOLUTE
    ../clib/angel/sysapp.c                   0x00000000   Number         0  sys_wrch.o ABSOLUTE
    ../clib/angel/sysapp.c                   0x00000000   Number         0  sys_wrch_hlt.o ABSOLUTE
    ../clib/angel/sysapp.c                   0x00000000   Number         0  sys_command.o ABSOLUTE
    ../clib/angel/sysapp.c                   0x00000000   Number         0  sys_command_hlt.o ABSOLUTE
    ../clib/armsys.c                         0x00000000   Number         0  argv_veneer.o ABSOLUTE
    ../clib/armsys.c                         0x00000000   Number         0  _get_argv_nomalloc.o ABSOLUTE
    ../clib/armsys.c                         0x00000000   Number         0  no_argv.o ABSOLUTE
    ../clib/division.s                       0x00000000   Number         0  aeabi_sdivfast.o ABSOLUTE
    ../clib/division.s                       0x00000000   Number         0  aeabi_sdivfast_div0.o ABSOLUTE
    ../clib/heapalloc.c                      0x00000000   Number         0  hrguard.o ABSOLUTE
    ../clib/heapaux.c                        0x00000000   Number         0  heapauxi.o ABSOLUTE
    ../clib/libinit.s                        0x00000000   Number         0  libinit.o ABSOLUTE
    ../clib/libinit.s                        0x00000000   Number         0  libinit2.o ABSOLUTE
    ../clib/libinit.s                        0x00000000   Number         0  libshutdown.o ABSOLUTE
    ../clib/libinit.s                        0x00000000   Number         0  libshutdown2.o ABSOLUTE
    ../clib/signal.c                         0x00000000   Number         0  defsig_fpe_outer.o ABSOLUTE
    ../clib/signal.c                         0x00000000   Number         0  defsig_fpe_formal.o ABSOLUTE
    ../clib/signal.c                         0x00000000   Number         0  defsig_exit.o ABSOLUTE
    ../clib/signal.c                         0x00000000   Number         0  defsig_fpe_inner.o ABSOLUTE
    ../clib/signal.c                         0x00000000   Number         0  __raise.o ABSOLUTE
    ../clib/signal.c                         0x00000000   Number         0  defsig_general.o ABSOLUTE
    ../clib/signal.c                         0x00000000   Number         0  defsig_abrt_inner.o ABSOLUTE
    ../clib/signal.c                         0x00000000   Number         0  defsig_rtred_inner.o ABSOLUTE
    ../clib/signal.c                         0x00000000   Number         0  defsig_rtmem_inner.o ABSOLUTE
    ../clib/signal.c                         0x00000000   Number         0  defsig_rtmem_outer.o ABSOLUTE
    ../clib/signal.c                         0x00000000   Number         0  defsig_rtmem_formal.o ABSOLUTE
    ../clib/signal.c                         0x00000000   Number         0  defsig_stak_inner.o ABSOLUTE
    ../clib/signal.c                         0x00000000   Number         0  defsig_pvfn_inner.o ABSOLUTE
    ../clib/signal.c                         0x00000000   Number         0  defsig_cppl_inner.o ABSOLUTE
    ../clib/signal.c                         0x00000000   Number         0  defsig_segv_inner.o ABSOLUTE
    ../clib/signal.c                         0x00000000   Number         0  defsig_other.o ABSOLUTE
    ../clib/signal.s                         0x00000000   Number         0  defsig.o ABSOLUTE
    ../clib/stdio.c                          0x00000000   Number         0  puts.o ABSOLUTE
    ../clib/stdlib.c                         0x00000000   Number         0  exit.o ABSOLUTE
    ../fplib/cfplib/cmp.c                    0x00000000   Number         0  fcmp.o ABSOLUTE
    ../fplib/cfplib/cmpret.c                 0x00000000   Number         0  cmpret.o ABSOLUTE
    ../fplib/cfplib/fcmpin.c                 0x00000000   Number         0  fcmpin.o ABSOLUTE
    ../fplib/cfplib/fdiv.c                   0x00000000   Number         0  fdiv.o ABSOLUTE
    ../fplib/cfplib/ffix.c                   0x00000000   Number         0  ffixi.o ABSOLUTE
    ../fplib/cfplib/fflt.c                   0x00000000   Number         0  fflti.o ABSOLUTE
    ../fplib/cfplib/fpinit.c                 0x00000000   Number         0  fpinit.o ABSOLUTE
    ../fplib/cfplib/nan2.c                   0x00000000   Number         0  fnan2.o ABSOLUTE
    ../fplib/cfplib/retnan.c                 0x00000000   Number         0  retnan.o ABSOLUTE
    ../fplib/faddsub6m.s                     0x00000000   Number         0  faddsub.o ABSOLUTE
    ../fplib/feqf6m.s                        0x00000000   Number         0  feqf.o ABSOLUTE
    ../fplib/fgeqf6m.s                       0x00000000   Number         0  fgef.o ABSOLUTE
    ../fplib/fleqf6m.s                       0x00000000   Number         0  flef.o ABSOLUTE
    ../fplib/fmul6m.s                        0x00000000   Number         0  fmul.o ABSOLUTE
    ../fplib/usenofp.s                       0x00000000   Number         0  usenofp.o ABSOLUTE
    board.c                                  0x00000000   Number         0  board.o ABSOLUTE
    dc.s                                     0x00000000   Number         0  dc.o ABSOLUTE
    dl_adc12.c                               0x00000000   Number         0  dl_adc12.o ABSOLUTE
    dl_aes.c                                 0x00000000   Number         0  dl_aes.o ABSOLUTE
    dl_aesadv.c                              0x00000000   Number         0  dl_aesadv.o ABSOLUTE
    dl_common.c                              0x00000000   Number         0  dl_common.o ABSOLUTE
    dl_crc.c                                 0x00000000   Number         0  dl_crc.o ABSOLUTE
    dl_crcp.c                                0x00000000   Number         0  dl_crcp.o ABSOLUTE
    dl_dac12.c                               0x00000000   Number         0  dl_dac12.o ABSOLUTE
    dl_dma.c                                 0x00000000   Number         0  dl_dma.o ABSOLUTE
    dl_flashctl.c                            0x00000000   Number         0  dl_flashctl.o ABSOLUTE
    dl_i2c.c                                 0x00000000   Number         0  dl_i2c.o ABSOLUTE
    dl_keystorectl.c                         0x00000000   Number         0  dl_keystorectl.o ABSOLUTE
    dl_lcd.c                                 0x00000000   Number         0  dl_lcd.o ABSOLUTE
    dl_lfss.c                                0x00000000   Number         0  dl_lfss.o ABSOLUTE
    dl_mathacl.c                             0x00000000   Number         0  dl_mathacl.o ABSOLUTE
    dl_mcan.c                                0x00000000   Number         0  dl_mcan.o ABSOLUTE
    dl_opa.c                                 0x00000000   Number         0  dl_opa.o ABSOLUTE
    dl_rtc_common.c                          0x00000000   Number         0  dl_rtc_common.o ABSOLUTE
    dl_spi.c                                 0x00000000   Number         0  dl_spi.o ABSOLUTE
    dl_timer.c                               0x00000000   Number         0  dl_timer.o ABSOLUTE
    dl_trng.c                                0x00000000   Number         0  dl_trng.o ABSOLUTE
    dl_uart.c                                0x00000000   Number         0  dl_uart.o ABSOLUTE
    dl_vref.c                                0x00000000   Number         0  dl_vref.o ABSOLUTE
    lcd.c                                    0x00000000   Number         0  lcd.o ABSOLUTE
    lcd_init.c                               0x00000000   Number         0  lcd_init.o ABSOLUTE
    led.c                                    0x00000000   Number         0  led.o ABSOLUTE
    main.c                                   0x00000000   Number         0  main.o ABSOLUTE
    motor.c                                  0x00000000   Number         0  motor.o ABSOLUTE
    startup_mspm0g350x_uvision.s             0x00000000   Number         0  startup_mspm0g350x_uvision.o ABSOLUTE
    ti_msp_dl_config.c                       0x00000000   Number         0  ti_msp_dl_config.o ABSOLUTE
    voice.c                                  0x00000000   Number         0  voice.o ABSOLUTE
    zk.c                                     0x00000000   Number         0  zk.o ABSOLUTE
    RESET                                    0x00000000   Section      192  startup_mspm0g350x_uvision.o(RESET)
    !!!main                                  0x000000c0   Section        8  __main.o(!!!main)
    !!!scatter                               0x000000c8   Section       84  __scatter.o(!!!scatter)
    !!handler_null                           0x00000120   Section        2  __scatter.o(!!handler_null)
    !!handler_zi                             0x00000128   Section       28  __scatter_zi.o(!!handler_zi)
    .ARM.Collect$$libinit$$00000000          0x00000144   Section        2  libinit.o(.ARM.Collect$$libinit$$00000000)
    .ARM.Collect$$libinit$$00000002          0x00000146   Section        0  libinit2.o(.ARM.Collect$$libinit$$00000002)
    .ARM.Collect$$libinit$$00000004          0x00000146   Section        0  libinit2.o(.ARM.Collect$$libinit$$00000004)
    .ARM.Collect$$libinit$$00000006          0x00000146   Section        0  libinit2.o(.ARM.Collect$$libinit$$00000006)
    .ARM.Collect$$libinit$$0000000C          0x00000146   Section        0  libinit2.o(.ARM.Collect$$libinit$$0000000C)
    .ARM.Collect$$libinit$$0000000E          0x00000146   Section        0  libinit2.o(.ARM.Collect$$libinit$$0000000E)
    .ARM.Collect$$libinit$$00000010          0x00000146   Section        0  libinit2.o(.ARM.Collect$$libinit$$00000010)
    .ARM.Collect$$libinit$$00000013          0x00000146   Section        0  libinit2.o(.ARM.Collect$$libinit$$00000013)
    .ARM.Collect$$libinit$$00000015          0x00000146   Section        0  libinit2.o(.ARM.Collect$$libinit$$00000015)
    .ARM.Collect$$libinit$$00000017          0x00000146   Section        0  libinit2.o(.ARM.Collect$$libinit$$00000017)
    .ARM.Collect$$libinit$$00000019          0x00000146   Section        0  libinit2.o(.ARM.Collect$$libinit$$00000019)
    .ARM.Collect$$libinit$$0000001B          0x00000146   Section        0  libinit2.o(.ARM.Collect$$libinit$$0000001B)
    .ARM.Collect$$libinit$$0000001D          0x00000146   Section        0  libinit2.o(.ARM.Collect$$libinit$$0000001D)
    .ARM.Collect$$libinit$$0000001F          0x00000146   Section        0  libinit2.o(.ARM.Collect$$libinit$$0000001F)
    .ARM.Collect$$libinit$$00000021          0x00000146   Section        0  libinit2.o(.ARM.Collect$$libinit$$00000021)
    .ARM.Collect$$libinit$$00000023          0x00000146   Section        0  libinit2.o(.ARM.Collect$$libinit$$00000023)
    .ARM.Collect$$libinit$$00000025          0x00000146   Section        0  libinit2.o(.ARM.Collect$$libinit$$00000025)
    .ARM.Collect$$libinit$$00000027          0x00000146   Section        0  libinit2.o(.ARM.Collect$$libinit$$00000027)
    .ARM.Collect$$libinit$$0000002E          0x00000146   Section        0  libinit2.o(.ARM.Collect$$libinit$$0000002E)
    .ARM.Collect$$libinit$$00000030          0x00000146   Section        0  libinit2.o(.ARM.Collect$$libinit$$00000030)
    .ARM.Collect$$libinit$$00000032          0x00000146   Section        0  libinit2.o(.ARM.Collect$$libinit$$00000032)
    .ARM.Collect$$libinit$$00000034          0x00000146   Section        0  libinit2.o(.ARM.Collect$$libinit$$00000034)
    .ARM.Collect$$libinit$$00000035          0x00000146   Section        2  libinit2.o(.ARM.Collect$$libinit$$00000035)
    .ARM.Collect$$libshutdown$$00000000      0x00000148   Section        2  libshutdown.o(.ARM.Collect$$libshutdown$$00000000)
    .ARM.Collect$$libshutdown$$00000002      0x0000014a   Section        0  libshutdown2.o(.ARM.Collect$$libshutdown$$00000002)
    .ARM.Collect$$libshutdown$$00000004      0x0000014a   Section        0  libshutdown2.o(.ARM.Collect$$libshutdown$$00000004)
    .ARM.Collect$$libshutdown$$00000007      0x0000014a   Section        0  libshutdown2.o(.ARM.Collect$$libshutdown$$00000007)
    .ARM.Collect$$libshutdown$$0000000A      0x0000014a   Section        0  libshutdown2.o(.ARM.Collect$$libshutdown$$0000000A)
    .ARM.Collect$$libshutdown$$0000000C      0x0000014a   Section        0  libshutdown2.o(.ARM.Collect$$libshutdown$$0000000C)
    .ARM.Collect$$libshutdown$$0000000F      0x0000014a   Section        0  libshutdown2.o(.ARM.Collect$$libshutdown$$0000000F)
    .ARM.Collect$$libshutdown$$00000010      0x0000014a   Section        2  libshutdown2.o(.ARM.Collect$$libshutdown$$00000010)
    .ARM.Collect$$rtentry$$00000000          0x0000014c   Section        0  __rtentry.o(.ARM.Collect$$rtentry$$00000000)
    .ARM.Collect$$rtentry$$00000002          0x0000014c   Section        0  __rtentry2.o(.ARM.Collect$$rtentry$$00000002)
    .ARM.Collect$$rtentry$$00000004          0x0000014c   Section        6  __rtentry4.o(.ARM.Collect$$rtentry$$00000004)
    .ARM.Collect$$rtentry$$00000009          0x00000152   Section        0  __rtentry2.o(.ARM.Collect$$rtentry$$00000009)
    .ARM.Collect$$rtentry$$0000000A          0x00000152   Section        4  __rtentry2.o(.ARM.Collect$$rtentry$$0000000A)
    .ARM.Collect$$rtentry$$0000000C          0x00000156   Section        0  __rtentry2.o(.ARM.Collect$$rtentry$$0000000C)
    .ARM.Collect$$rtentry$$0000000D          0x00000156   Section        8  __rtentry2.o(.ARM.Collect$$rtentry$$0000000D)
    .ARM.Collect$$rtexit$$00000000           0x0000015e   Section        2  rtexit.o(.ARM.Collect$$rtexit$$00000000)
    .ARM.Collect$$rtexit$$00000002           0x00000160   Section        0  rtexit2.o(.ARM.Collect$$rtexit$$00000002)
    .ARM.Collect$$rtexit$$00000003           0x00000160   Section        4  rtexit2.o(.ARM.Collect$$rtexit$$00000003)
    .ARM.Collect$$rtexit$$00000004           0x00000164   Section        6  rtexit2.o(.ARM.Collect$$rtexit$$00000004)
    .text                                    0x0000016c   Section       44  startup_mspm0g350x_uvision.o(.text)
    .text                                    0x00000198   Section        0  puts.o(.text)
    .text                                    0x000001c4   Section      504  aeabi_sdivfast.o(.text)
    .text                                    0x000003bc   Section        0  heapauxi.o(.text)
    .text                                    0x000003c4   Section        0  fdiv.o(.text)
    .text                                    0x00000524   Section        0  ffixi.o(.text)
    .text                                    0x00000570   Section        0  fflti.o(.text)
    .text                                    0x000005d0   Section        0  fcmpin.o(.text)
    .text                                    0x00000634   Section       62  sys_stackheap_outer.o(.text)
    .text                                    0x00000672   Section        0  exit.o(.text)
    .text                                    0x00000682   Section        0  cmpret.o(.text)
    .text                                    0x000006b0   Section        0  fnan2.o(.text)
    .text                                    0x000006c0   Section        8  libspace.o(.text)
    .text                                    0x000006c8   Section        0  retnan.o(.text)
    [Anonymous Symbol]                       0x00000726   Section        0  dl_common.o(.text.DL_Common_delayCycles)
    [Anonymous Symbol]                       0x00000730   Section        0  dl_i2c.o(.text.DL_I2C_fillControllerTXFIFO)
    [Anonymous Symbol]                       0x000007b0   Section        0  dl_i2c.o(.text.DL_I2C_setClockConfig)
    [Anonymous Symbol]                       0x000007d8   Section        0  dl_timer.o(.text.DL_TimerA_initPWMMode)
    __arm_cp.31_0                            0x00000850   Number         4  dl_timer.o(.text.DL_TimerA_initPWMMode)
    __arm_cp.31_1                            0x00000854   Number         4  dl_timer.o(.text.DL_TimerA_initPWMMode)
    __arm_cp.31_2                            0x00000858   Number         4  dl_timer.o(.text.DL_TimerA_initPWMMode)
    [Anonymous Symbol]                       0x0000085c   Section        0  dl_timer.o(.text.DL_Timer_initPWMMode)
    __arm_cp.11_0                            0x00000918   Number         4  dl_timer.o(.text.DL_Timer_initPWMMode)
    __arm_cp.11_1                            0x0000091c   Number         4  dl_timer.o(.text.DL_Timer_initPWMMode)
    __arm_cp.11_4                            0x00000920   Number         4  dl_timer.o(.text.DL_Timer_initPWMMode)
    __arm_cp.11_5                            0x00000924   Number         4  dl_timer.o(.text.DL_Timer_initPWMMode)
    __arm_cp.11_6                            0x00000928   Number         4  dl_timer.o(.text.DL_Timer_initPWMMode)
    __arm_cp.11_7                            0x0000092c   Number         4  dl_timer.o(.text.DL_Timer_initPWMMode)
    __arm_cp.11_8                            0x00000930   Number         4  dl_timer.o(.text.DL_Timer_initPWMMode)
    __arm_cp.11_9                            0x00000934   Number         4  dl_timer.o(.text.DL_Timer_initPWMMode)
    [Anonymous Symbol]                       0x00000938   Section        0  dl_timer.o(.text.DL_Timer_setCaptCompUpdateMethod)
    __arm_cp.18_0                            0x00000950   Number         4  dl_timer.o(.text.DL_Timer_setCaptCompUpdateMethod)
    [Anonymous Symbol]                       0x00000954   Section        0  dl_timer.o(.text.DL_Timer_setCaptureCompareOutCtl)
    __arm_cp.13_0                            0x00000968   Number         4  dl_timer.o(.text.DL_Timer_setCaptureCompareOutCtl)
    [Anonymous Symbol]                       0x0000096c   Section        0  dl_timer.o(.text.DL_Timer_setCaptureCompareValue)
    __arm_cp.3_0                             0x00000978   Number         4  dl_timer.o(.text.DL_Timer_setCaptureCompareValue)
    [Anonymous Symbol]                       0x0000097c   Section        0  dl_timer.o(.text.DL_Timer_setClockConfig)
    __arm_cp.0_0                             0x00000994   Number         4  dl_timer.o(.text.DL_Timer_setClockConfig)
    [Anonymous Symbol]                       0x00000998   Section        0  dl_uart.o(.text.DL_UART_init)
    __arm_cp.0_0                             0x000009d8   Number         4  dl_uart.o(.text.DL_UART_init)
    __arm_cp.0_1                             0x000009dc   Number         4  dl_uart.o(.text.DL_UART_init)
    [Anonymous Symbol]                       0x000009e0   Section        0  dl_uart.o(.text.DL_UART_setClockConfig)
    [Anonymous Symbol]                       0x000009f4   Section        0  main.o(.text.ExecuteVoiceCommand)
    __arm_cp.0_1                             0x00000ab0   Number         4  main.o(.text.ExecuteVoiceCommand)
    [Anonymous Symbol]                       0x00000b1c   Section        0  lcd_init.o(.text.LCD_Address_Set)
    __arm_cp.5_0                             0x00000c08   Number         4  lcd_init.o(.text.LCD_Address_Set)
    [Anonymous Symbol]                       0x00000c0c   Section        0  lcd.o(.text.LCD_DrawEmoji)
    __arm_cp.17_1                            0x000010a8   Number         4  lcd.o(.text.LCD_DrawEmoji)
    [Anonymous Symbol]                       0x00001580   Section        0  lcd.o(.text.LCD_DrawRectangle)
    [Anonymous Symbol]                       0x000016a8   Section        0  lcd.o(.text.LCD_DrawWelcome)
    __arm_cp.16_6                            0x000019e4   Number         4  lcd.o(.text.LCD_DrawWelcome)
    __arm_cp.16_1                            0x00001bf4   Number         4  lcd.o(.text.LCD_DrawWelcome)
    __arm_cp.16_4                            0x00001c00   Number         4  lcd.o(.text.LCD_DrawWelcome)
    [Anonymous Symbol]                       0x00001c0c   Section        0  lcd.o(.text.LCD_Fill)
    [Anonymous Symbol]                       0x00001c58   Section        0  lcd_init.o(.text.LCD_Init)
    __arm_cp.6_1                             0x00002054   Number         4  lcd_init.o(.text.LCD_Init)
    [Anonymous Symbol]                       0x00002918   Section        0  lcd_init.o(.text.LCD_WR_DATA)
    [Anonymous Symbol]                       0x00002a18   Section        0  led.o(.text.LED_Flash)
    __arm_cp.4_0                             0x00002a40   Number         4  led.o(.text.LED_Flash)
    [Anonymous Symbol]                       0x00002a44   Section        0  led.o(.text.LED_Init)
    [Anonymous Symbol]                       0x00002a50   Section        0  led.o(.text.LED_Off)
    __arm_cp.2_0                             0x00002a5c   Number         4  led.o(.text.LED_Off)
    [Anonymous Symbol]                       0x00002a60   Section        0  led.o(.text.LED_On)
    __arm_cp.1_0                             0x00002a6c   Number         4  led.o(.text.LED_On)
    [Anonymous Symbol]                       0x00002a70   Section        0  ti_msp_dl_config.o(.text.SYSCFG_DL_GPIO_init)
    __arm_cp.2_0                             0x00002afc   Number         4  ti_msp_dl_config.o(.text.SYSCFG_DL_GPIO_init)
    __arm_cp.2_1                             0x00002b00   Number         4  ti_msp_dl_config.o(.text.SYSCFG_DL_GPIO_init)
    __arm_cp.2_2                             0x00002b04   Number         4  ti_msp_dl_config.o(.text.SYSCFG_DL_GPIO_init)
    __arm_cp.2_3                             0x00002b08   Number         4  ti_msp_dl_config.o(.text.SYSCFG_DL_GPIO_init)
    __arm_cp.2_4                             0x00002b0c   Number         4  ti_msp_dl_config.o(.text.SYSCFG_DL_GPIO_init)
    __arm_cp.2_5                             0x00002b10   Number         4  ti_msp_dl_config.o(.text.SYSCFG_DL_GPIO_init)
    __arm_cp.2_6                             0x00002b14   Number         4  ti_msp_dl_config.o(.text.SYSCFG_DL_GPIO_init)
    __arm_cp.2_7                             0x00002b18   Number         4  ti_msp_dl_config.o(.text.SYSCFG_DL_GPIO_init)
    [Anonymous Symbol]                       0x00002b1c   Section        0  ti_msp_dl_config.o(.text.SYSCFG_DL_I2C_0_init)
    __arm_cp.6_0                             0x00002b64   Number         4  ti_msp_dl_config.o(.text.SYSCFG_DL_I2C_0_init)
    __arm_cp.6_1                             0x00002b68   Number         4  ti_msp_dl_config.o(.text.SYSCFG_DL_I2C_0_init)
    __arm_cp.6_2                             0x00002b6c   Number         4  ti_msp_dl_config.o(.text.SYSCFG_DL_I2C_0_init)
    [Anonymous Symbol]                       0x00002b70   Section        0  ti_msp_dl_config.o(.text.SYSCFG_DL_PWM_MOTOR1_init)
    __arm_cp.5_0                             0x00002bb8   Number         4  ti_msp_dl_config.o(.text.SYSCFG_DL_PWM_MOTOR1_init)
    __arm_cp.5_1                             0x00002bbc   Number         4  ti_msp_dl_config.o(.text.SYSCFG_DL_PWM_MOTOR1_init)
    __arm_cp.5_2                             0x00002bc0   Number         4  ti_msp_dl_config.o(.text.SYSCFG_DL_PWM_MOTOR1_init)
    __arm_cp.5_3                             0x00002bc4   Number         4  ti_msp_dl_config.o(.text.SYSCFG_DL_PWM_MOTOR1_init)
    __arm_cp.5_4                             0x00002bc8   Number         4  ti_msp_dl_config.o(.text.SYSCFG_DL_PWM_MOTOR1_init)
    [Anonymous Symbol]                       0x00002bcc   Section        0  ti_msp_dl_config.o(.text.SYSCFG_DL_PWM_MOTOR2_init)
    __arm_cp.4_0                             0x00002c80   Number         4  ti_msp_dl_config.o(.text.SYSCFG_DL_PWM_MOTOR2_init)
    __arm_cp.4_1                             0x00002c84   Number         4  ti_msp_dl_config.o(.text.SYSCFG_DL_PWM_MOTOR2_init)
    __arm_cp.4_2                             0x00002c88   Number         4  ti_msp_dl_config.o(.text.SYSCFG_DL_PWM_MOTOR2_init)
    __arm_cp.4_3                             0x00002c8c   Number         4  ti_msp_dl_config.o(.text.SYSCFG_DL_PWM_MOTOR2_init)
    __arm_cp.4_4                             0x00002c90   Number         4  ti_msp_dl_config.o(.text.SYSCFG_DL_PWM_MOTOR2_init)
    [Anonymous Symbol]                       0x00002c94   Section        0  ti_msp_dl_config.o(.text.SYSCFG_DL_SYSCTL_init)
    __arm_cp.3_0                             0x00002cc8   Number         4  ti_msp_dl_config.o(.text.SYSCFG_DL_SYSCTL_init)
    __arm_cp.3_1                             0x00002ccc   Number         4  ti_msp_dl_config.o(.text.SYSCFG_DL_SYSCTL_init)
    [Anonymous Symbol]                       0x00002cd0   Section        0  ti_msp_dl_config.o(.text.SYSCFG_DL_SYSTICK_init)
    __arm_cp.8_0                             0x00002ce8   Number         4  ti_msp_dl_config.o(.text.SYSCFG_DL_SYSTICK_init)
    [Anonymous Symbol]                       0x00002cec   Section        0  ti_msp_dl_config.o(.text.SYSCFG_DL_UART_0_init)
    __arm_cp.7_0                             0x00002d40   Number         4  ti_msp_dl_config.o(.text.SYSCFG_DL_UART_0_init)
    __arm_cp.7_1                             0x00002d44   Number         4  ti_msp_dl_config.o(.text.SYSCFG_DL_UART_0_init)
    __arm_cp.7_2                             0x00002d48   Number         4  ti_msp_dl_config.o(.text.SYSCFG_DL_UART_0_init)
    __arm_cp.7_3                             0x00002d4c   Number         4  ti_msp_dl_config.o(.text.SYSCFG_DL_UART_0_init)
    __arm_cp.7_4                             0x00002d50   Number         4  ti_msp_dl_config.o(.text.SYSCFG_DL_UART_0_init)
    __arm_cp.7_5                             0x00002d54   Number         4  ti_msp_dl_config.o(.text.SYSCFG_DL_UART_0_init)
    [Anonymous Symbol]                       0x00002d58   Section        0  ti_msp_dl_config.o(.text.SYSCFG_DL_init)
    __arm_cp.0_0                             0x00002d84   Number         4  ti_msp_dl_config.o(.text.SYSCFG_DL_init)
    [Anonymous Symbol]                       0x00002d88   Section        0  ti_msp_dl_config.o(.text.SYSCFG_DL_initPower)
    __arm_cp.1_0                             0x00002dbc   Number         4  ti_msp_dl_config.o(.text.SYSCFG_DL_initPower)
    __arm_cp.1_1                             0x00002dc0   Number         4  ti_msp_dl_config.o(.text.SYSCFG_DL_initPower)
    __arm_cp.1_2                             0x00002dc4   Number         4  ti_msp_dl_config.o(.text.SYSCFG_DL_initPower)
    __arm_cp.1_3                             0x00002dc8   Number         4  ti_msp_dl_config.o(.text.SYSCFG_DL_initPower)
    __arm_cp.1_4                             0x00002dcc   Number         4  ti_msp_dl_config.o(.text.SYSCFG_DL_initPower)
    __arm_cp.1_5                             0x00002dd0   Number         4  ti_msp_dl_config.o(.text.SYSCFG_DL_initPower)
    __arm_cp.1_6                             0x00002dd4   Number         4  ti_msp_dl_config.o(.text.SYSCFG_DL_initPower)
    __arm_cp.1_7                             0x00002dd8   Number         4  ti_msp_dl_config.o(.text.SYSCFG_DL_initPower)
    [Anonymous Symbol]                       0x00002ddc   Section        0  board.o(.text.UART0_IRQHandler)
    __arm_cp.9_0                             0x00002e28   Number         4  board.o(.text.UART0_IRQHandler)
    __arm_cp.9_2                             0x00002e2c   Number         4  board.o(.text.UART0_IRQHandler)
    __arm_cp.9_3                             0x00002e30   Number         4  board.o(.text.UART0_IRQHandler)
    __arm_cp.9_4                             0x00002e34   Number         4  board.o(.text.UART0_IRQHandler)
    [Anonymous Symbol]                       0x00002e38   Section        0  voice.o(.text.Voice_Init)
    __arm_cp.0_0                             0x00002f88   Number         4  voice.o(.text.Voice_Init)
    [Anonymous Symbol]                       0x00002f8c   Section        0  voice.o(.text.Voice_ReadCommand)
    __arm_cp.1_11                            0x000031e4   Number         4  voice.o(.text.Voice_ReadCommand)
    __arm_cp.1_12                            0x000031e8   Number         4  voice.o(.text.Voice_ReadCommand)
    __arm_cp.1_13                            0x000031ec   Number         4  voice.o(.text.Voice_ReadCommand)
    __arm_cp.1_16                            0x000031f8   Number         4  voice.o(.text.Voice_ReadCommand)
    __arm_cp.1_22                            0x000035fc   Number         4  voice.o(.text.Voice_ReadCommand)
    __arm_cp.1_23                            0x00003600   Number         4  voice.o(.text.Voice_ReadCommand)
    __arm_cp.1_24                            0x00003604   Number         4  voice.o(.text.Voice_ReadCommand)
    __arm_cp.1_25                            0x00003608   Number         4  voice.o(.text.Voice_ReadCommand)
    __arm_cp.1_6                             0x00003688   Number         4  voice.o(.text.Voice_ReadCommand)
    __arm_cp.1_9                             0x0000368c   Number         4  voice.o(.text.Voice_ReadCommand)
    __arm_cp.1_10                            0x00003690   Number         4  voice.o(.text.Voice_ReadCommand)
    [Anonymous Symbol]                       0x00003694   Section        0  board.o(.text._sys_exit)
    [Anonymous Symbol]                       0x00003698   Section        0  board.o(.text.board_init)
    __arm_cp.0_0                             0x000036b4   Number         4  board.o(.text.board_init)
    __arm_cp.0_1                             0x000036b8   Number         4  board.o(.text.board_init)
    [Anonymous Symbol]                       0x000036e8   Section        0  motor.o(.text.dance)
    __arm_cp.7_1                             0x00003818   Number         4  motor.o(.text.dance)
    __arm_cp.7_2                             0x0000381c   Number         4  motor.o(.text.dance)
    __arm_cp.7_3                             0x00003820   Number         4  motor.o(.text.dance)
    __arm_cp.7_4                             0x00003824   Number         4  motor.o(.text.dance)
    __arm_cp.7_5                             0x00003828   Number         4  motor.o(.text.dance)
    __arm_cp.7_6                             0x0000382c   Number         4  motor.o(.text.dance)
    __arm_cp.7_7                             0x00003830   Number         4  motor.o(.text.dance)
    [Anonymous Symbol]                       0x00003834   Section        0  board.o(.text.delay_ms)
    __arm_cp.2_0                             0x00003878   Number         4  board.o(.text.delay_ms)
    [Anonymous Symbol]                       0x0000387c   Section        0  board.o(.text.fputc)
    __arm_cp.8_0                             0x0000389c   Number         4  board.o(.text.fputc)
    [Anonymous Symbol]                       0x000038a0   Section        0  main.o(.text.main)
    __arm_cp.1_0                             0x000039cc   Number         4  main.o(.text.main)
    __arm_cp.1_1                             0x000039d0   Number         4  main.o(.text.main)
    __arm_cp.1_2                             0x000039d4   Number         4  main.o(.text.main)
    __arm_cp.1_3                             0x000039d8   Number         4  main.o(.text.main)
    __arm_cp.1_7                             0x00003a54   Number         4  main.o(.text.main)
    __arm_cp.1_8                             0x00003a58   Number         4  main.o(.text.main)
    __arm_cp.1_9                             0x00003a5c   Number         4  main.o(.text.main)
    __arm_cp.1_10                            0x00003a60   Number         4  main.o(.text.main)
    __arm_cp.1_11                            0x00003a64   Number         4  main.o(.text.main)
    [Anonymous Symbol]                       0x00003a68   Section        0  motor.o(.text.reset_gait)
    __arm_cp.5_0                             0x00003a70   Number         4  motor.o(.text.reset_gait)
    [Anonymous Symbol]                       0x00003a74   Section        0  motor.o(.text.robot_forward)
    __arm_cp.6_0                             0x00003ba8   Number         4  motor.o(.text.robot_forward)
    __arm_cp.6_1                             0x00003bac   Number         4  motor.o(.text.robot_forward)
    __arm_cp.6_2                             0x00003bb0   Number         4  motor.o(.text.robot_forward)
    __arm_cp.6_3                             0x00003bb4   Number         4  motor.o(.text.robot_forward)
    __arm_cp.6_4                             0x00003bb8   Number         4  motor.o(.text.robot_forward)
    __arm_cp.6_5                             0x00003bbc   Number         4  motor.o(.text.robot_forward)
    [Anonymous Symbol]                       0x00003bc0   Section        0  motor.o(.text.servo_zero)
    [Anonymous Symbol]                       0x00003bf8   Section        0  motor.o(.text.sit)
    __arm_cp.3_0                             0x00003c34   Number         4  motor.o(.text.sit)
    [Anonymous Symbol]                       0x00003c38   Section        0  motor.o(.text.stand)
    __arm_cp.4_0                             0x00003c70   Number         4  motor.o(.text.stand)
    __arm_cp.4_1                             0x00003c74   Number         4  motor.o(.text.stand)
    .text_divfast                            0x00003c78   Section      502  aeabi_sdivfast.o(.text_divfast)
    i._fls                                   0x00003e6e   Section        0  fcmp.o(i._fls)
    x$fpl$fadd                               0x00003e84   Section      140  faddsub.o(x$fpl$fadd)
    _fadd1                                   0x00003e91   Thumb Code     0  faddsub.o(x$fpl$fadd)
    x$fpl$fleqf                              0x00003f10   Section       84  flef.o(x$fpl$fleqf)
    x$fpl$fmul                               0x00003f64   Section      176  fmul.o(x$fpl$fmul)
    x$fpl$fsub                               0x00004014   Section      208  faddsub.o(x$fpl$fsub)
    _fsub1                                   0x00004021   Thumb Code     0  faddsub.o(x$fpl$fsub)
    fdiv_tab                                 0x000040e4   Data          64  fdiv.o(.constdata)
    .constdata                               0x000040e4   Section       64  fdiv.o(.constdata)
    x$fpl$usenofp                            0x000040e4   Section        0  usenofp.o(x$fpl$usenofp)
    gI2C_0ClockConfig                        0x00006ab4   Data           2  ti_msp_dl_config.o(.rodata.gI2C_0ClockConfig)
    [Anonymous Symbol]                       0x00006ab4   Section        0  ti_msp_dl_config.o(.rodata.gI2C_0ClockConfig)
    gPWM_MOTOR1ClockConfig                   0x00006ab6   Data           3  ti_msp_dl_config.o(.rodata.gPWM_MOTOR1ClockConfig)
    [Anonymous Symbol]                       0x00006ab6   Section        0  ti_msp_dl_config.o(.rodata.gPWM_MOTOR1ClockConfig)
    gPWM_MOTOR1Config                        0x00006abc   Data           8  ti_msp_dl_config.o(.rodata.gPWM_MOTOR1Config)
    [Anonymous Symbol]                       0x00006abc   Section        0  ti_msp_dl_config.o(.rodata.gPWM_MOTOR1Config)
    gPWM_MOTOR2ClockConfig                   0x00006ac4   Data           3  ti_msp_dl_config.o(.rodata.gPWM_MOTOR2ClockConfig)
    [Anonymous Symbol]                       0x00006ac4   Section        0  ti_msp_dl_config.o(.rodata.gPWM_MOTOR2ClockConfig)
    gPWM_MOTOR2Config                        0x00006ac8   Data           8  ti_msp_dl_config.o(.rodata.gPWM_MOTOR2Config)
    [Anonymous Symbol]                       0x00006ac8   Section        0  ti_msp_dl_config.o(.rodata.gPWM_MOTOR2Config)
    gUART_0ClockConfig                       0x00006ad0   Data           2  ti_msp_dl_config.o(.rodata.gUART_0ClockConfig)
    [Anonymous Symbol]                       0x00006ad0   Section        0  ti_msp_dl_config.o(.rodata.gUART_0ClockConfig)
    gUART_0Config                            0x00006ad2   Data          10  ti_msp_dl_config.o(.rodata.gUART_0Config)
    [Anonymous Symbol]                       0x00006ad2   Section        0  ti_msp_dl_config.o(.rodata.gUART_0Config)
    [Anonymous Symbol]                       0x00006adc   Section        0  main.o(.rodata.str1.1)
    [Anonymous Symbol]                       0x00006b73   Section        0  voice.o(.rodata.str1.1)
    .bss                                     0x20200000   Section       96  libspace.o(.bss)
    current_action                           0x202000b4   Data           1  main.o(.bss.current_action)
    [Anonymous Symbol]                       0x202000b4   Section        0  main.o(.bss.current_action)
    gait_t                                   0x20200174   Data           4  motor.o(.bss.gait_t)
    [Anonymous Symbol]                       0x20200174   Section        0  motor.o(.bss.gait_t)
    main.emoji_drawn                         0x20200178   Data           1  main.o(.bss.main.emoji_drawn)
    [Anonymous Symbol]                       0x20200178   Section        0  main.o(.bss.main.emoji_drawn)
    Heap_Mem                                 0x20200200   Data           0  startup_mspm0g350x_uvision.o(HEAP)
    Stack_Mem                                0x20200200   Data         256  startup_mspm0g350x_uvision.o(STACK)
    HEAP                                     0x20200200   Section        0  startup_mspm0g350x_uvision.o(HEAP)
    STACK                                    0x20200200   Section      256  startup_mspm0g350x_uvision.o(STACK)
    __initial_sp                             0x20200300   Data           0  startup_mspm0g350x_uvision.o(STACK)

    Global Symbols

    Symbol Name                              Value     Ov Type        Size  Object(Section)

    BuildAttributes$$THM_ISAv3M$S$PE$A:L22$X:L11$S22$IEEE1$IW$~IW$USESV6$~STKCKD$USESV7$~SHL$OTIME$ROPI$EBA8$UX$STANDARDLIB$REQ8$PRES8$EABIv2 0x00000000   Number         0  anon$$obj.o ABSOLUTE
    __Vectors                                0x00000000   Data           4  startup_mspm0g350x_uvision.o(RESET)
    __ARM_exceptions_init                     - Undefined Weak Reference
    __alloca_initialize                       - Undefined Weak Reference
    __arm_preinit_                            - Undefined Weak Reference
    __arm_relocate_pie_                       - Undefined Weak Reference
    __cpp_initialize__aeabi_                  - Undefined Weak Reference
    __cxa_finalize                            - Undefined Weak Reference
    __rt_locale                               - Undefined Weak Reference
    __sigvec_lookup                           - Undefined Weak Reference
    _atexit_init                              - Undefined Weak Reference
    _call_atexit_fns                          - Undefined Weak Reference
    _clock_init                               - Undefined Weak Reference
    _fp_trap_init                             - Undefined Weak Reference
    _fp_trap_shutdown                         - Undefined Weak Reference
    _get_lc_collate                           - Undefined Weak Reference
    _get_lc_ctype                             - Undefined Weak Reference
    _get_lc_monetary                          - Undefined Weak Reference
    _get_lc_numeric                           - Undefined Weak Reference
    _get_lc_time                              - Undefined Weak Reference
    _getenv_init                              - Undefined Weak Reference
    _handle_redirection                       - Undefined Weak Reference
    _init_alloc                               - Undefined Weak Reference
    _init_user_alloc                          - Undefined Weak Reference
    _initio                                   - Undefined Weak Reference
    _rand_init                                - Undefined Weak Reference
    _signal_finish                            - Undefined Weak Reference
    _signal_init                              - Undefined Weak Reference
    _terminate_alloc                          - Undefined Weak Reference
    _terminate_user_alloc                     - Undefined Weak Reference
    _terminateio                              - Undefined Weak Reference
    __Vectors_End                            0x000000c0   Data           0  startup_mspm0g350x_uvision.o(RESET)
    __Vectors_Size                           0x000000c0   Number         0  startup_mspm0g350x_uvision.o ABSOLUTE
    __main                                   0x000000c1   Thumb Code     8  __main.o(!!!main)
    __scatterload                            0x000000c9   Thumb Code     0  __scatter.o(!!!scatter)
    __scatterload_rt2                        0x000000c9   Thumb Code    74  __scatter.o(!!!scatter)
    __scatterload_rt2_thumb_only             0x000000c9   Thumb Code     0  __scatter.o(!!!scatter)
    __scatterload_loop                       0x000000d3   Thumb Code     0  __scatter.o(!!!scatter)
    __scatterload_null                       0x00000121   Thumb Code     2  __scatter.o(!!handler_null)
    __scatterload_zeroinit                   0x00000129   Thumb Code    28  __scatter_zi.o(!!handler_zi)
    __rt_lib_init                            0x00000145   Thumb Code     0  libinit.o(.ARM.Collect$$libinit$$00000000)
    __rt_lib_init_alloca_1                   0x00000147   Thumb Code     0  libinit2.o(.ARM.Collect$$libinit$$00000030)
    __rt_lib_init_argv_1                     0x00000147   Thumb Code     0  libinit2.o(.ARM.Collect$$libinit$$0000002E)
    __rt_lib_init_atexit_1                   0x00000147   Thumb Code     0  libinit2.o(.ARM.Collect$$libinit$$0000001D)
    __rt_lib_init_clock_1                    0x00000147   Thumb Code     0  libinit2.o(.ARM.Collect$$libinit$$00000023)
    __rt_lib_init_cpp_1                      0x00000147   Thumb Code     0  libinit2.o(.ARM.Collect$$libinit$$00000034)
    __rt_lib_init_exceptions_1               0x00000147   Thumb Code     0  libinit2.o(.ARM.Collect$$libinit$$00000032)
    __rt_lib_init_fp_1                       0x00000147   Thumb Code     0  libinit2.o(.ARM.Collect$$libinit$$00000002)
    __rt_lib_init_fp_trap_1                  0x00000147   Thumb Code     0  libinit2.o(.ARM.Collect$$libinit$$00000021)
    __rt_lib_init_getenv_1                   0x00000147   Thumb Code     0  libinit2.o(.ARM.Collect$$libinit$$00000025)
    __rt_lib_init_heap_1                     0x00000147   Thumb Code     0  libinit2.o(.ARM.Collect$$libinit$$0000000C)
    __rt_lib_init_lc_collate_1               0x00000147   Thumb Code     0  libinit2.o(.ARM.Collect$$libinit$$00000013)
    __rt_lib_init_lc_ctype_1                 0x00000147   Thumb Code     0  libinit2.o(.ARM.Collect$$libinit$$00000015)
    __rt_lib_init_lc_monetary_1              0x00000147   Thumb Code     0  libinit2.o(.ARM.Collect$$libinit$$00000017)
    __rt_lib_init_lc_numeric_1               0x00000147   Thumb Code     0  libinit2.o(.ARM.Collect$$libinit$$00000019)
    __rt_lib_init_lc_time_1                  0x00000147   Thumb Code     0  libinit2.o(.ARM.Collect$$libinit$$0000001B)
    __rt_lib_init_preinit_1                  0x00000147   Thumb Code     0  libinit2.o(.ARM.Collect$$libinit$$00000006)
    __rt_lib_init_rand_1                     0x00000147   Thumb Code     0  libinit2.o(.ARM.Collect$$libinit$$00000010)
    __rt_lib_init_relocate_pie_1             0x00000147   Thumb Code     0  libinit2.o(.ARM.Collect$$libinit$$00000004)
    __rt_lib_init_return                     0x00000147   Thumb Code     0  libinit2.o(.ARM.Collect$$libinit$$00000035)
    __rt_lib_init_signal_1                   0x00000147   Thumb Code     0  libinit2.o(.ARM.Collect$$libinit$$0000001F)
    __rt_lib_init_stdio_1                    0x00000147   Thumb Code     0  libinit2.o(.ARM.Collect$$libinit$$00000027)
    __rt_lib_init_user_alloc_1               0x00000147   Thumb Code     0  libinit2.o(.ARM.Collect$$libinit$$0000000E)
    __rt_lib_shutdown                        0x00000149   Thumb Code     0  libshutdown.o(.ARM.Collect$$libshutdown$$00000000)
    __rt_lib_shutdown_cpp_1                  0x0000014b   Thumb Code     0  libshutdown2.o(.ARM.Collect$$libshutdown$$00000002)
    __rt_lib_shutdown_fp_trap_1              0x0000014b   Thumb Code     0  libshutdown2.o(.ARM.Collect$$libshutdown$$00000007)
    __rt_lib_shutdown_heap_1                 0x0000014b   Thumb Code     0  libshutdown2.o(.ARM.Collect$$libshutdown$$0000000F)
    __rt_lib_shutdown_return                 0x0000014b   Thumb Code     0  libshutdown2.o(.ARM.Collect$$libshutdown$$00000010)
    __rt_lib_shutdown_signal_1               0x0000014b   Thumb Code     0  libshutdown2.o(.ARM.Collect$$libshutdown$$0000000A)
    __rt_lib_shutdown_stdio_1                0x0000014b   Thumb Code     0  libshutdown2.o(.ARM.Collect$$libshutdown$$00000004)
    __rt_lib_shutdown_user_alloc_1           0x0000014b   Thumb Code     0  libshutdown2.o(.ARM.Collect$$libshutdown$$0000000C)
    __rt_entry                               0x0000014d   Thumb Code     0  __rtentry.o(.ARM.Collect$$rtentry$$00000000)
    __rt_entry_presh_1                       0x0000014d   Thumb Code     0  __rtentry2.o(.ARM.Collect$$rtentry$$00000002)
    __rt_entry_sh                            0x0000014d   Thumb Code     0  __rtentry4.o(.ARM.Collect$$rtentry$$00000004)
    __rt_entry_li                            0x00000153   Thumb Code     0  __rtentry2.o(.ARM.Collect$$rtentry$$0000000A)
    __rt_entry_postsh_1                      0x00000153   Thumb Code     0  __rtentry2.o(.ARM.Collect$$rtentry$$00000009)
    __rt_entry_main                          0x00000157   Thumb Code     0  __rtentry2.o(.ARM.Collect$$rtentry$$0000000D)
    __rt_entry_postli_1                      0x00000157   Thumb Code     0  __rtentry2.o(.ARM.Collect$$rtentry$$0000000C)
    __rt_exit                                0x0000015f   Thumb Code     0  rtexit.o(.ARM.Collect$$rtexit$$00000000)
    __rt_exit_ls                             0x00000161   Thumb Code     0  rtexit2.o(.ARM.Collect$$rtexit$$00000003)
    __rt_exit_prels_1                        0x00000161   Thumb Code     0  rtexit2.o(.ARM.Collect$$rtexit$$00000002)
    __rt_exit_exit                           0x00000165   Thumb Code     0  rtexit2.o(.ARM.Collect$$rtexit$$00000004)
    Reset_Handler                            0x0000016d   Thumb Code     4  startup_mspm0g350x_uvision.o(.text)
    NMI_Handler                              0x00000171   Thumb Code     2  startup_mspm0g350x_uvision.o(.text)
    HardFault_Handler                        0x00000173   Thumb Code     2  startup_mspm0g350x_uvision.o(.text)
    SVC_Handler                              0x00000175   Thumb Code     2  startup_mspm0g350x_uvision.o(.text)
    PendSV_Handler                           0x00000177   Thumb Code     2  startup_mspm0g350x_uvision.o(.text)
    SysTick_Handler                          0x00000179   Thumb Code     2  startup_mspm0g350x_uvision.o(.text)
    ADC0_IRQHandler                          0x0000017b   Thumb Code     0  startup_mspm0g350x_uvision.o(.text)
    ADC1_IRQHandler                          0x0000017b   Thumb Code     0  startup_mspm0g350x_uvision.o(.text)
    AES_IRQHandler                           0x0000017b   Thumb Code     0  startup_mspm0g350x_uvision.o(.text)
    CANFD0_IRQHandler                        0x0000017b   Thumb Code     0  startup_mspm0g350x_uvision.o(.text)
    DAC0_IRQHandler                          0x0000017b   Thumb Code     0  startup_mspm0g350x_uvision.o(.text)
    DMA_IRQHandler                           0x0000017b   Thumb Code     0  startup_mspm0g350x_uvision.o(.text)
    Default_Handler                          0x0000017b   Thumb Code     2  startup_mspm0g350x_uvision.o(.text)
    GROUP0_IRQHandler                        0x0000017b   Thumb Code     0  startup_mspm0g350x_uvision.o(.text)
    GROUP1_IRQHandler                        0x0000017b   Thumb Code     0  startup_mspm0g350x_uvision.o(.text)
    I2C0_IRQHandler                          0x0000017b   Thumb Code     0  startup_mspm0g350x_uvision.o(.text)
    I2C1_IRQHandler                          0x0000017b   Thumb Code     0  startup_mspm0g350x_uvision.o(.text)
    RTC_IRQHandler                           0x0000017b   Thumb Code     0  startup_mspm0g350x_uvision.o(.text)
    SPI0_IRQHandler                          0x0000017b   Thumb Code     0  startup_mspm0g350x_uvision.o(.text)
    SPI1_IRQHandler                          0x0000017b   Thumb Code     0  startup_mspm0g350x_uvision.o(.text)
    TIMA0_IRQHandler                         0x0000017b   Thumb Code     0  startup_mspm0g350x_uvision.o(.text)
    TIMA1_IRQHandler                         0x0000017b   Thumb Code     0  startup_mspm0g350x_uvision.o(.text)
    TIMG0_IRQHandler                         0x0000017b   Thumb Code     0  startup_mspm0g350x_uvision.o(.text)
    TIMG12_IRQHandler                        0x0000017b   Thumb Code     0  startup_mspm0g350x_uvision.o(.text)
    TIMG6_IRQHandler                         0x0000017b   Thumb Code     0  startup_mspm0g350x_uvision.o(.text)
    TIMG7_IRQHandler                         0x0000017b   Thumb Code     0  startup_mspm0g350x_uvision.o(.text)
    TIMG8_IRQHandler                         0x0000017b   Thumb Code     0  startup_mspm0g350x_uvision.o(.text)
    UART1_IRQHandler                         0x0000017b   Thumb Code     0  startup_mspm0g350x_uvision.o(.text)
    UART2_IRQHandler                         0x0000017b   Thumb Code     0  startup_mspm0g350x_uvision.o(.text)
    UART3_IRQHandler                         0x0000017b   Thumb Code     0  startup_mspm0g350x_uvision.o(.text)
    __user_initial_stackheap                 0x0000017d   Thumb Code    10  startup_mspm0g350x_uvision.o(.text)
    puts                                     0x00000199   Thumb Code    38  puts.o(.text)
    __aeabi_uidivmod                         0x000001c5   Thumb Code    28  aeabi_sdivfast.o(.text)
    __aeabi_idivmod                          0x000001e1   Thumb Code   472  aeabi_sdivfast.o(.text)
    __use_two_region_memory                  0x000003bd   Thumb Code     2  heapauxi.o(.text)
    __rt_heap_escrow$2region                 0x000003bf   Thumb Code     2  heapauxi.o(.text)
    __rt_heap_expand$2region                 0x000003c1   Thumb Code     2  heapauxi.o(.text)
    __aeabi_fdiv                             0x000003c5   Thumb Code     0  fdiv.o(.text)
    __divsf3                                 0x000003c5   Thumb Code     0  fdiv.o(.text)
    _fdiv                                    0x000003c5   Thumb Code   334  fdiv.o(.text)
    _frdiv                                   0x00000513   Thumb Code     8  fdiv.o(.text)
    __aeabi_f2iz                             0x00000525   Thumb Code     0  ffixi.o(.text)
    _ffix                                    0x00000525   Thumb Code    76  ffixi.o(.text)
    __aeabi_i2f_normalise                    0x00000571   Thumb Code    72  fflti.o(.text)
    __aeabi_i2f                              0x000005b9   Thumb Code    16  fflti.o(.text)
    _fflt                                    0x000005b9   Thumb Code     0  fflti.o(.text)
    __aeabi_ui2f                             0x000005c9   Thumb Code     6  fflti.o(.text)
    _ffltu                                   0x000005c9   Thumb Code     0  fflti.o(.text)
    __fpl_fcmp_InfNaN                        0x000005d1   Thumb Code    96  fcmpin.o(.text)
    __user_setup_stackheap                   0x00000635   Thumb Code    62  sys_stackheap_outer.o(.text)
    exit                                     0x00000673   Thumb Code    16  exit.o(.text)
    __fpl_cmpreturn                          0x00000683   Thumb Code    46  cmpret.o(.text)
    __fpl_fcheck_NaN2                        0x000006b1   Thumb Code    10  fnan2.o(.text)
    __user_libspace                          0x000006c1   Thumb Code     8  libspace.o(.text)
    __user_perproc_libspace                  0x000006c1   Thumb Code     0  libspace.o(.text)
    __user_perthread_libspace                0x000006c1   Thumb Code     0  libspace.o(.text)
    __fpl_return_NaN                         0x000006c9   Thumb Code    94  retnan.o(.text)
    DL_Common_delayCycles                    0x00000727   Thumb Code    10  dl_common.o(.text.DL_Common_delayCycles)
    DL_I2C_fillControllerTXFIFO              0x00000731   Thumb Code   128  dl_i2c.o(.text.DL_I2C_fillControllerTXFIFO)
    DL_I2C_setClockConfig                    0x000007b1   Thumb Code    38  dl_i2c.o(.text.DL_I2C_setClockConfig)
    DL_TimerA_initPWMMode                    0x000007d9   Thumb Code   120  dl_timer.o(.text.DL_TimerA_initPWMMode)
    DL_Timer_initPWMMode                     0x0000085d   Thumb Code   188  dl_timer.o(.text.DL_Timer_initPWMMode)
    DL_Timer_setCaptCompUpdateMethod         0x00000939   Thumb Code    24  dl_timer.o(.text.DL_Timer_setCaptCompUpdateMethod)
    DL_Timer_setCaptureCompareOutCtl         0x00000955   Thumb Code    20  dl_timer.o(.text.DL_Timer_setCaptureCompareOutCtl)
    DL_Timer_setCaptureCompareValue          0x0000096d   Thumb Code    12  dl_timer.o(.text.DL_Timer_setCaptureCompareValue)
    DL_Timer_setClockConfig                  0x0000097d   Thumb Code    24  dl_timer.o(.text.DL_Timer_setClockConfig)
    DL_UART_init                             0x00000999   Thumb Code    64  dl_uart.o(.text.DL_UART_init)
    DL_UART_setClockConfig                   0x000009e1   Thumb Code    18  dl_uart.o(.text.DL_UART_setClockConfig)
    ExecuteVoiceCommand                      0x000009f5   Thumb Code   164  main.o(.text.ExecuteVoiceCommand)
    LCD_Address_Set                          0x00000b1d   Thumb Code   236  lcd_init.o(.text.LCD_Address_Set)
    LCD_DrawEmoji                            0x00000c0d   Thumb Code  2420  lcd.o(.text.LCD_DrawEmoji)
    LCD_DrawRectangle                        0x00001581   Thumb Code   296  lcd.o(.text.LCD_DrawRectangle)
    LCD_DrawWelcome                          0x000016a9   Thumb Code  1356  lcd.o(.text.LCD_DrawWelcome)
    LCD_Fill                                 0x00001c0d   Thumb Code    74  lcd.o(.text.LCD_Fill)
    LCD_Init                                 0x00001c59   Thumb Code  3264  lcd_init.o(.text.LCD_Init)
    LCD_WR_DATA                              0x00002919   Thumb Code   256  lcd_init.o(.text.LCD_WR_DATA)
    LED_Flash                                0x00002a19   Thumb Code    40  led.o(.text.LED_Flash)
    LED_Init                                 0x00002a45   Thumb Code    12  led.o(.text.LED_Init)
    LED_Off                                  0x00002a51   Thumb Code    12  led.o(.text.LED_Off)
    LED_On                                   0x00002a61   Thumb Code    12  led.o(.text.LED_On)
    SYSCFG_DL_GPIO_init                      0x00002a71   Thumb Code   140  ti_msp_dl_config.o(.text.SYSCFG_DL_GPIO_init)
    SYSCFG_DL_I2C_0_init                     0x00002b1d   Thumb Code    72  ti_msp_dl_config.o(.text.SYSCFG_DL_I2C_0_init)
    SYSCFG_DL_PWM_MOTOR1_init                0x00002b71   Thumb Code    72  ti_msp_dl_config.o(.text.SYSCFG_DL_PWM_MOTOR1_init)
    SYSCFG_DL_PWM_MOTOR2_init                0x00002bcd   Thumb Code   180  ti_msp_dl_config.o(.text.SYSCFG_DL_PWM_MOTOR2_init)
    SYSCFG_DL_SYSCTL_init                    0x00002c95   Thumb Code    52  ti_msp_dl_config.o(.text.SYSCFG_DL_SYSCTL_init)
    SYSCFG_DL_SYSTICK_init                   0x00002cd1   Thumb Code    24  ti_msp_dl_config.o(.text.SYSCFG_DL_SYSTICK_init)
    SYSCFG_DL_UART_0_init                    0x00002ced   Thumb Code    84  ti_msp_dl_config.o(.text.SYSCFG_DL_UART_0_init)
    SYSCFG_DL_init                           0x00002d59   Thumb Code    44  ti_msp_dl_config.o(.text.SYSCFG_DL_init)
    SYSCFG_DL_initPower                      0x00002d89   Thumb Code    52  ti_msp_dl_config.o(.text.SYSCFG_DL_initPower)
    UART0_IRQHandler                         0x00002ddd   Thumb Code    76  board.o(.text.UART0_IRQHandler)
    Voice_Init                               0x00002e39   Thumb Code   336  voice.o(.text.Voice_Init)
    Voice_ReadCommand                        0x00002f8d   Thumb Code  1788  voice.o(.text.Voice_ReadCommand)
    _sys_exit                                0x00003695   Thumb Code     2  board.o(.text._sys_exit)
    board_init                               0x00003699   Thumb Code    28  board.o(.text.board_init)
    dance                                    0x000036e9   Thumb Code   304  motor.o(.text.dance)
    delay_ms                                 0x00003835   Thumb Code    68  board.o(.text.delay_ms)
    fputc                                    0x0000387d   Thumb Code    32  board.o(.text.fputc)
    main                                     0x000038a1   Thumb Code   300  main.o(.text.main)
    reset_gait                               0x00003a69   Thumb Code     8  motor.o(.text.reset_gait)
    robot_forward                            0x00003a75   Thumb Code   308  motor.o(.text.robot_forward)
    servo_zero                               0x00003bc1   Thumb Code    56  motor.o(.text.servo_zero)
    sit                                      0x00003bf9   Thumb Code    60  motor.o(.text.sit)
    stand                                    0x00003c39   Thumb Code    56  motor.o(.text.stand)
    __aeabi_uidiv                            0x00003c79   Thumb Code    68  aeabi_sdivfast.o(.text_divfast)
    __aeabi_idiv                             0x00003cbd   Thumb Code   434  aeabi_sdivfast.o(.text_divfast)
    __aeabi_fcmplt                           0x00003e6f   Thumb Code     0  fcmp.o(i._fls)
    _fls                                     0x00003e6f   Thumb Code    22  fcmp.o(i._fls)
    __aeabi_fadd                             0x00003e85   Thumb Code     0  faddsub.o(x$fpl$fadd)
    _fadd                                    0x00003e85   Thumb Code   134  faddsub.o(x$fpl$fadd)
    __aeabi_cfcmple                          0x00003f11   Thumb Code     0  flef.o(x$fpl$fleqf)
    _fcmple                                  0x00003f11   Thumb Code    78  flef.o(x$fpl$fleqf)
    __aeabi_fmul                             0x00003f65   Thumb Code     0  fmul.o(x$fpl$fmul)
    _fmul                                    0x00003f65   Thumb Code   172  fmul.o(x$fpl$fmul)
    __aeabi_fsub                             0x00004015   Thumb Code     0  faddsub.o(x$fpl$fsub)
    _fsub                                    0x00004015   Thumb Code   204  faddsub.o(x$fpl$fsub)
    __I$use$fp                               0x000040e4   Number         0  usenofp.o(x$fpl$usenofp)
    ascii_2412                               0x00004124   Data        4560  lcd.o(.rodata.ascii_2412)
    ascii_3216                               0x000052f4   Data        6080  lcd.o(.rodata.ascii_3216)
    Region$$Table$$Base                      0x00006b98   Number         0  anon$$obj.o(Region$$Table)
    Region$$Table$$Limit                     0x00006ba8   Number         0  anon$$obj.o(Region$$Table)
    __libspace_start                         0x20200000   Data          96  libspace.o(.bss)
    __stdout                                 0x20200060   Data          84  board.o(.bss.__stdout)
    __temporary_stack_top$libspace           0x20200060   Data           0  libspace.o(.bss)
    gPWM_MOTOR2Backup                        0x202000b8   Data         188  ti_msp_dl_config.o(.bss.gPWM_MOTOR2Backup)
    recv0_buff                               0x20200179   Data         128  board.o(.bss.recv0_buff)
    recv0_flag                               0x202001f9   Data           1  board.o(.bss.recv0_flag)
    recv0_length                             0x202001fa   Data           2  board.o(.bss.recv0_length)



==============================================================================

Memory Map of the image

  Image Entry point : 0x000000c1

  Load Region LR_IROM1 (Base: 0x00000000, Size: 0x00006ba8, Max: 0x00020000, ABSOLUTE)

    Execution Region ER_IROM1 (Exec base: 0x00000000, Load base: 0x00000000, Size: 0x00006ba8, Max: 0x00020000, ABSOLUTE)

    Exec Addr    Load Addr    Size         Type   Attr      Idx    E Section Name        Object

    0x00000000   0x00000000   0x000000c0   Data   RO            3    RESET               startup_mspm0g350x_uvision.o
    0x000000c0   0x000000c0   0x00000008   Code   RO          983  * !!!main             c_p.l(__main.o)
    0x000000c8   0x000000c8   0x00000054   Code   RO         1210    !!!scatter          c_p.l(__scatter.o)
    0x0000011c   0x0000011c   0x00000004   PAD
    0x00000120   0x00000120   0x00000002   Code   RO         1211    !!handler_null      c_p.l(__scatter.o)
    0x00000122   0x00000122   0x00000006   PAD
    0x00000128   0x00000128   0x0000001c   Code   RO         1214    !!handler_zi        c_p.l(__scatter_zi.o)
    0x00000144   0x00000144   0x00000002   Code   RO         1069    .ARM.Collect$$libinit$$00000000  c_p.l(libinit.o)
    0x00000146   0x00000146   0x00000000   Code   RO         1087    .ARM.Collect$$libinit$$00000002  c_p.l(libinit2.o)
    0x00000146   0x00000146   0x00000000   Code   RO         1089    .ARM.Collect$$libinit$$00000004  c_p.l(libinit2.o)
    0x00000146   0x00000146   0x00000000   Code   RO         1091    .ARM.Collect$$libinit$$00000006  c_p.l(libinit2.o)
    0x00000146   0x00000146   0x00000000   Code   RO         1094    .ARM.Collect$$libinit$$0000000C  c_p.l(libinit2.o)
    0x00000146   0x00000146   0x00000000   Code   RO         1096    .ARM.Collect$$libinit$$0000000E  c_p.l(libinit2.o)
    0x00000146   0x00000146   0x00000000   Code   RO         1098    .ARM.Collect$$libinit$$00000010  c_p.l(libinit2.o)
    0x00000146   0x00000146   0x00000000   Code   RO         1101    .ARM.Collect$$libinit$$00000013  c_p.l(libinit2.o)
    0x00000146   0x00000146   0x00000000   Code   RO         1103    .ARM.Collect$$libinit$$00000015  c_p.l(libinit2.o)
    0x00000146   0x00000146   0x00000000   Code   RO         1105    .ARM.Collect$$libinit$$00000017  c_p.l(libinit2.o)
    0x00000146   0x00000146   0x00000000   Code   RO         1107    .ARM.Collect$$libinit$$00000019  c_p.l(libinit2.o)
    0x00000146   0x00000146   0x00000000   Code   RO         1109    .ARM.Collect$$libinit$$0000001B  c_p.l(libinit2.o)
    0x00000146   0x00000146   0x00000000   Code   RO         1111    .ARM.Collect$$libinit$$0000001D  c_p.l(libinit2.o)
    0x00000146   0x00000146   0x00000000   Code   RO         1113    .ARM.Collect$$libinit$$0000001F  c_p.l(libinit2.o)
    0x00000146   0x00000146   0x00000000   Code   RO         1115    .ARM.Collect$$libinit$$00000021  c_p.l(libinit2.o)
    0x00000146   0x00000146   0x00000000   Code   RO         1117    .ARM.Collect$$libinit$$00000023  c_p.l(libinit2.o)
    0x00000146   0x00000146   0x00000000   Code   RO         1119    .ARM.Collect$$libinit$$00000025  c_p.l(libinit2.o)
    0x00000146   0x00000146   0x00000000   Code   RO         1121    .ARM.Collect$$libinit$$00000027  c_p.l(libinit2.o)
    0x00000146   0x00000146   0x00000000   Code   RO         1125    .ARM.Collect$$libinit$$0000002E  c_p.l(libinit2.o)
    0x00000146   0x00000146   0x00000000   Code   RO         1127    .ARM.Collect$$libinit$$00000030  c_p.l(libinit2.o)
    0x00000146   0x00000146   0x00000000   Code   RO         1129    .ARM.Collect$$libinit$$00000032  c_p.l(libinit2.o)
    0x00000146   0x00000146   0x00000000   Code   RO         1131    .ARM.Collect$$libinit$$00000034  c_p.l(libinit2.o)
    0x00000146   0x00000146   0x00000002   Code   RO         1132    .ARM.Collect$$libinit$$00000035  c_p.l(libinit2.o)
    0x00000148   0x00000148   0x00000002   Code   RO         1162    .ARM.Collect$$libshutdown$$00000000  c_p.l(libshutdown.o)
    0x0000014a   0x0000014a   0x00000000   Code   RO         1193    .ARM.Collect$$libshutdown$$00000002  c_p.l(libshutdown2.o)
    0x0000014a   0x0000014a   0x00000000   Code   RO         1195    .ARM.Collect$$libshutdown$$00000004  c_p.l(libshutdown2.o)
    0x0000014a   0x0000014a   0x00000000   Code   RO         1198    .ARM.Collect$$libshutdown$$00000007  c_p.l(libshutdown2.o)
    0x0000014a   0x0000014a   0x00000000   Code   RO         1201    .ARM.Collect$$libshutdown$$0000000A  c_p.l(libshutdown2.o)
    0x0000014a   0x0000014a   0x00000000   Code   RO         1203    .ARM.Collect$$libshutdown$$0000000C  c_p.l(libshutdown2.o)
    0x0000014a   0x0000014a   0x00000000   Code   RO         1206    .ARM.Collect$$libshutdown$$0000000F  c_p.l(libshutdown2.o)
    0x0000014a   0x0000014a   0x00000002   Code   RO         1207    .ARM.Collect$$libshutdown$$00000010  c_p.l(libshutdown2.o)
    0x0000014c   0x0000014c   0x00000000   Code   RO         1024    .ARM.Collect$$rtentry$$00000000  c_p.l(__rtentry.o)
    0x0000014c   0x0000014c   0x00000000   Code   RO         1037    .ARM.Collect$$rtentry$$00000002  c_p.l(__rtentry2.o)
    0x0000014c   0x0000014c   0x00000006   Code   RO         1049    .ARM.Collect$$rtentry$$00000004  c_p.l(__rtentry4.o)
    0x00000152   0x00000152   0x00000000   Code   RO         1039    .ARM.Collect$$rtentry$$00000009  c_p.l(__rtentry2.o)
    0x00000152   0x00000152   0x00000004   Code   RO         1040    .ARM.Collect$$rtentry$$0000000A  c_p.l(__rtentry2.o)
    0x00000156   0x00000156   0x00000000   Code   RO         1042    .ARM.Collect$$rtentry$$0000000C  c_p.l(__rtentry2.o)
    0x00000156   0x00000156   0x00000008   Code   RO         1043    .ARM.Collect$$rtentry$$0000000D  c_p.l(__rtentry2.o)
    0x0000015e   0x0000015e   0x00000002   Code   RO         1078    .ARM.Collect$$rtexit$$00000000  c_p.l(rtexit.o)
    0x00000160   0x00000160   0x00000000   Code   RO         1136    .ARM.Collect$$rtexit$$00000002  c_p.l(rtexit2.o)
    0x00000160   0x00000160   0x00000004   Code   RO         1137    .ARM.Collect$$rtexit$$00000003  c_p.l(rtexit2.o)
    0x00000164   0x00000164   0x00000006   Code   RO         1138    .ARM.Collect$$rtexit$$00000004  c_p.l(rtexit2.o)
    0x0000016a   0x0000016a   0x00000002   PAD
    0x0000016c   0x0000016c   0x0000002c   Code   RO            4    .text               startup_mspm0g350x_uvision.o
    0x00000198   0x00000198   0x0000002c   Code   RO          971    .text               c_p.l(puts.o)
    0x000001c4   0x000001c4   0x000001f8   Code   RO          973    .text               c_p.l(aeabi_sdivfast.o)
    0x000003bc   0x000003bc   0x00000006   Code   RO          981    .text               c_p.l(heapauxi.o)
    0x000003c2   0x000003c2   0x00000002   PAD
    0x000003c4   0x000003c4   0x00000160   Code   RO         1015    .text               fz_ps.l(fdiv.o)
    0x00000524   0x00000524   0x0000004c   Code   RO         1018    .text               fz_ps.l(ffixi.o)
    0x00000570   0x00000570   0x0000005e   Code   RO         1020    .text               fz_ps.l(fflti.o)
    0x000005ce   0x000005ce   0x00000002   PAD
    0x000005d0   0x000005d0   0x00000064   Code   RO         1053    .text               fz_ps.l(fcmpin.o)
    0x00000634   0x00000634   0x0000003e   Code   RO         1055    .text               c_p.l(sys_stackheap_outer.o)
    0x00000672   0x00000672   0x00000010   Code   RO         1058    .text               c_p.l(exit.o)
    0x00000682   0x00000682   0x0000002e   Code   RO         1070    .text               fz_ps.l(cmpret.o)
    0x000006b0   0x000006b0   0x00000010   Code   RO         1072    .text               fz_ps.l(fnan2.o)
    0x000006c0   0x000006c0   0x00000008   Code   RO         1074    .text               c_p.l(libspace.o)
    0x000006c8   0x000006c8   0x0000005e   Code   RO         1133    .text               fz_ps.l(retnan.o)
    0x00000726   0x00000726   0x0000000a   Code   RO          912    .text.DL_Common_delayCycles  dl_common.o
    0x00000730   0x00000730   0x00000080   Code   RO          677    .text.DL_I2C_fillControllerTXFIFO  dl_i2c.o
    0x000007b0   0x000007b0   0x00000026   Code   RO          673    .text.DL_I2C_setClockConfig  dl_i2c.o
    0x000007d6   0x000007d6   0x00000002   PAD
    0x000007d8   0x000007d8   0x00000084   Code   RO          386    .text.DL_TimerA_initPWMMode  dl_timer.o
    0x0000085c   0x0000085c   0x000000dc   Code   RO          346    .text.DL_Timer_initPWMMode  dl_timer.o
    0x00000938   0x00000938   0x0000001c   Code   RO          360    .text.DL_Timer_setCaptCompUpdateMethod  dl_timer.o
    0x00000954   0x00000954   0x00000018   Code   RO          350    .text.DL_Timer_setCaptureCompareOutCtl  dl_timer.o
    0x0000096c   0x0000096c   0x00000010   Code   RO          330    .text.DL_Timer_setCaptureCompareValue  dl_timer.o
    0x0000097c   0x0000097c   0x0000001c   Code   RO          324    .text.DL_Timer_setClockConfig  dl_timer.o
    0x00000998   0x00000998   0x00000048   Code   RO          272    .text.DL_UART_init  dl_uart.o
    0x000009e0   0x000009e0   0x00000012   Code   RO          274    .text.DL_UART_setClockConfig  dl_uart.o
    0x000009f2   0x000009f2   0x00000002   PAD
    0x000009f4   0x000009f4   0x00000128   Code   RO           98    .text.ExecuteVoiceCommand  main.o
    0x00000b1c   0x00000b1c   0x000000f0   Code   RO          214    .text.LCD_Address_Set  lcd_init.o
    0x00000c0c   0x00000c0c   0x00000974   Code   RO          186    .text.LCD_DrawEmoji  lcd.o
    0x00001580   0x00001580   0x00000128   Code   RO          158    .text.LCD_DrawRectangle  lcd.o
    0x000016a8   0x000016a8   0x00000564   Code   RO          184    .text.LCD_DrawWelcome  lcd.o
    0x00001c0c   0x00001c0c   0x0000004a   Code   RO          152    .text.LCD_Fill      lcd.o
    0x00001c56   0x00001c56   0x00000002   PAD
    0x00001c58   0x00001c58   0x00000cc0   Code   RO          216    .text.LCD_Init      lcd_init.o
    0x00002918   0x00002918   0x00000100   Code   RO          210    .text.LCD_WR_DATA   lcd_init.o
    0x00002a18   0x00002a18   0x0000002c   Code   RO           89    .text.LED_Flash     led.o
    0x00002a44   0x00002a44   0x0000000c   Code   RO           81    .text.LED_Init      led.o
    0x00002a50   0x00002a50   0x00000010   Code   RO           85    .text.LED_Off       led.o
    0x00002a60   0x00002a60   0x00000010   Code   RO           83    .text.LED_On        led.o
    0x00002a70   0x00002a70   0x000000ac   Code   RO           15    .text.SYSCFG_DL_GPIO_init  ti_msp_dl_config.o
    0x00002b1c   0x00002b1c   0x00000054   Code   RO           23    .text.SYSCFG_DL_I2C_0_init  ti_msp_dl_config.o
    0x00002b70   0x00002b70   0x0000005c   Code   RO           21    .text.SYSCFG_DL_PWM_MOTOR1_init  ti_msp_dl_config.o
    0x00002bcc   0x00002bcc   0x000000c8   Code   RO           19    .text.SYSCFG_DL_PWM_MOTOR2_init  ti_msp_dl_config.o
    0x00002c94   0x00002c94   0x0000003c   Code   RO           17    .text.SYSCFG_DL_SYSCTL_init  ti_msp_dl_config.o
    0x00002cd0   0x00002cd0   0x0000001c   Code   RO           27    .text.SYSCFG_DL_SYSTICK_init  ti_msp_dl_config.o
    0x00002cec   0x00002cec   0x0000006c   Code   RO           25    .text.SYSCFG_DL_UART_0_init  ti_msp_dl_config.o
    0x00002d58   0x00002d58   0x00000030   Code   RO           11    .text.SYSCFG_DL_init  ti_msp_dl_config.o
    0x00002d88   0x00002d88   0x00000054   Code   RO           13    .text.SYSCFG_DL_initPower  ti_msp_dl_config.o
    0x00002ddc   0x00002ddc   0x0000005c   Code   RO           67    .text.UART0_IRQHandler  board.o
    0x00002e38   0x00002e38   0x00000154   Code   RO          114    .text.Voice_Init    voice.o
    0x00002f8c   0x00002f8c   0x00000708   Code   RO          116    .text.Voice_ReadCommand  voice.o
    0x00003694   0x00003694   0x00000002   Code   RO           63    .text._sys_exit     board.o
    0x00003696   0x00003696   0x00000002   PAD
    0x00003698   0x00003698   0x00000050   Code   RO           49    .text.board_init    board.o
    0x000036e8   0x000036e8   0x0000014c   Code   RO          141    .text.dance         motor.o
    0x00003834   0x00003834   0x00000048   Code   RO           53    .text.delay_ms      board.o
    0x0000387c   0x0000387c   0x00000024   Code   RO           65    .text.fputc         board.o
    0x000038a0   0x000038a0   0x000001c8   Code   RO          100    .text.main          main.o
    0x00003a68   0x00003a68   0x0000000c   Code   RO          137    .text.reset_gait    motor.o
    0x00003a74   0x00003a74   0x0000014c   Code   RO          139    .text.robot_forward  motor.o
    0x00003bc0   0x00003bc0   0x00000038   Code   RO          131    .text.servo_zero    motor.o
    0x00003bf8   0x00003bf8   0x00000040   Code   RO          133    .text.sit           motor.o
    0x00003c38   0x00003c38   0x00000040   Code   RO          135    .text.stand         motor.o
    0x00003c78   0x00003c78   0x000001f6   Code   RO          974    .text_divfast       c_p.l(aeabi_sdivfast.o)
    0x00003e6e   0x00003e6e   0x00000016   Code   RO         1001    i._fls              fz_ps.l(fcmp.o)
    0x00003e84   0x00003e84   0x0000008c   Code   RO          985    x$fpl$fadd          fz_ps.l(faddsub.o)
    0x00003f10   0x00003f10   0x00000054   Code   RO         1033    x$fpl$fleqf         fz_ps.l(flef.o)
    0x00003f64   0x00003f64   0x000000b0   Code   RO         1022    x$fpl$fmul          fz_ps.l(fmul.o)
    0x00004014   0x00004014   0x000000d0   Code   RO          987    x$fpl$fsub          fz_ps.l(faddsub.o)
    0x000040e4   0x000040e4   0x00000000   Code   RO         1035    x$fpl$usenofp       fz_ps.l(usenofp.o)
    0x000040e4   0x000040e4   0x00000040   Data   RO         1016    .constdata          fz_ps.l(fdiv.o)
    0x00004124   0x00004124   0x000011d0   Data   RO          190    .rodata.ascii_2412  lcd.o
    0x000052f4   0x000052f4   0x000017c0   Data   RO          191    .rodata.ascii_3216  lcd.o
    0x00006ab4   0x00006ab4   0x00000002   Data   RO           38    .rodata.gI2C_0ClockConfig  ti_msp_dl_config.o
    0x00006ab6   0x00006ab6   0x00000003   Data   RO           36    .rodata.gPWM_MOTOR1ClockConfig  ti_msp_dl_config.o
    0x00006ab9   0x00006ab9   0x00000003   PAD
    0x00006abc   0x00006abc   0x00000008   Data   RO           37    .rodata.gPWM_MOTOR1Config  ti_msp_dl_config.o
    0x00006ac4   0x00006ac4   0x00000003   Data   RO           34    .rodata.gPWM_MOTOR2ClockConfig  ti_msp_dl_config.o
    0x00006ac7   0x00006ac7   0x00000001   PAD
    0x00006ac8   0x00006ac8   0x00000008   Data   RO           35    .rodata.gPWM_MOTOR2Config  ti_msp_dl_config.o
    0x00006ad0   0x00006ad0   0x00000002   Data   RO           39    .rodata.gUART_0ClockConfig  ti_msp_dl_config.o
    0x00006ad2   0x00006ad2   0x0000000a   Data   RO           40    .rodata.gUART_0Config  ti_msp_dl_config.o
    0x00006adc   0x00006adc   0x00000097   Data   RO          104    .rodata.str1.1      main.o
    0x00006b73   0x00006b73   0x00000025   Data   RO          118    .rodata.str1.1      voice.o
    0x00006b98   0x00006b98   0x00000010   Data   RO         1209    Region$$Table       anon$$obj.o


    Execution Region RW_IRAM2 (Exec base: 0x20200000, Load base: 0x00006ba8, Size: 0x00000300, Max: 0x00008000, ABSOLUTE)

    Exec Addr    Load Addr    Size         Type   Attr      Idx    E Section Name        Object

    0x20200000        -       0x00000060   Zero   RW         1075    .bss                c_p.l(libspace.o)
    0x20200060        -       0x00000054   Zero   RW           72    .bss.__stdout       board.o
    0x202000b4        -       0x00000001   Zero   RW          102    .bss.current_action  main.o
    0x202000b5   0x00006ba8   0x00000003   PAD
    0x202000b8        -       0x000000bc   Zero   RW           33    .bss.gPWM_MOTOR2Backup  ti_msp_dl_config.o
    0x20200174        -       0x00000004   Zero   RW          143    .bss.gait_t         motor.o
    0x20200178        -       0x00000001   Zero   RW          103    .bss.main.emoji_drawn  main.o
    0x20200179        -       0x00000080   Zero   RW           69    .bss.recv0_buff     board.o
    0x202001f9        -       0x00000001   Zero   RW           71    .bss.recv0_flag     board.o
    0x202001fa        -       0x00000002   Zero   RW           70    .bss.recv0_length   board.o
    0x202001fc   0x00006ba8   0x00000004   PAD
    0x20200200        -       0x00000000   Zero   RW            2    HEAP                startup_mspm0g350x_uvision.o
    0x20200200        -       0x00000100   Zero   RW            1    STACK               startup_mspm0g350x_uvision.o



  Load Region LR_BCR (Base: 0x41c00000, Size: 0x00000000, Max: 0x00000100, ABSOLUTE)

    Execution Region BCR_CONFIG (Exec base: 0x41c00000, Load base: 0x41c00000, Size: 0x00000000, Max: 0x00000080, ABSOLUTE)

    **** No section assigned to this execution region ****



  Load Region LR_BSL (Base: 0x41c00100, Size: 0x00000000, Max: 0x00000100, ABSOLUTE)

    Execution Region BSL_CONFIG (Exec base: 0x41c00100, Load base: 0x41c00100, Size: 0x00000000, Max: 0x00000080, ABSOLUTE)

    **** No section assigned to this execution region ****


==============================================================================

Image component sizes


      Code (inc. data)   RO Data    RW Data    ZI Data      Debug   Object Name

       282         76          0          0        215       9555   board.o
        10          0          0          0          0        602   dl_common.o
       166          0          0          0          0       9467   dl_i2c.o
       448         60          0          0          0      32061   dl_timer.o
        90          8          0          0          0      14546   dl_uart.o
      4170         44      10640          0          0      35573   lcd.o
      3760          8          0          0          0      64117   lcd_init.o
        88         12          0          0          0       4295   led.o
       752        356        151          0          2       1904   main.o
       860         68          0          0          4       6405   motor.o
        44         18        192          0        256        704   startup_mspm0g350x_uvision.o
       876        156         36          0        188      31288   ti_msp_dl_config.o
      2140         60         37          0          0      18804   voice.o

    ----------------------------------------------------------------------
     13694        866      11076          0        672     229321   Object Totals
         0          0         16          0          0          0   (incl. Generated)
         8          0          4          0          7          0   (incl. Padding)

    ----------------------------------------------------------------------

      Code (inc. data)   RO Data    RW Data    ZI Data      Debug   Library Member Name

         8          0          0          0          0         68   __main.o
         0          0          0          0          0          0   __rtentry.o
        12          0          0          0          0          0   __rtentry2.o
         6          0          0          0          0          0   __rtentry4.o
        86         10          0          0          0          0   __scatter.o
        28          0          0          0          0          0   __scatter_zi.o
      1006          4          0          0          0        184   aeabi_sdivfast.o
        16          0          0          0          0         68   exit.o
         6          0          0          0          0        136   heapauxi.o
         2          0          0          0          0          0   libinit.o
         2          0          0          0          0          0   libinit2.o
         2          0          0          0          0          0   libshutdown.o
         2          0          0          0          0          0   libshutdown2.o
         8          4          0          0         96         68   libspace.o
        44          6          0          0          0         68   puts.o
         2          0          0          0          0          0   rtexit.o
        10          0          0          0          0          0   rtexit2.o
        62          0          0          0          0         80   sys_stackheap_outer.o
        46          0          0          0          0         60   cmpret.o
       348          8          0          0          0        160   faddsub.o
        22          0          0          0          0         68   fcmp.o
       100          4          0          0          0         68   fcmpin.o
       352         10         64          0          0         92   fdiv.o
        76          0          0          0          0         68   ffixi.o
        94          0          0          0          0         92   fflti.o
        84          4          0          0          0         76   flef.o
       176          4          0          0          0         80   fmul.o
        16          6          0          0          0         68   fnan2.o
        94          0          0          0          0         68   retnan.o
         0          0          0          0          0          0   usenofp.o

    ----------------------------------------------------------------------
      2726         64         64          0         96       1572   Library Totals
        16          4          0          0          0          0   (incl. Padding)

    ----------------------------------------------------------------------

      Code (inc. data)   RO Data    RW Data    ZI Data      Debug   Library Name

      1302         24          0          0         96        672   c_p.l
      1408         36         64          0          0        900   fz_ps.l

    ----------------------------------------------------------------------
      2726         64         64          0         96       1572   Library Totals

    ----------------------------------------------------------------------

==============================================================================


      Code (inc. data)   RO Data    RW Data    ZI Data      Debug   

     16420        930      11140          0        768     229969   Grand Totals
     16420        930      11140          0        768     229969   ELF Image Totals
     16420        930      11140          0          0          0   ROM Totals

==============================================================================

    Total RO  Size (Code + RO Data)                27560 (  26.91kB)
    Total RW  Size (RW Data + ZI Data)               768 (   0.75kB)
    Total ROM Size (Code + RO Data + RW Data)      27560 (  26.91kB)

==============================================================================

