Component: Arm Compiler for Embedded 6.22 Tool: armlink [5ee90200]

==============================================================================

Section Cross References

    startup_mspm0g350x_uvision.o(STACK) refers (Special) to heapauxi.o(.text) for __use_two_region_memory
    startup_mspm0g350x_uvision.o(HEAP) refers (Special) to heapauxi.o(.text) for __use_two_region_memory
    startup_mspm0g350x_uvision.o(RESET) refers (Special) to heapauxi.o(.text) for __use_two_region_memory
    startup_mspm0g350x_uvision.o(RESET) refers to startup_mspm0g350x_uvision.o(STACK) for __initial_sp
    startup_mspm0g350x_uvision.o(RESET) refers to startup_mspm0g350x_uvision.o(.text) for Reset_Handler
    startup_mspm0g350x_uvision.o(RESET) refers to board.o(.text.UART0_IRQHandler) for UART0_IRQHandler
    startup_mspm0g350x_uvision.o(.text) refers (Special) to heapauxi.o(.text) for __use_two_region_memory
    startup_mspm0g350x_uvision.o(.text) refers to __main.o(!!!main) for __main
    startup_mspm0g350x_uvision.o(.text) refers to startup_mspm0g350x_uvision.o(HEAP) for Heap_Mem
    startup_mspm0g350x_uvision.o(.text) refers to startup_mspm0g350x_uvision.o(STACK) for Stack_Mem
    ti_msp_dl_config.o(.text.SYSCFG_DL_init) refers to ti_msp_dl_config.o(.text.SYSCFG_DL_initPower) for SYSCFG_DL_initPower
    ti_msp_dl_config.o(.text.SYSCFG_DL_init) refers to ti_msp_dl_config.o(.text.SYSCFG_DL_GPIO_init) for SYSCFG_DL_GPIO_init
    ti_msp_dl_config.o(.text.SYSCFG_DL_init) refers to ti_msp_dl_config.o(.text.SYSCFG_DL_SYSCTL_init) for SYSCFG_DL_SYSCTL_init
    ti_msp_dl_config.o(.text.SYSCFG_DL_init) refers to ti_msp_dl_config.o(.text.SYSCFG_DL_PWM_MOTOR2_init) for SYSCFG_DL_PWM_MOTOR2_init
    ti_msp_dl_config.o(.text.SYSCFG_DL_init) refers to ti_msp_dl_config.o(.text.SYSCFG_DL_PWM_MOTOR1_init) for SYSCFG_DL_PWM_MOTOR1_init
    ti_msp_dl_config.o(.text.SYSCFG_DL_init) refers to ti_msp_dl_config.o(.text.SYSCFG_DL_I2C_0_init) for SYSCFG_DL_I2C_0_init
    ti_msp_dl_config.o(.text.SYSCFG_DL_init) refers to ti_msp_dl_config.o(.text.SYSCFG_DL_UART_0_init) for SYSCFG_DL_UART_0_init
    ti_msp_dl_config.o(.text.SYSCFG_DL_init) refers to ti_msp_dl_config.o(.text.SYSCFG_DL_SYSTICK_init) for SYSCFG_DL_SYSTICK_init
    ti_msp_dl_config.o(.text.SYSCFG_DL_init) refers to ti_msp_dl_config.o(.bss.gPWM_MOTOR2Backup) for gPWM_MOTOR2Backup
    ti_msp_dl_config.o(.ARM.exidx.text.SYSCFG_DL_init) refers to ti_msp_dl_config.o(.text.SYSCFG_DL_init) for [Anonymous Symbol]
    ti_msp_dl_config.o(.text.SYSCFG_DL_initPower) refers to dl_common.o(.text.DL_Common_delayCycles) for DL_Common_delayCycles
    ti_msp_dl_config.o(.ARM.exidx.text.SYSCFG_DL_initPower) refers to ti_msp_dl_config.o(.text.SYSCFG_DL_initPower) for [Anonymous Symbol]
    ti_msp_dl_config.o(.ARM.exidx.text.SYSCFG_DL_GPIO_init) refers to ti_msp_dl_config.o(.text.SYSCFG_DL_GPIO_init) for [Anonymous Symbol]
    ti_msp_dl_config.o(.ARM.exidx.text.SYSCFG_DL_SYSCTL_init) refers to ti_msp_dl_config.o(.text.SYSCFG_DL_SYSCTL_init) for [Anonymous Symbol]
    ti_msp_dl_config.o(.text.SYSCFG_DL_PWM_MOTOR2_init) refers to dl_timer.o(.text.DL_Timer_setClockConfig) for DL_Timer_setClockConfig
    ti_msp_dl_config.o(.text.SYSCFG_DL_PWM_MOTOR2_init) refers to dl_timer.o(.text.DL_TimerA_initPWMMode) for DL_TimerA_initPWMMode
    ti_msp_dl_config.o(.text.SYSCFG_DL_PWM_MOTOR2_init) refers to dl_timer.o(.text.DL_Timer_setCaptureCompareValue) for DL_Timer_setCaptureCompareValue
    ti_msp_dl_config.o(.text.SYSCFG_DL_PWM_MOTOR2_init) refers to dl_timer.o(.text.DL_Timer_setCaptureCompareOutCtl) for DL_Timer_setCaptureCompareOutCtl
    ti_msp_dl_config.o(.text.SYSCFG_DL_PWM_MOTOR2_init) refers to dl_timer.o(.text.DL_Timer_setCaptCompUpdateMethod) for DL_Timer_setCaptCompUpdateMethod
    ti_msp_dl_config.o(.text.SYSCFG_DL_PWM_MOTOR2_init) refers to ti_msp_dl_config.o(.rodata.gPWM_MOTOR2ClockConfig) for [Anonymous Symbol]
    ti_msp_dl_config.o(.text.SYSCFG_DL_PWM_MOTOR2_init) refers to ti_msp_dl_config.o(.rodata.gPWM_MOTOR2Config) for [Anonymous Symbol]
    ti_msp_dl_config.o(.ARM.exidx.text.SYSCFG_DL_PWM_MOTOR2_init) refers to ti_msp_dl_config.o(.text.SYSCFG_DL_PWM_MOTOR2_init) for [Anonymous Symbol]
    ti_msp_dl_config.o(.text.SYSCFG_DL_PWM_MOTOR1_init) refers to dl_timer.o(.text.DL_Timer_setClockConfig) for DL_Timer_setClockConfig
    ti_msp_dl_config.o(.text.SYSCFG_DL_PWM_MOTOR1_init) refers to dl_timer.o(.text.DL_Timer_initPWMMode) for DL_Timer_initPWMMode
    ti_msp_dl_config.o(.text.SYSCFG_DL_PWM_MOTOR1_init) refers to dl_timer.o(.text.DL_Timer_setCaptureCompareValue) for DL_Timer_setCaptureCompareValue
    ti_msp_dl_config.o(.text.SYSCFG_DL_PWM_MOTOR1_init) refers to dl_timer.o(.text.DL_Timer_setCaptureCompareOutCtl) for DL_Timer_setCaptureCompareOutCtl
    ti_msp_dl_config.o(.text.SYSCFG_DL_PWM_MOTOR1_init) refers to dl_timer.o(.text.DL_Timer_setCaptCompUpdateMethod) for DL_Timer_setCaptCompUpdateMethod
[...]
    Removing dl_flashctl.o(.ARM.exidx.text.DL_FlashCTL_readVerifyFromRAM8), (8 bytes).
    Removing dl_flashctl.o(.text.DL_FlashCTL_readVerifyFromRAM16), (36 bytes).
    Removing dl_flashctl.o(.ARM.exidx.text.DL_FlashCTL_readVerifyFromRAM16), (8 bytes).
    Removing dl_flashctl.o(.text.DL_FlashCTL_readVerifyFromRAM32), (40 bytes).
    Removing dl_flashctl.o(.ARM.exidx.text.DL_FlashCTL_readVerifyFromRAM32), (8 bytes).
    Removing dl_flashctl.o(.text.DL_FlashCTL_readVerifyFromRAM64), (44 bytes).
    Removing dl_flashctl.o(.ARM.exidx.text.DL_FlashCTL_readVerifyFromRAM64), (8 bytes).
    Removing dl_flashctl.o(.text.DL_FlashCTL_readVerifyFromRAM8WithECCGenerated), (40 bytes).
    Removing dl_flashctl.o(.ARM.exidx.text.DL_FlashCTL_readVerifyFromRAM8WithECCGenerated), (8 bytes).
    Removing dl_flashctl.o(.text.DL_FlashCTL_readVerifyFromRAM16WithECCGenerated), (40 bytes).
    Removing dl_flashctl.o(.ARM.exidx.text.DL_FlashCTL_readVerifyFromRAM16WithECCGenerated), (8 bytes).
    Removing dl_flashctl.o(.text.DL_FlashCTL_readVerifyFromRAM32WithECCGenerated), (40 bytes).
    Removing dl_flashctl.o(.ARM.exidx.text.DL_FlashCTL_readVerifyFromRAM32WithECCGenerated), (8 bytes).
    Removing dl_flashctl.o(.text.DL_FlashCTL_readVerifyFromRAM64WithECCGenerated), (48 bytes).
    Removing dl_flashctl.o(.ARM.exidx.text.DL_FlashCTL_readVerifyFromRAM64WithECCGenerated), (8 bytes).
    Removing dl_flashctl.o(.text.DL_FlashCTL_readVerifyFromRAM8WithECCManual), (52 bytes).
    Removing dl_flashctl.o(.ARM.exidx.text.DL_FlashCTL_readVerifyFromRAM8WithECCManual), (8 bytes).
    Removing dl_flashctl.o(.text.DL_FlashCTL_readVerifyFromRAM16WithECCManual), (52 bytes).
    Removing dl_flashctl.o(.ARM.exidx.text.DL_FlashCTL_readVerifyFromRAM16WithECCManual), (8 bytes).
    Removing dl_flashctl.o(.text.DL_FlashCTL_readVerifyFromRAM32WithECCManual), (52 bytes).
    Removing dl_flashctl.o(.ARM.exidx.text.DL_FlashCTL_readVerifyFromRAM32WithECCManual), (8 bytes).
    Removing dl_flashctl.o(.text.DL_FlashCTL_readVerifyFromRAM64WithECCManual), (56 bytes).
    Removing dl_flashctl.o(.ARM.exidx.text.DL_FlashCTL_readVerifyFromRAM64WithECCManual), (8 bytes).
    Removing dl_flashctl.o(.text.DL_FlashCTL_readVerify8WithECCGenerated), (36 bytes).
    Removing dl_flashctl.o(.ARM.exidx.text.DL_FlashCTL_readVerify8WithECCGenerated), (8 bytes).
    Removing dl_flashctl.o(.text.DL_FlashCTL_readVerify16WithECCGenerated), (36 bytes).
    Removing dl_flashctl.o(.ARM.exidx.text.DL_FlashCTL_readVerify16WithECCGenerated), (8 bytes).
    Removing dl_flashctl.o(.text.DL_FlashCTL_readVerify32WithECCGenerated), (36 bytes).
    Removing dl_flashctl.o(.ARM.exidx.text.DL_FlashCTL_readVerify32WithECCGenerated), (8 bytes).
    Removing dl_flashctl.o(.text.DL_FlashCTL_readVerify64WithECCGenerated), (44 bytes).
    Removing dl_flashctl.o(.ARM.exidx.text.DL_FlashCTL_readVerify64WithECCGenerated), (8 bytes).
    Removing dl_flashctl.o(.text.DL_FlashCTL_readVerify8WithECCManual), (48 bytes).
    Removing dl_flashctl.o(.ARM.exidx.text.DL_FlashCTL_readVerify8WithECCManual), (8 bytes).
    Removing dl_flashctl.o(.text.DL_FlashCTL_readVerify16WithECCManual), (48 bytes).
    Removing dl_flashctl.o(.ARM.exidx.text.DL_FlashCTL_readVerify16WithECCManual), (8 bytes).
    Removing dl_flashctl.o(.text.DL_FlashCTL_readVerify32WithECCManual), (48 bytes).
    Removing dl_flashctl.o(.ARM.exidx.text.DL_FlashCTL_readVerify32WithECCManual), (8 bytes).
    Removing dl_flashctl.o(.text.DL_FlashCTL_readVerify64WithECCManual), (52 bytes).
    Removing dl_flashctl.o(.ARM.exidx.text.DL_FlashCTL_readVerify64WithECCManual), (8 bytes).
    Removing dl_flashctl.o(.text.DL_FlashCTL_blankVerify), (24 bytes).
    Removing dl_flashctl.o(.ARM.exidx.text.DL_FlashCTL_blankVerify), (8 bytes).
    Removing dl_flashctl.o(.text.DL_FlashCTL_blankVerifyFromRAM), (24 bytes).
    Removing dl_flashctl.o(.ARM.exidx.text.DL_FlashCTL_blankVerifyFromRAM), (8 bytes).
    Removing dl_dma.o(.text), (0 bytes).
    Removing dl_dma.o(.text.DL_DMA_initChannel), (68 bytes).
    Removing dl_dma.o(.ARM.exidx.text.DL_DMA_initChannel), (8 bytes).
    Removing dl_dac12.o(.text), (0 bytes).
    Removing dl_dac12.o(.text.DL_DAC12_init), (140 bytes).
    Removing dl_dac12.o(.ARM.exidx.text.DL_DAC12_init), (8 bytes).
    Removing dl_dac12.o(.text.DL_DAC12_outputBlocking8), (48 bytes).
    Removing dl_dac12.o(.ARM.exidx.text.DL_DAC12_outputBlocking8), (8 bytes).
    Removing dl_dac12.o(.text.DL_DAC12_outputBlocking12), (56 bytes).
    Removing dl_dac12.o(.ARM.exidx.text.DL_DAC12_outputBlocking12), (8 bytes).
    Removing dl_dac12.o(.text.DL_DAC12_fillFIFO8), (160 bytes).
    Removing dl_dac12.o(.ARM.exidx.text.DL_DAC12_fillFIFO8), (8 bytes).
    Removing dl_dac12.o(.text.DL_DAC12_fillFIFO12), (56 bytes).
    Removing dl_dac12.o(.ARM.exidx.text.DL_DAC12_fillFIFO12), (8 bytes).
    Removing dl_dac12.o(.text.DL_DAC12_performSelfCalibrationBlocking), (36 bytes).
    Removing dl_dac12.o(.ARM.exidx.text.DL_DAC12_performSelfCalibrationBlocking), (8 bytes).
    Removing dl_crcp.o(.text), (0 bytes).
    Removing dl_crc.o(.text), (0 bytes).
    Removing dl_crc.o(.text.DL_CRC_calculateBlock32), (92 bytes).
    Removing dl_crc.o(.ARM.exidx.text.DL_CRC_calculateBlock32), (8 bytes).
    Removing dl_crc.o(.text.DL_CRC_calculateMemoryRange32), (52 bytes).
    Removing dl_crc.o(.ARM.exidx.text.DL_CRC_calculateMemoryRange32), (8 bytes).
    Removing dl_crc.o(.text.DL_CRC_calculateBlock16), (156 bytes).
    Removing dl_crc.o(.ARM.exidx.text.DL_CRC_calculateBlock16), (8 bytes).
    Removing dl_crc.o(.text.DL_CRC_calculateMemoryRange16), (104 bytes).
    Removing dl_crc.o(.ARM.exidx.text.DL_CRC_calculateMemoryRange16), (8 bytes).
    Removing dl_common.o(.text), (0 bytes).
    Removing dl_common.o(.ARM.exidx.text.DL_Common_delayCycles), (8 bytes).
    Removing dl_aesadv.o(.text), (0 bytes).
    Removing dl_aes.o(.text), (0 bytes).
    Removing dl_aes.o(.text.DL_AES_setKey), (72 bytes).
    Removing dl_aes.o(.ARM.exidx.text.DL_AES_setKey), (8 bytes).
    Removing dl_aes.o(.text.DL_AES_setKeyAligned), (56 bytes).
    Removing dl_aes.o(.ARM.exidx.text.DL_AES_setKeyAligned), (8 bytes).
    Removing dl_aes.o(.text.DL_AES_loadDataIn), (40 bytes).
    Removing dl_aes.o(.ARM.exidx.text.DL_AES_loadDataIn), (8 bytes).
    Removing dl_aes.o(.text.DL_AES_loadDataInAligned), (24 bytes).
    Removing dl_aes.o(.ARM.exidx.text.DL_AES_loadDataInAligned), (8 bytes).
    Removing dl_aes.o(.text.DL_AES_getDataOut), (36 bytes).
    Removing dl_aes.o(.ARM.exidx.text.DL_AES_getDataOut), (8 bytes).
    Removing dl_aes.o(.text.DL_AES_getDataOutAligned), (24 bytes).
    Removing dl_aes.o(.ARM.exidx.text.DL_AES_getDataOutAligned), (8 bytes).
    Removing dl_aes.o(.text.DL_AES_loadXORDataIn), (40 bytes).
    Removing dl_aes.o(.ARM.exidx.text.DL_AES_loadXORDataIn), (8 bytes).
    Removing dl_aes.o(.text.DL_AES_loadXORDataInAligned), (24 bytes).
    Removing dl_aes.o(.ARM.exidx.text.DL_AES_loadXORDataInAligned), (8 bytes).
    Removing dl_aes.o(.text.DL_AES_loadXORDataInWithoutTrigger), (40 bytes).
    Removing dl_aes.o(.ARM.exidx.text.DL_AES_loadXORDataInWithoutTrigger), (8 bytes).
    Removing dl_aes.o(.text.DL_AES_loadXORDataInWithoutTriggerAligned), (24 bytes).
    Removing dl_aes.o(.ARM.exidx.text.DL_AES_loadXORDataInWithoutTriggerAligned), (8 bytes).
    Removing dl_aes.o(.text.DL_AES_xorData), (52 bytes).
    Removing dl_aes.o(.ARM.exidx.text.DL_AES_xorData), (8 bytes).
    Removing dl_aes.o(.text.DL_AES_xorDataAligned), (36 bytes).
    Removing dl_aes.o(.ARM.exidx.text.DL_AES_xorDataAligned), (8 bytes).
    Removing dl_aes.o(.text.DL_AES_saveConfiguration), (80 bytes).
    Removing dl_aes.o(.ARM.exidx.text.DL_AES_saveConfiguration), (8 bytes).
    Removing dl_aes.o(.text.DL_AES_restoreConfiguration), (84 bytes).
    Removing dl_aes.o(.ARM.exidx.text.DL_AES_restoreConfiguration), (8 bytes).
    Removing dl_adc12.o(.text), (0 bytes).
    Removing dl_adc12.o(.text.DL_ADC12_setClockConfig), (64 bytes).
    Removing dl_adc12.o(.ARM.exidx.text.DL_ADC12_setClockConfig), (8 bytes).
    Removing dl_adc12.o(.text.DL_ADC12_getClockConfig), (40 bytes).
    Removing dl_adc12.o(.ARM.exidx.text.DL_ADC12_getClockConfig), (8 bytes).

729 unused section(s) (total 33376 bytes) removed from the image.

==============================================================================

Image Symbol Table

    Local Symbols

    Symbol Name                              Value     Ov Type        Size  Object(Section)

    ../clib/angel/boardlib.s                 0x00000000   Number         0  boardinit1.o ABSOLUTE
    ../clib/angel/boardlib.s                 0x00000000   Number         0  boardinit2.o ABSOLUTE
    ../clib/angel/boardlib.s                 0x00000000   Number         0  boardinit3.o ABSOLUTE
    ../clib/angel/boardlib.s                 0x00000000   Number         0  boardshut.o ABSOLUTE
    ../clib/angel/handlers.s                 0x00000000   Number         0  __scatter_copy.o ABSOLUTE
    ../clib/angel/handlers.s                 0x00000000   Number         0  __scatter_zi.o ABSOLUTE
    ../clib/angel/kernel.s                   0x00000000   Number         0  __rtentry.o ABSOLUTE
    ../clib/angel/kernel.s                   0x00000000   Number         0  __rtentry2.o ABSOLUTE
    ../clib/angel/kernel.s                   0x00000000   Number         0  __rtentry4.o ABSOLUTE
    ../clib/angel/kernel.s                   0x00000000   Number         0  rtexit.o ABSOLUTE
    ../clib/angel/kernel.s                   0x00000000   Number         0  rtexit2.o ABSOLUTE
    ../clib/angel/rt.s                       0x00000000   Number         0  aeabi_idiv0.o ABSOLUTE
    ../clib/angel/rt.s                       0x00000000   Number         0  aeabi_idiv0_sigfpe.o ABSOLUTE
    ../clib/angel/rt.s                       0x00000000   Number         0  rt_div0.o ABSOLUTE
    ../clib/angel/rt.s                       0x00000000   Number         0  rt_raise.o ABSOLUTE
    ../clib/angel/scatterp.s                 0x00000000   Number         0  __scatter.o ABSOLUTE
    ../clib/angel/startup.s                  0x00000000   Number         0  __main.o ABSOLUTE
    ../clib/angel/sys.s                      0x00000000   Number         0  sys_stackheap_outer.o ABSOLUTE
    ../clib/angel/sys.s                      0x00000000   Number         0  libspace.o ABSOLUTE
    ../clib/angel/sys.s                      0x00000000   Number         0  tempstk.o ABSOLUTE
    ../clib/angel/sys.s                      0x00000000   Number         0  use_no_semi.o ABSOLUTE
    ../clib/angel/sys.s                      0x00000000   Number         0  indicate_semi.o ABSOLUTE
    ../clib/angel/sysapp.c                   0x00000000   Number         0  sys_wrch.o ABSOLUTE
    ../clib/angel/sysapp.c                   0x00000000   Number         0  sys_wrch_hlt.o ABSOLUTE
    ../clib/angel/sysapp.c                   0x00000000   Number         0  sys_command.o ABSOLUTE
    ../clib/angel/sysapp.c                   0x00000000   Number         0  sys_command_hlt.o ABSOLUTE
    ../clib/armsys.c                         0x00000000   Number         0  argv_veneer.o ABSOLUTE
    ../clib/armsys.c                         0x00000000   Number         0  _get_argv_nomalloc.o ABSOLUTE
    ../clib/armsys.c                         0x00000000   Number         0  no_argv.o ABSOLUTE
    ../clib/division.s                       0x00000000   Number         0  aeabi_sdivfast.o ABSOLUTE
    ../clib/division.s                       0x00000000   Number         0  aeabi_sdivfast_div0.o ABSOLUTE
    ../clib/heapalloc.c                      0x00000000   Number         0  hrguard.o ABSOLUTE
    ../clib/heapaux.c                        0x00000000   Number         0  heapauxi.o ABSOLUTE
    ../clib/libinit.s                        0x00000000   Number         0  libinit.o ABSOLUTE
    ../clib/libinit.s                        0x00000000   Number         0  libinit2.o ABSOLUTE
    ../clib/libinit.s                        0x00000000   Number         0  libshutdown.o ABSOLUTE
    ../clib/libinit.s                        0x00000000   Number         0  libshutdown2.o ABSOLUTE
    ../clib/memcpset.c                       0x00000000   Number         0  rt_memcpy.o ABSOLUTE
    ../clib/memcpset.c                       0x00000000   Number         0  rt_memcpy.o ABSOLUTE
    ../clib/signal.c                         0x00000000   Number         0  defsig_fpe_outer.o ABSOLUTE
    ../clib/signal.c                         0x00000000   Number         0  defsig_fpe_formal.o ABSOLUTE
    ../clib/signal.c                         0x00000000   Number         0  defsig_exit.o ABSOLUTE
    ../clib/signal.c                         0x00000000   Number         0  defsig_fpe_inner.o ABSOLUTE
    ../clib/signal.c                         0x00000000   Number         0  __raise.o ABSOLUTE
    ../clib/signal.c                         0x00000000   Number         0  defsig_general.o ABSOLUTE
    ../clib/signal.c                         0x00000000   Number         0  defsig_abrt_inner.o ABSOLUTE
    ../clib/signal.c                         0x00000000   Number         0  defsig_rtred_inner.o ABSOLUTE
    ../clib/signal.c                         0x00000000   Number         0  defsig_rtmem_inner.o ABSOLUTE
    ../clib/signal.c                         0x00000000   Number         0  defsig_rtmem_outer.o ABSOLUTE
    ../clib/signal.c                         0x00000000   Number         0  defsig_rtmem_formal.o ABSOLUTE
    ../clib/signal.c                         0x00000000   Number         0  defsig_stak_inner.o ABSOLUTE
    ../clib/signal.c                         0x00000000   Number         0  defsig_pvfn_inner.o ABSOLUTE
    ../clib/signal.c                         0x00000000   Number         0  defsig_cppl_inner.o ABSOLUTE
    ../clib/signal.c                         0x00000000   Number         0  defsig_segv_inner.o ABSOLUTE
    ../clib/signal.c                         0x00000000   Number         0  defsig_other.o ABSOLUTE
    ../clib/signal.s                         0x00000000   Number         0  defsig.o ABSOLUTE
    ../clib/stdio.c                          0x00000000   Number         0  puts.o ABSOLUTE
    ../clib/stdlib.c                         0x00000000   Number         0  exit.o ABSOLUTE
    ../fplib/cfplib/ffix.c                   0x00000000   Number         0  ffixi.o ABSOLUTE
    ../fplib/cfplib/fpinit.c                 0x00000000   Number         0  fpinit.o ABSOLUTE
    ../fplib/fmul6m.s                        0x00000000   Number         0  fmul.o ABSOLUTE
    ../fplib/usenofp.s                       0x00000000   Number         0  usenofp.o ABSOLUTE
    board.c                                  0x00000000   Number         0  board.o ABSOLUTE
    dc.s                                     0x00000000   Number         0  dc.o ABSOLUTE
    dl_adc12.c                               0x00000000   Number         0  dl_adc12.o ABSOLUTE
    dl_aes.c                                 0x00000000   Number         0  dl_aes.o ABSOLUTE
    dl_aesadv.c                              0x00000000   Number         0  dl_aesadv.o ABSOLUTE
    dl_common.c                              0x00000000   Number         0  dl_common.o ABSOLUTE
    dl_crc.c                                 0x00000000   Number         0  dl_crc.o ABSOLUTE
    dl_crcp.c                                0x00000000   Number         0  dl_crcp.o ABSOLUTE
    dl_dac12.c                               0x00000000   Number         0  dl_dac12.o ABSOLUTE
    dl_dma.c                                 0x00000000   Number         0  dl_dma.o ABSOLUTE
    dl_flashctl.c                            0x00000000   Number         0  dl_flashctl.o ABSOLUTE
    dl_i2c.c                                 0x00000000   Number         0  dl_i2c.o ABSOLUTE
    dl_keystorectl.c                         0x00000000   Number         0  dl_keystorectl.o ABSOLUTE
    dl_lcd.c                                 0x00000000   Number         0  dl_lcd.o ABSOLUTE
    dl_lfss.c                                0x00000000   Number         0  dl_lfss.o ABSOLUTE
    dl_mathacl.c                             0x00000000   Number         0  dl_mathacl.o ABSOLUTE
    dl_mcan.c                                0x00000000   Number         0  dl_mcan.o ABSOLUTE
    dl_opa.c                                 0x00000000   Number         0  dl_opa.o ABSOLUTE
    dl_rtc_common.c                          0x00000000   Number         0  dl_rtc_common.o ABSOLUTE
    dl_spi.c                                 0x00000000   Number         0  dl_spi.o ABSOLUTE
    dl_timer.c                               0x00000000   Number         0  dl_timer.o ABSOLUTE
    dl_trng.c                                0x00000000   Number         0  dl_trng.o ABSOLUTE
    dl_uart.c                                0x00000000   Number         0  dl_uart.o ABSOLUTE
    dl_vref.c                                0x00000000   Number         0  dl_vref.o ABSOLUTE
    lcd.c                                    0x00000000   Number         0  lcd.o ABSOLUTE
    lcd_init.c                               0x00000000   Number         0  lcd_init.o ABSOLUTE
    led.c                                    0x00000000   Number         0  led.o ABSOLUTE
    main.c                                   0x00000000   Number         0  main.o ABSOLUTE
    motor.c                                  0x00000000   Number         0  motor.o ABSOLUTE
    startup_mspm0g350x_uvision.s             0x00000000   Number         0  startup_mspm0g350x_uvision.o ABSOLUTE
    ti_msp_dl_config.c                       0x00000000   Number         0  ti_msp_dl_config.o ABSOLUTE
    voice.c                                  0x00000000   Number         0  voice.o ABSOLUTE
    zk.c                                     0x00000000   Number         0  zk.o ABSOLUTE
    RESET                                    0x00000000   Section      192  startup_mspm0g350x_uvision.o(RESET)
    !!!main                                  0x000000c0   Section        8  __main.o(!!!main)
    !!!scatter                               0x000000c8   Section       84  __scatter.o(!!!scatter)
    !!handler_copy                           0x00000120   Section       26  __scatter_copy.o(!!handler_copy)
    !!handler_null                           0x00000140   Section        2  __scatter.o(!!handler_null)
    !!handler_zi                             0x00000148   Section       28  __scatter_zi.o(!!handler_zi)
    .ARM.Collect$$libinit$$00000000          0x00000164   Section        2  libinit.o(.ARM.Collect$$libinit$$00000000)
    .ARM.Collect$$libinit$$00000002          0x00000166   Section        0  libinit2.o(.ARM.Collect$$libinit$$00000002)
    .ARM.Collect$$libinit$$00000004          0x00000166   Section        0  libinit2.o(.ARM.Collect$$libinit$$00000004)
    .ARM.Collect$$libinit$$00000006          0x00000166   Section        0  libinit2.o(.ARM.Collect$$libinit$$00000006)
    .ARM.Collect$$libinit$$0000000C          0x00000166   Section        0  libinit2.o(.ARM.Collect$$libinit$$0000000C)
    .ARM.Collect$$libinit$$0000000E          0x00000166   Section        0  libinit2.o(.ARM.Collect$$libinit$$0000000E)
    .ARM.Collect$$libinit$$00000010          0x00000166   Section        0  libinit2.o(.ARM.Collect$$libinit$$00000010)
    .ARM.Collect$$libinit$$00000013          0x00000166   Section        0  libinit2.o(.ARM.Collect$$libinit$$00000013)
    .ARM.Collect$$libinit$$00000015          0x00000166   Section        0  libinit2.o(.ARM.Collect$$libinit$$00000015)
    .ARM.Collect$$libinit$$00000017          0x00000166   Section        0  libinit2.o(.ARM.Collect$$libinit$$00000017)
    .ARM.Collect$$libinit$$00000019          0x00000166   Section        0  libinit2.o(.ARM.Collect$$libinit$$00000019)
    .ARM.Collect$$libinit$$0000001B          0x00000166   Section        0  libinit2.o(.ARM.Collect$$libinit$$0000001B)
    .ARM.Collect$$libinit$$0000001D          0x00000166   Section        0  libinit2.o(.ARM.Collect$$libinit$$0000001D)
    .ARM.Collect$$libinit$$0000001F          0x00000166   Section        0  libinit2.o(.ARM.Collect$$libinit$$0000001F)
    .ARM.Collect$$libinit$$00000021          0x00000166   Section        0  libinit2.o(.ARM.Collect$$libinit$$00000021)
    .ARM.Collect$$libinit$$00000023          0x00000166   Section        0  libinit2.o(.ARM.Collect$$libinit$$00000023)
    .ARM.Collect$$libinit$$00000025          0x00000166   Section        0  libinit2.o(.ARM.Collect$$libinit$$00000025)
    .ARM.Collect$$libinit$$00000027          0x00000166   Section        0  libinit2.o(.ARM.Collect$$libinit$$00000027)
    .ARM.Collect$$libinit$$0000002E          0x00000166   Section        0  libinit2.o(.ARM.Collect$$libinit$$0000002E)
    .ARM.Collect$$libinit$$00000030          0x00000166   Section        0  libinit2.o(.ARM.Collect$$libinit$$00000030)
    .ARM.Collect$$libinit$$00000032          0x00000166   Section        0  libinit2.o(.ARM.Collect$$libinit$$00000032)
    .ARM.Collect$$libinit$$00000034          0x00000166   Section        0  libinit2.o(.ARM.Collect$$libinit$$00000034)
    .ARM.Collect$$libinit$$00000035          0x00000166   Section        2  libinit2.o(.ARM.Collect$$libinit$$00000035)
    .ARM.Collect$$libshutdown$$00000000      0x00000168   Section        2  libshutdown.o(.ARM.Collect$$libshutdown$$00000000)
    .ARM.Collect$$libshutdown$$00000002      0x0000016a   Section        0  libshutdown2.o(.ARM.Collect$$libshutdown$$00000002)
    .ARM.Collect$$libshutdown$$00000004      0x0000016a   Section        0  libshutdown2.o(.ARM.Collect$$libshutdown$$00000004)
    .ARM.Collect$$libshutdown$$00000007      0x0000016a   Section        0  libshutdown2.o(.ARM.Collect$$libshutdown$$00000007)
    .ARM.Collect$$libshutdown$$0000000A      0x0000016a   Section        0  libshutdown2.o(.ARM.Collect$$libshutdown$$0000000A)
    .ARM.Collect$$libshutdown$$0000000C      0x0000016a   Section        0  libshutdown2.o(.ARM.Collect$$libshutdown$$0000000C)
    .ARM.Collect$$libshutdown$$0000000F      0x0000016a   Section        0  libshutdown2.o(.ARM.Collect$$libshutdown$$0000000F)
    .ARM.Collect$$libshutdown$$00000010      0x0000016a   Section        2  libshutdown2.o(.ARM.Collect$$libshutdown$$00000010)
    .ARM.Collect$$rtentry$$00000000          0x0000016c   Section        0  __rtentry.o(.ARM.Collect$$rtentry$$00000000)
    .ARM.Collect$$rtentry$$00000002          0x0000016c   Section        0  __rtentry2.o(.ARM.Collect$$rtentry$$00000002)
    .ARM.Collect$$rtentry$$00000004          0x0000016c   Section        6  __rtentry4.o(.ARM.Collect$$rtentry$$00000004)
    .ARM.Collect$$rtentry$$00000009          0x00000172   Section        0  __rtentry2.o(.ARM.Collect$$rtentry$$00000009)
    .ARM.Collect$$rtentry$$0000000A          0x00000172   Section        4  __rtentry2.o(.ARM.Collect$$rtentry$$0000000A)
    .ARM.Collect$$rtentry$$0000000C          0x00000176   Section        0  __rtentry2.o(.ARM.Collect$$rtentry$$0000000C)
    .ARM.Collect$$rtentry$$0000000D          0x00000176   Section        8  __rtentry2.o(.ARM.Collect$$rtentry$$0000000D)
    .ARM.Collect$$rtexit$$00000000           0x0000017e   Section        2  rtexit.o(.ARM.Collect$$rtexit$$00000000)
    .ARM.Collect$$rtexit$$00000002           0x00000180   Section        0  rtexit2.o(.ARM.Collect$$rtexit$$00000002)
    .ARM.Collect$$rtexit$$00000003           0x00000180   Section        4  rtexit2.o(.ARM.Collect$$rtexit$$00000003)
    .ARM.Collect$$rtexit$$00000004           0x00000184   Section        6  rtexit2.o(.ARM.Collect$$rtexit$$00000004)
    .emb_text                                0x0000018c   Section       56  rt_memcpy.o(.emb_text)
    .text                                    0x000001c4   Section       44  startup_mspm0g350x_uvision.o(.text)
    .text                                    0x000001f0   Section        0  puts.o(.text)
    .text                                    0x0000021c   Section        0  rt_memcpy.o(.text)
    .text                                    0x0000029e   Section        0  heapauxi.o(.text)
    .text                                    0x000002a4   Section       62  sys_stackheap_outer.o(.text)
    .text                                    0x000002e2   Section        0  exit.o(.text)
    .text                                    0x000002f4   Section        8  libspace.o(.text)
    [Anonymous Symbol]                       0x000002fc   Section        0  dl_common.o(.text.DL_Common_delayCycles)
    [Anonymous Symbol]                       0x00000306   Section        0  dl_i2c.o(.text.DL_I2C_fillControllerTXFIFO)
    [Anonymous Symbol]                       0x00000388   Section        0  dl_i2c.o(.text.DL_I2C_flushControllerRXFIFO)
    [Anonymous Symbol]                       0x000003b8   Section        0  dl_i2c.o(.text.DL_I2C_flushControllerTXFIFO)
    __arm_cp.3_0                             0x000003f8   Number         4  dl_i2c.o(.text.DL_I2C_flushControllerTXFIFO)
    [Anonymous Symbol]                       0x000003fc   Section        0  dl_i2c.o(.text.DL_I2C_setClockConfig)
    [Anonymous Symbol]                       0x00000424   Section        0  dl_timer.o(.text.DL_TimerA_initPWMMode)
    __arm_cp.31_0                            0x0000049c   Number         4  dl_timer.o(.text.DL_TimerA_initPWMMode)
    __arm_cp.31_1                            0x000004a0   Number         4  dl_timer.o(.text.DL_TimerA_initPWMMode)
    __arm_cp.31_2                            0x000004a4   Number         4  dl_timer.o(.text.DL_TimerA_initPWMMode)
    [Anonymous Symbol]                       0x000004a8   Section        0  dl_timer.o(.text.DL_Timer_initPWMMode)
    __arm_cp.11_0                            0x00000564   Number         4  dl_timer.o(.text.DL_Timer_initPWMMode)
    __arm_cp.11_1                            0x00000568   Number         4  dl_timer.o(.text.DL_Timer_initPWMMode)
    __arm_cp.11_4                            0x0000056c   Number         4  dl_timer.o(.text.DL_Timer_initPWMMode)
    __arm_cp.11_5                            0x00000570   Number         4  dl_timer.o(.text.DL_Timer_initPWMMode)
    __arm_cp.11_6                            0x00000574   Number         4  dl_timer.o(.text.DL_Timer_initPWMMode)
    __arm_cp.11_7                            0x00000578   Number         4  dl_timer.o(.text.DL_Timer_initPWMMode)
    __arm_cp.11_8                            0x0000057c   Number         4  dl_timer.o(.text.DL_Timer_initPWMMode)
    __arm_cp.11_9                            0x00000580   Number         4  dl_timer.o(.text.DL_Timer_initPWMMode)
    [Anonymous Symbol]                       0x00000584   Section        0  dl_timer.o(.text.DL_Timer_setCaptCompUpdateMethod)
    __arm_cp.18_0                            0x0000059c   Number         4  dl_timer.o(.text.DL_Timer_setCaptCompUpdateMethod)
    [Anonymous Symbol]                       0x000005a0   Section        0  dl_timer.o(.text.DL_Timer_setCaptureCompareOutCtl)
    __arm_cp.13_0                            0x000005b4   Number         4  dl_timer.o(.text.DL_Timer_setCaptureCompareOutCtl)
    [Anonymous Symbol]                       0x000005b8   Section        0  dl_timer.o(.text.DL_Timer_setCaptureCompareValue)
    __arm_cp.3_0                             0x000005c4   Number         4  dl_timer.o(.text.DL_Timer_setCaptureCompareValue)
    [Anonymous Symbol]                       0x000005c8   Section        0  dl_timer.o(.text.DL_Timer_setClockConfig)
    __arm_cp.0_0                             0x000005e0   Number         4  dl_timer.o(.text.DL_Timer_setClockConfig)
    [Anonymous Symbol]                       0x000005e4   Section        0  dl_uart.o(.text.DL_UART_init)
    __arm_cp.0_0                             0x00000624   Number         4  dl_uart.o(.text.DL_UART_init)
    __arm_cp.0_1                             0x00000628   Number         4  dl_uart.o(.text.DL_UART_init)
    [Anonymous Symbol]                       0x0000062c   Section        0  dl_uart.o(.text.DL_UART_setClockConfig)
    [Anonymous Symbol]                       0x0000063e   Section        0  lcd.o(.text.Draw_Circle)
    [Anonymous Symbol]                       0x00000748   Section        0  main.o(.text.ExecuteVoiceCommand)
    __arm_cp.0_1                             0x0000084c   Number         4  main.o(.text.ExecuteVoiceCommand)
    __arm_cp.0_2                             0x00000850   Number         4  main.o(.text.ExecuteVoiceCommand)
    __arm_cp.0_3                             0x00000854   Number         4  main.o(.text.ExecuteVoiceCommand)
    [Anonymous Symbol]                       0x000008c0   Section        0  lcd_init.o(.text.LCD_Address_Set)
    __arm_cp.5_0                             0x000009ac   Number         4  lcd_init.o(.text.LCD_Address_Set)
    [Anonymous Symbol]                       0x000009b0   Section        0  lcd.o(.text.LCD_DrawEmoji)
    __arm_cp.17_1                            0x00000e4c   Number         4  lcd.o(.text.LCD_DrawEmoji)
    [Anonymous Symbol]                       0x00001324   Section        0  lcd.o(.text.LCD_DrawEmoji_O_O)
    __arm_cp.18_0                            0x000013a8   Number         4  lcd.o(.text.LCD_DrawEmoji_O_O)
    [Anonymous Symbol]                       0x000013ac   Section        0  lcd.o(.text.LCD_DrawEmoji_Owlt)
    __arm_cp.20_1                            0x000017c8   Number         4  lcd.o(.text.LCD_DrawEmoji_Owlt)
    [Anonymous Symbol]                       0x00001cec   Section        0  lcd.o(.text.LCD_DrawEmoji_dashwdash)
    __arm_cp.22_1                            0x00002194   Number         4  lcd.o(.text.LCD_DrawEmoji_dashwdash)
    [Anonymous Symbol]                       0x00002654   Section        0  lcd.o(.text.LCD_DrawEmoji_gtwO)
    __arm_cp.21_1                            0x00002a38   Number         4  lcd.o(.text.LCD_DrawEmoji_gtwO)
    [Anonymous Symbol]                       0x00002fa8   Section        0  lcd.o(.text.LCD_DrawEmoji_gtwlt)
    __arm_cp.19_1                            0x00003430   Number         4  lcd.o(.text.LCD_DrawEmoji_gtwlt)
    [Anonymous Symbol]                       0x00003a64   Section        0  lcd.o(.text.LCD_DrawRectangle)
    [Anonymous Symbol]                       0x00003b8c   Section        0  lcd.o(.text.LCD_DrawWelcome)
    __arm_cp.16_6                            0x00003ec8   Number         4  lcd.o(.text.LCD_DrawWelcome)
    __arm_cp.16_1                            0x000040d8   Number         4  lcd.o(.text.LCD_DrawWelcome)
    __arm_cp.16_4                            0x000040e4   Number         4  lcd.o(.text.LCD_DrawWelcome)
    [Anonymous Symbol]                       0x000040f0   Section        0  lcd.o(.text.LCD_Fill)
    [Anonymous Symbol]                       0x0000413c   Section        0  lcd_init.o(.text.LCD_Init)
    __arm_cp.6_1                             0x00004538   Number         4  lcd_init.o(.text.LCD_Init)
    [Anonymous Symbol]                       0x00004dfc   Section        0  lcd_init.o(.text.LCD_WR_DATA)
    [Anonymous Symbol]                       0x00004efc   Section        0  led.o(.text.LED_Flash)
    __arm_cp.4_0                             0x00004f24   Number         4  led.o(.text.LED_Flash)
    [Anonymous Symbol]                       0x00004f28   Section        0  led.o(.text.LED_Init)
    [Anonymous Symbol]                       0x00004f34   Section        0  led.o(.text.LED_Off)
    __arm_cp.2_0                             0x00004f40   Number         4  led.o(.text.LED_Off)
    [Anonymous Symbol]                       0x00004f44   Section        0  led.o(.text.LED_On)
    __arm_cp.1_0                             0x00004f50   Number         4  led.o(.text.LED_On)
    [Anonymous Symbol]                       0x00004f54   Section        0  ti_msp_dl_config.o(.text.SYSCFG_DL_GPIO_init)
    __arm_cp.2_0                             0x00004fe4   Number         4  ti_msp_dl_config.o(.text.SYSCFG_DL_GPIO_init)
    __arm_cp.2_1                             0x00004fe8   Number         4  ti_msp_dl_config.o(.text.SYSCFG_DL_GPIO_init)
    __arm_cp.2_2                             0x00004fec   Number         4  ti_msp_dl_config.o(.text.SYSCFG_DL_GPIO_init)
    __arm_cp.2_3                             0x00004ff0   Number         4  ti_msp_dl_config.o(.text.SYSCFG_DL_GPIO_init)
    __arm_cp.2_4                             0x00004ff4   Number         4  ti_msp_dl_config.o(.text.SYSCFG_DL_GPIO_init)
    __arm_cp.2_5                             0x00004ff8   Number         4  ti_msp_dl_config.o(.text.SYSCFG_DL_GPIO_init)
    __arm_cp.2_6                             0x00004ffc   Number         4  ti_msp_dl_config.o(.text.SYSCFG_DL_GPIO_init)
    [Anonymous Symbol]                       0x00005000   Section        0  ti_msp_dl_config.o(.text.SYSCFG_DL_I2C_0_init)
    __arm_cp.6_0                             0x00005048   Number         4  ti_msp_dl_config.o(.text.SYSCFG_DL_I2C_0_init)
    __arm_cp.6_1                             0x0000504c   Number         4  ti_msp_dl_config.o(.text.SYSCFG_DL_I2C_0_init)
    __arm_cp.6_2                             0x00005050   Number         4  ti_msp_dl_config.o(.text.SYSCFG_DL_I2C_0_init)
    [Anonymous Symbol]                       0x00005054   Section        0  ti_msp_dl_config.o(.text.SYSCFG_DL_PWM_MOTOR1_init)
    __arm_cp.5_0                             0x0000509c   Number         4  ti_msp_dl_config.o(.text.SYSCFG_DL_PWM_MOTOR1_init)
    __arm_cp.5_1                             0x000050a0   Number         4  ti_msp_dl_config.o(.text.SYSCFG_DL_PWM_MOTOR1_init)
    __arm_cp.5_2                             0x000050a4   Number         4  ti_msp_dl_config.o(.text.SYSCFG_DL_PWM_MOTOR1_init)
    __arm_cp.5_3                             0x000050a8   Number         4  ti_msp_dl_config.o(.text.SYSCFG_DL_PWM_MOTOR1_init)
    __arm_cp.5_4                             0x000050ac   Number         4  ti_msp_dl_config.o(.text.SYSCFG_DL_PWM_MOTOR1_init)
    [Anonymous Symbol]                       0x000050b0   Section        0  ti_msp_dl_config.o(.text.SYSCFG_DL_PWM_MOTOR2_init)
    __arm_cp.4_0                             0x00005164   Number         4  ti_msp_dl_config.o(.text.SYSCFG_DL_PWM_MOTOR2_init)
    __arm_cp.4_1                             0x00005168   Number         4  ti_msp_dl_config.o(.text.SYSCFG_DL_PWM_MOTOR2_init)
    __arm_cp.4_2                             0x0000516c   Number         4  ti_msp_dl_config.o(.text.SYSCFG_DL_PWM_MOTOR2_init)
    __arm_cp.4_3                             0x00005170   Number         4  ti_msp_dl_config.o(.text.SYSCFG_DL_PWM_MOTOR2_init)
    __arm_cp.4_4                             0x00005174   Number         4  ti_msp_dl_config.o(.text.SYSCFG_DL_PWM_MOTOR2_init)
    [Anonymous Symbol]                       0x00005178   Section        0  ti_msp_dl_config.o(.text.SYSCFG_DL_SYSCTL_init)
    __arm_cp.3_0                             0x000051ac   Number         4  ti_msp_dl_config.o(.text.SYSCFG_DL_SYSCTL_init)
    __arm_cp.3_1                             0x000051b0   Number         4  ti_msp_dl_config.o(.text.SYSCFG_DL_SYSCTL_init)
    [Anonymous Symbol]                       0x000051b4   Section        0  ti_msp_dl_config.o(.text.SYSCFG_DL_SYSTICK_init)
    __arm_cp.8_0                             0x000051cc   Number         4  ti_msp_dl_config.o(.text.SYSCFG_DL_SYSTICK_init)
    [Anonymous Symbol]                       0x000051d0   Section        0  ti_msp_dl_config.o(.text.SYSCFG_DL_UART_0_init)
    __arm_cp.7_0                             0x00005224   Number         4  ti_msp_dl_config.o(.text.SYSCFG_DL_UART_0_init)
    __arm_cp.7_1                             0x00005228   Number         4  ti_msp_dl_config.o(.text.SYSCFG_DL_UART_0_init)
    __arm_cp.7_2                             0x0000522c   Number         4  ti_msp_dl_config.o(.text.SYSCFG_DL_UART_0_init)
    __arm_cp.7_3                             0x00005230   Number         4  ti_msp_dl_config.o(.text.SYSCFG_DL_UART_0_init)
    __arm_cp.7_4                             0x00005234   Number         4  ti_msp_dl_config.o(.text.SYSCFG_DL_UART_0_init)
    __arm_cp.7_5                             0x00005238   Number         4  ti_msp_dl_config.o(.text.SYSCFG_DL_UART_0_init)
    [Anonymous Symbol]                       0x0000523c   Section        0  ti_msp_dl_config.o(.text.SYSCFG_DL_init)
    __arm_cp.0_0                             0x00005268   Number         4  ti_msp_dl_config.o(.text.SYSCFG_DL_init)
    [Anonymous Symbol]                       0x0000526c   Section        0  ti_msp_dl_config.o(.text.SYSCFG_DL_initPower)
    __arm_cp.1_0                             0x000052a0   Number         4  ti_msp_dl_config.o(.text.SYSCFG_DL_initPower)
    __arm_cp.1_1                             0x000052a4   Number         4  ti_msp_dl_config.o(.text.SYSCFG_DL_initPower)
    __arm_cp.1_2                             0x000052a8   Number         4  ti_msp_dl_config.o(.text.SYSCFG_DL_initPower)
    __arm_cp.1_3                             0x000052ac   Number         4  ti_msp_dl_config.o(.text.SYSCFG_DL_initPower)
    __arm_cp.1_4                             0x000052b0   Number         4  ti_msp_dl_config.o(.text.SYSCFG_DL_initPower)
    __arm_cp.1_5                             0x000052b4   Number         4  ti_msp_dl_config.o(.text.SYSCFG_DL_initPower)
    __arm_cp.1_6                             0x000052b8   Number         4  ti_msp_dl_config.o(.text.SYSCFG_DL_initPower)
    __arm_cp.1_7                             0x000052bc   Number         4  ti_msp_dl_config.o(.text.SYSCFG_DL_initPower)
    [Anonymous Symbol]                       0x000052c0   Section        0  board.o(.text.UART0_IRQHandler)
    __arm_cp.9_0                             0x0000530c   Number         4  board.o(.text.UART0_IRQHandler)
    __arm_cp.9_2                             0x00005310   Number         4  board.o(.text.UART0_IRQHandler)
    __arm_cp.9_3                             0x00005314   Number         4  board.o(.text.UART0_IRQHandler)
    __arm_cp.9_4                             0x00005318   Number         4  board.o(.text.UART0_IRQHandler)
    Voice_I2C_PrintStatus                    0x0000531d   Thumb Code  1394  voice.o(.text.Voice_I2C_PrintStatus)
    [Anonymous Symbol]                       0x0000531c   Section        0  voice.o(.text.Voice_I2C_PrintStatus)
    __arm_cp.9_2                             0x00005324   Number         4  voice.o(.text.Voice_I2C_PrintStatus)
    __arm_cp.9_3                             0x0000578c   Number         4  voice.o(.text.Voice_I2C_PrintStatus)
    Voice_I2C_ReadReg                        0x00005891   Thumb Code   992  voice.o(.text.Voice_I2C_ReadReg)
    [Anonymous Symbol]                       0x00005890   Section        0  voice.o(.text.Voice_I2C_ReadReg)
    __arm_cp.4_0                             0x00005c70   Number         4  voice.o(.text.Voice_I2C_ReadReg)
    __arm_cp.4_1                             0x00005c74   Number         4  voice.o(.text.Voice_I2C_ReadReg)
    __arm_cp.4_2                             0x00005c78   Number         4  voice.o(.text.Voice_I2C_ReadReg)
    __arm_cp.4_3                             0x00005c7c   Number         4  voice.o(.text.Voice_I2C_ReadReg)
    __arm_cp.4_4                             0x00005c80   Number         4  voice.o(.text.Voice_I2C_ReadReg)
    __arm_cp.4_5                             0x00005c84   Number         4  voice.o(.text.Voice_I2C_ReadReg)
    __arm_cp.4_9                             0x00005ca4   Number         4  voice.o(.text.Voice_I2C_ReadReg)
    __arm_cp.4_10                            0x00005ca8   Number         4  voice.o(.text.Voice_I2C_ReadReg)
    Voice_I2C_WaitTransferDone               0x00005cad   Thumb Code   868  voice.o(.text.Voice_I2C_WaitTransferDone)
    [Anonymous Symbol]                       0x00005cac   Section        0  voice.o(.text.Voice_I2C_WaitTransferDone)
    __arm_cp.8_0                             0x00006010   Number         4  voice.o(.text.Voice_I2C_WaitTransferDone)
    __arm_cp.8_1                             0x00006014   Number         4  voice.o(.text.Voice_I2C_WaitTransferDone)
    __arm_cp.8_2                             0x00006018   Number         4  voice.o(.text.Voice_I2C_WaitTransferDone)
    __arm_cp.8_3                             0x0000601c   Number         4  voice.o(.text.Voice_I2C_WaitTransferDone)
    Voice_I2C_WriteReg                       0x00006021   Thumb Code   476  voice.o(.text.Voice_I2C_WriteReg)
    [Anonymous Symbol]                       0x00006020   Section        0  voice.o(.text.Voice_I2C_WriteReg)
    __arm_cp.1_0                             0x000061fc   Number         4  voice.o(.text.Voice_I2C_WriteReg)
    __arm_cp.1_1                             0x00006200   Number         4  voice.o(.text.Voice_I2C_WriteReg)
    __arm_cp.1_2                             0x00006204   Number         4  voice.o(.text.Voice_I2C_WriteReg)
    __arm_cp.1_3                             0x00006208   Number         4  voice.o(.text.Voice_I2C_WriteReg)
    __arm_cp.1_4                             0x0000620c   Number         4  voice.o(.text.Voice_I2C_WriteReg)
    __arm_cp.1_6                             0x00006218   Number         4  voice.o(.text.Voice_I2C_WriteReg)
    __arm_cp.1_7                             0x0000621c   Number         4  voice.o(.text.Voice_I2C_WriteReg)
    [Anonymous Symbol]                       0x00006220   Section        0  voice.o(.text.Voice_Init)
    __arm_cp.2_9                             0x00006614   Number         4  voice.o(.text.Voice_Init)
    __arm_cp.2_1                             0x000066dc   Number         4  voice.o(.text.Voice_Init)
    __arm_cp.2_2                             0x000066e0   Number         4  voice.o(.text.Voice_Init)
    __arm_cp.2_3                             0x000066e4   Number         4  voice.o(.text.Voice_Init)
    __arm_cp.2_4                             0x000066e8   Number         4  voice.o(.text.Voice_Init)
    __arm_cp.2_5                             0x000066ec   Number         4  voice.o(.text.Voice_Init)
    __arm_cp.2_6                             0x000066f0   Number         4  voice.o(.text.Voice_Init)
    __arm_cp.2_8                             0x000066f4   Number         4  voice.o(.text.Voice_Init)
    [Anonymous Symbol]                       0x000066f8   Section        0  voice.o(.text.Voice_ReadCommand)
    __arm_cp.3_0                             0x00006988   Number         4  voice.o(.text.Voice_ReadCommand)
    __arm_cp.3_1                             0x0000698c   Number         4  voice.o(.text.Voice_ReadCommand)
    __arm_cp.3_3                             0x00006990   Number         4  voice.o(.text.Voice_ReadCommand)
    [Anonymous Symbol]                       0x00006994   Section        0  board.o(.text._sys_exit)
    [Anonymous Symbol]                       0x00006998   Section        0  board.o(.text.board_init)
    __arm_cp.0_0                             0x000069b4   Number         4  board.o(.text.board_init)
    __arm_cp.0_1                             0x000069b8   Number         4  board.o(.text.board_init)
    [Anonymous Symbol]                       0x000069e8   Section        0  motor.o(.text.dance)
    __arm_cp.7_0                             0x00006a78   Number         4  motor.o(.text.dance)
    __arm_cp.7_1                             0x00006a7c   Number         4  motor.o(.text.dance)
    __arm_cp.7_2                             0x00006a80   Number         4  motor.o(.text.dance)
    __arm_cp.7_3                             0x00006a84   Number         4  motor.o(.text.dance)
    __arm_cp.7_4                             0x00006a88   Number         4  motor.o(.text.dance)
    __arm_cp.7_5                             0x00006a8c   Number         4  motor.o(.text.dance)
    [Anonymous Symbol]                       0x00006a90   Section        0  board.o(.text.delay_ms)
    __arm_cp.2_0                             0x00006ad4   Number         4  board.o(.text.delay_ms)
    [Anonymous Symbol]                       0x00006ad8   Section        0  board.o(.text.fputc)
    __arm_cp.8_0                             0x00006af8   Number         4  board.o(.text.fputc)
    [Anonymous Symbol]                       0x00006afc   Section        0  main.o(.text.main)
    __arm_cp.1_0                             0x00006d88   Number         4  main.o(.text.main)
    __arm_cp.1_1                             0x00006d8c   Number         4  main.o(.text.main)
    __arm_cp.1_2                             0x00006d90   Number         4  main.o(.text.main)
    __arm_cp.1_3                             0x00006d94   Number         4  main.o(.text.main)
    __arm_cp.1_4                             0x00006d98   Number         4  main.o(.text.main)
    __arm_cp.1_8                             0x00006e14   Number         4  main.o(.text.main)
    __arm_cp.1_9                             0x00006e18   Number         4  main.o(.text.main)
    __arm_cp.1_10                            0x00006e1c   Number         4  main.o(.text.main)
    __arm_cp.1_11                            0x00006e20   Number         4  main.o(.text.main)
    __arm_cp.1_12                            0x00006e24   Number         4  main.o(.text.main)
    __arm_cp.1_13                            0x00006e28   Number         4  main.o(.text.main)
    __arm_cp.1_14                            0x00006e2c   Number         4  main.o(.text.main)
    __arm_cp.1_15                            0x00006e30   Number         4  main.o(.text.main)
    [Anonymous Symbol]                       0x00006e34   Section        0  motor.o(.text.reset_gait)
    __arm_cp.5_0                             0x00006e3c   Number         4  motor.o(.text.reset_gait)
    [Anonymous Symbol]                       0x00006e40   Section        0  motor.o(.text.robot_forward)
    __arm_cp.6_0                             0x00006efc   Number         4  motor.o(.text.robot_forward)
    __arm_cp.6_1                             0x00006f00   Number         4  motor.o(.text.robot_forward)
    __arm_cp.6_2                             0x00006f04   Number         4  motor.o(.text.robot_forward)
    [Anonymous Symbol]                       0x00006f08   Section        0  motor.o(.text.servo_zero)
    [Anonymous Symbol]                       0x00006f40   Section        0  motor.o(.text.sit)
    __arm_cp.3_2                             0x00006f7c   Number         4  motor.o(.text.sit)
    [Anonymous Symbol]                       0x00006f80   Section        0  motor.o(.text.stand)
    __arm_cp.4_0                             0x00006fb8   Number         4  motor.o(.text.stand)
    __arm_cp.4_1                             0x00006fbc   Number         4  motor.o(.text.stand)
    .text_divfast                            0x00006fc0   Section      502  aeabi_sdivfast.o(.text_divfast)
    dance.dance_table                        0x00009b46   Data          16  motor.o(.rodata.cst16)
    [Anonymous Symbol]                       0x00009b46   Section        0  motor.o(.rodata.cst16)
    robot_forward.walk_table                 0x00009b56   Data          32  motor.o(.rodata.cst32)
    [Anonymous Symbol]                       0x00009b56   Section        0  motor.o(.rodata.cst32)
    gI2C_0ClockConfig                        0x00009b76   Data           2  ti_msp_dl_config.o(.rodata.gI2C_0ClockConfig)
    [Anonymous Symbol]                       0x00009b76   Section        0  ti_msp_dl_config.o(.rodata.gI2C_0ClockConfig)
    gPWM_MOTOR1ClockConfig                   0x00009b78   Data           3  ti_msp_dl_config.o(.rodata.gPWM_MOTOR1ClockConfig)
    [Anonymous Symbol]                       0x00009b78   Section        0  ti_msp_dl_config.o(.rodata.gPWM_MOTOR1ClockConfig)
    gPWM_MOTOR1Config                        0x00009b7c   Data           8  ti_msp_dl_config.o(.rodata.gPWM_MOTOR1Config)
    [Anonymous Symbol]                       0x00009b7c   Section        0  ti_msp_dl_config.o(.rodata.gPWM_MOTOR1Config)
    gPWM_MOTOR2ClockConfig                   0x00009b84   Data           3  ti_msp_dl_config.o(.rodata.gPWM_MOTOR2ClockConfig)
    [Anonymous Symbol]                       0x00009b84   Section        0  ti_msp_dl_config.o(.rodata.gPWM_MOTOR2ClockConfig)
    gPWM_MOTOR2Config                        0x00009b88   Data           8  ti_msp_dl_config.o(.rodata.gPWM_MOTOR2Config)
    [Anonymous Symbol]                       0x00009b88   Section        0  ti_msp_dl_config.o(.rodata.gPWM_MOTOR2Config)
    gUART_0ClockConfig                       0x00009b90   Data           2  ti_msp_dl_config.o(.rodata.gUART_0ClockConfig)
    [Anonymous Symbol]                       0x00009b90   Section        0  ti_msp_dl_config.o(.rodata.gUART_0ClockConfig)
    gUART_0Config                            0x00009b92   Data          10  ti_msp_dl_config.o(.rodata.gUART_0Config)
    [Anonymous Symbol]                       0x00009b92   Section        0  ti_msp_dl_config.o(.rodata.gUART_0Config)
    [Anonymous Symbol]                       0x00009b9c   Section        0  main.o(.rodata.str1.1)
    [Anonymous Symbol]                       0x00009c33   Section        0  voice.o(.rodata.str1.1)
    g_voiceAddr                              0x20200000   Data           1  voice.o(.data.g_voiceAddr)
    [Anonymous Symbol]                       0x20200000   Section        0  voice.o(.data.g_voiceAddr)
    main.last_display_cmd                    0x20200001   Data           1  main.o(.data.main.last_display_cmd)
    [Anonymous Symbol]                       0x20200001   Section        0  main.o(.data.main.last_display_cmd)
    .bss                                     0x20200008   Section       96  libspace.o(.bss)
    current_action                           0x202000bc   Data           1  main.o(.bss.current_action)
    [Anonymous Symbol]                       0x202000bc   Section        0  main.o(.bss.current_action)
    current_display_cmd                      0x202000bd   Data           1  main.o(.bss.current_display_cmd)
    [Anonymous Symbol]                       0x202000bd   Section        0  main.o(.bss.current_display_cmd)
    g_voiceReady                             0x2020017c   Data           1  voice.o(.bss.g_voiceReady)
    [Anonymous Symbol]                       0x2020017c   Section        0  voice.o(.bss.g_voiceReady)
    gait_t                                   0x20200180   Data           4  motor.o(.bss.gait_t)
    [Anonymous Symbol]                       0x20200180   Section        0  motor.o(.bss.gait_t)
    main.dance_counter                       0x20200184   Data           2  main.o(.bss.main.dance_counter)
    [Anonymous Symbol]                       0x20200184   Section        0  main.o(.bss.main.dance_counter)
    main.dance_frame                         0x20200186   Data           1  main.o(.bss.main.dance_frame)
    [Anonymous Symbol]                       0x20200186   Section        0  main.o(.bss.main.dance_frame)
    Heap_Mem                                 0x20200210   Data           0  startup_mspm0g350x_uvision.o(HEAP)
    Stack_Mem                                0x20200210   Data         256  startup_mspm0g350x_uvision.o(STACK)
    HEAP                                     0x20200210   Section        0  startup_mspm0g350x_uvision.o(HEAP)
    STACK                                    0x20200210   Section      256  startup_mspm0g350x_uvision.o(STACK)
    __initial_sp                             0x20200310   Data           0  startup_mspm0g350x_uvision.o(STACK)

    Global Symbols

    Symbol Name                              Value     Ov Type        Size  Object(Section)

    BuildAttributes$$THM_ISAv3M$S$PE$A:L22$X:L11$S22$IEEE1$IW$~IW$USESV6$~STKCKD$USESV7$~SHL$OTIME$ROPI$EBA8$UX$STANDARDLIB$REQ8$PRES8$EABIv2 0x00000000   Number         0  anon$$obj.o ABSOLUTE
    __Vectors                                0x00000000   Data           4  startup_mspm0g350x_uvision.o(RESET)
    __ARM_exceptions_init                     - Undefined Weak Reference
    __alloca_initialize                       - Undefined Weak Reference
    __arm_preinit_                            - Undefined Weak Reference
    __arm_relocate_pie_                       - Undefined Weak Reference
    __cpp_initialize__aeabi_                  - Undefined Weak Reference
    __cxa_finalize                            - Undefined Weak Reference
    __rt_locale                               - Undefined Weak Reference
    __sigvec_lookup                           - Undefined Weak Reference
    _atexit_init                              - Undefined Weak Reference
    _call_atexit_fns                          - Undefined Weak Reference
    _clock_init                               - Undefined Weak Reference
    _fp_trap_init                             - Undefined Weak Reference
    _fp_trap_shutdown                         - Undefined Weak Reference
    _get_lc_collate                           - Undefined Weak Reference
    _get_lc_ctype                             - Undefined Weak Reference
    _get_lc_monetary                          - Undefined Weak Reference
    _get_lc_numeric                           - Undefined Weak Reference
    _get_lc_time                              - Undefined Weak Reference
    _getenv_init                              - Undefined Weak Reference
    _handle_redirection                       - Undefined Weak Reference
    _init_alloc                               - Undefined Weak Reference
    _init_user_alloc                          - Undefined Weak Reference
    _initio                                   - Undefined Weak Reference
    _rand_init                                - Undefined Weak Reference
    _signal_finish                            - Undefined Weak Reference
    _signal_init                              - Undefined Weak Reference
    _terminate_alloc                          - Undefined Weak Reference
    _terminate_user_alloc                     - Undefined Weak Reference
    _terminateio                              - Undefined Weak Reference
    __Vectors_End                            0x000000c0   Data           0  startup_mspm0g350x_uvision.o(RESET)
    __Vectors_Size                           0x000000c0   Number         0  startup_mspm0g350x_uvision.o ABSOLUTE
    __main                                   0x000000c1   Thumb Code     8  __main.o(!!!main)
    __scatterload                            0x000000c9   Thumb Code     0  __scatter.o(!!!scatter)
    __scatterload_rt2                        0x000000c9   Thumb Code    74  __scatter.o(!!!scatter)
    __scatterload_rt2_thumb_only             0x000000c9   Thumb Code     0  __scatter.o(!!!scatter)
    __scatterload_loop                       0x000000d3   Thumb Code     0  __scatter.o(!!!scatter)
    __scatterload_copy                       0x00000121   Thumb Code    26  __scatter_copy.o(!!handler_copy)
    __scatterload_null                       0x00000141   Thumb Code     2  __scatter.o(!!handler_null)
    __scatterload_zeroinit                   0x00000149   Thumb Code    28  __scatter_zi.o(!!handler_zi)
    __rt_lib_init                            0x00000165   Thumb Code     0  libinit.o(.ARM.Collect$$libinit$$00000000)
    __rt_lib_init_alloca_1                   0x00000167   Thumb Code     0  libinit2.o(.ARM.Collect$$libinit$$00000030)
    __rt_lib_init_argv_1                     0x00000167   Thumb Code     0  libinit2.o(.ARM.Collect$$libinit$$0000002E)
    __rt_lib_init_atexit_1                   0x00000167   Thumb Code     0  libinit2.o(.ARM.Collect$$libinit$$0000001D)
    __rt_lib_init_clock_1                    0x00000167   Thumb Code     0  libinit2.o(.ARM.Collect$$libinit$$00000023)
    __rt_lib_init_cpp_1                      0x00000167   Thumb Code     0  libinit2.o(.ARM.Collect$$libinit$$00000034)
    __rt_lib_init_exceptions_1               0x00000167   Thumb Code     0  libinit2.o(.ARM.Collect$$libinit$$00000032)
    __rt_lib_init_fp_1                       0x00000167   Thumb Code     0  libinit2.o(.ARM.Collect$$libinit$$00000002)
    __rt_lib_init_fp_trap_1                  0x00000167   Thumb Code     0  libinit2.o(.ARM.Collect$$libinit$$00000021)
    __rt_lib_init_getenv_1                   0x00000167   Thumb Code     0  libinit2.o(.ARM.Collect$$libinit$$00000025)
    __rt_lib_init_heap_1                     0x00000167   Thumb Code     0  libinit2.o(.ARM.Collect$$libinit$$0000000C)
    __rt_lib_init_lc_collate_1               0x00000167   Thumb Code     0  libinit2.o(.ARM.Collect$$libinit$$00000013)
    __rt_lib_init_lc_ctype_1                 0x00000167   Thumb Code     0  libinit2.o(.ARM.Collect$$libinit$$00000015)
    __rt_lib_init_lc_monetary_1              0x00000167   Thumb Code     0  libinit2.o(.ARM.Collect$$libinit$$00000017)
    __rt_lib_init_lc_numeric_1               0x00000167   Thumb Code     0  libinit2.o(.ARM.Collect$$libinit$$00000019)
    __rt_lib_init_lc_time_1                  0x00000167   Thumb Code     0  libinit2.o(.ARM.Collect$$libinit$$0000001B)
    __rt_lib_init_preinit_1                  0x00000167   Thumb Code     0  libinit2.o(.ARM.Collect$$libinit$$00000006)
    __rt_lib_init_rand_1                     0x00000167   Thumb Code     0  libinit2.o(.ARM.Collect$$libinit$$00000010)
    __rt_lib_init_relocate_pie_1             0x00000167   Thumb Code     0  libinit2.o(.ARM.Collect$$libinit$$00000004)
    __rt_lib_init_return                     0x00000167   Thumb Code     0  libinit2.o(.ARM.Collect$$libinit$$00000035)
    __rt_lib_init_signal_1                   0x00000167   Thumb Code     0  libinit2.o(.ARM.Collect$$libinit$$0000001F)
    __rt_lib_init_stdio_1                    0x00000167   Thumb Code     0  libinit2.o(.ARM.Collect$$libinit$$00000027)
    __rt_lib_init_user_alloc_1               0x00000167   Thumb Code     0  libinit2.o(.ARM.Collect$$libinit$$0000000E)
    __rt_lib_shutdown                        0x00000169   Thumb Code     0  libshutdown.o(.ARM.Collect$$libshutdown$$00000000)
    __rt_lib_shutdown_cpp_1                  0x0000016b   Thumb Code     0  libshutdown2.o(.ARM.Collect$$libshutdown$$00000002)
    __rt_lib_shutdown_fp_trap_1              0x0000016b   Thumb Code     0  libshutdown2.o(.ARM.Collect$$libshutdown$$00000007)
    __rt_lib_shutdown_heap_1                 0x0000016b   Thumb Code     0  libshutdown2.o(.ARM.Collect$$libshutdown$$0000000F)
    __rt_lib_shutdown_return                 0x0000016b   Thumb Code     0  libshutdown2.o(.ARM.Collect$$libshutdown$$00000010)
    __rt_lib_shutdown_signal_1               0x0000016b   Thumb Code     0  libshutdown2.o(.ARM.Collect$$libshutdown$$0000000A)
    __rt_lib_shutdown_stdio_1                0x0000016b   Thumb Code     0  libshutdown2.o(.ARM.Collect$$libshutdown$$00000004)
    __rt_lib_shutdown_user_alloc_1           0x0000016b   Thumb Code     0  libshutdown2.o(.ARM.Collect$$libshutdown$$0000000C)
    __rt_entry                               0x0000016d   Thumb Code     0  __rtentry.o(.ARM.Collect$$rtentry$$00000000)
    __rt_entry_presh_1                       0x0000016d   Thumb Code     0  __rtentry2.o(.ARM.Collect$$rtentry$$00000002)
    __rt_entry_sh                            0x0000016d   Thumb Code     0  __rtentry4.o(.ARM.Collect$$rtentry$$00000004)
    __rt_entry_li                            0x00000173   Thumb Code     0  __rtentry2.o(.ARM.Collect$$rtentry$$0000000A)
    __rt_entry_postsh_1                      0x00000173   Thumb Code     0  __rtentry2.o(.ARM.Collect$$rtentry$$00000009)
    __rt_entry_main                          0x00000177   Thumb Code     0  __rtentry2.o(.ARM.Collect$$rtentry$$0000000D)
    __rt_entry_postli_1                      0x00000177   Thumb Code     0  __rtentry2.o(.ARM.Collect$$rtentry$$0000000C)
    __rt_exit                                0x0000017f   Thumb Code     0  rtexit.o(.ARM.Collect$$rtexit$$00000000)
    __rt_exit_ls                             0x00000181   Thumb Code     0  rtexit2.o(.ARM.Collect$$rtexit$$00000003)
    __rt_exit_prels_1                        0x00000181   Thumb Code     0  rtexit2.o(.ARM.Collect$$rtexit$$00000002)
    __rt_exit_exit                           0x00000185   Thumb Code     0  rtexit2.o(.ARM.Collect$$rtexit$$00000004)
    __aeabi_memcpy4                          0x0000018d   Thumb Code    56  rt_memcpy.o(.emb_text)
    __aeabi_memcpy8                          0x0000018d   Thumb Code     0  rt_memcpy.o(.emb_text)
    Reset_Handler                            0x000001c5   Thumb Code     4  startup_mspm0g350x_uvision.o(.text)
    NMI_Handler                              0x000001c9   Thumb Code     2  startup_mspm0g350x_uvision.o(.text)
    HardFault_Handler                        0x000001cb   Thumb Code     2  startup_mspm0g350x_uvision.o(.text)
    SVC_Handler                              0x000001cd   Thumb Code     2  startup_mspm0g350x_uvision.o(.text)
    PendSV_Handler                           0x000001cf   Thumb Code     2  startup_mspm0g350x_uvision.o(.text)
    SysTick_Handler                          0x000001d1   Thumb Code     2  startup_mspm0g350x_uvision.o(.text)
    ADC0_IRQHandler                          0x000001d3   Thumb Code     0  startup_mspm0g350x_uvision.o(.text)
    ADC1_IRQHandler                          0x000001d3   Thumb Code     0  startup_mspm0g350x_uvision.o(.text)
    AES_IRQHandler                           0x000001d3   Thumb Code     0  startup_mspm0g350x_uvision.o(.text)
    CANFD0_IRQHandler                        0x000001d3   Thumb Code     0  startup_mspm0g350x_uvision.o(.text)
    DAC0_IRQHandler                          0x000001d3   Thumb Code     0  startup_mspm0g350x_uvision.o(.text)
    DMA_IRQHandler                           0x000001d3   Thumb Code     0  startup_mspm0g350x_uvision.o(.text)
    Default_Handler                          0x000001d3   Thumb Code     2  startup_mspm0g350x_uvision.o(.text)
    GROUP0_IRQHandler                        0x000001d3   Thumb Code     0  startup_mspm0g350x_uvision.o(.text)
    GROUP1_IRQHandler                        0x000001d3   Thumb Code     0  startup_mspm0g350x_uvision.o(.text)
    I2C0_IRQHandler                          0x000001d3   Thumb Code     0  startup_mspm0g350x_uvision.o(.text)
    I2C1_IRQHandler                          0x000001d3   Thumb Code     0  startup_mspm0g350x_uvision.o(.text)
    RTC_IRQHandler                           0x000001d3   Thumb Code     0  startup_mspm0g350x_uvision.o(.text)
    SPI0_IRQHandler                          0x000001d3   Thumb Code     0  startup_mspm0g350x_uvision.o(.text)
    SPI1_IRQHandler                          0x000001d3   Thumb Code     0  startup_mspm0g350x_uvision.o(.text)
    TIMA0_IRQHandler                         0x000001d3   Thumb Code     0  startup_mspm0g350x_uvision.o(.text)
    TIMA1_IRQHandler                         0x000001d3   Thumb Code     0  startup_mspm0g350x_uvision.o(.text)
    TIMG0_IRQHandler                         0x000001d3   Thumb Code     0  startup_mspm0g350x_uvision.o(.text)
    TIMG12_IRQHandler                        0x000001d3   Thumb Code     0  startup_mspm0g350x_uvision.o(.text)
    TIMG6_IRQHandler                         0x000001d3   Thumb Code     0  startup_mspm0g350x_uvision.o(.text)
    TIMG7_IRQHandler                         0x000001d3   Thumb Code     0  startup_mspm0g350x_uvision.o(.text)
    TIMG8_IRQHandler                         0x000001d3   Thumb Code     0  startup_mspm0g350x_uvision.o(.text)
    UART1_IRQHandler                         0x000001d3   Thumb Code     0  startup_mspm0g350x_uvision.o(.text)
    UART2_IRQHandler                         0x000001d3   Thumb Code     0  startup_mspm0g350x_uvision.o(.text)
    UART3_IRQHandler                         0x000001d3   Thumb Code     0  startup_mspm0g350x_uvision.o(.text)
    __user_initial_stackheap                 0x000001d5   Thumb Code    10  startup_mspm0g350x_uvision.o(.text)
    puts                                     0x000001f1   Thumb Code    38  puts.o(.text)
    __aeabi_memcpy                           0x0000021d   Thumb Code   130  rt_memcpy.o(.text)
    __rt_memcpy                              0x0000021d   Thumb Code     0  rt_memcpy.o(.text)
    __use_two_region_memory                  0x0000029f   Thumb Code     2  heapauxi.o(.text)
    __rt_heap_escrow$2region                 0x000002a1   Thumb Code     2  heapauxi.o(.text)
    __rt_heap_expand$2region                 0x000002a3   Thumb Code     2  heapauxi.o(.text)
    __user_setup_stackheap                   0x000002a5   Thumb Code    62  sys_stackheap_outer.o(.text)
    exit                                     0x000002e3   Thumb Code    16  exit.o(.text)
    __user_libspace                          0x000002f5   Thumb Code     8  libspace.o(.text)
    __user_perproc_libspace                  0x000002f5   Thumb Code     0  libspace.o(.text)
    __user_perthread_libspace                0x000002f5   Thumb Code     0  libspace.o(.text)
    DL_Common_delayCycles                    0x000002fd   Thumb Code    10  dl_common.o(.text.DL_Common_delayCycles)
    DL_I2C_fillControllerTXFIFO              0x00000307   Thumb Code   128  dl_i2c.o(.text.DL_I2C_fillControllerTXFIFO)
    DL_I2C_flushControllerRXFIFO             0x00000389   Thumb Code    48  dl_i2c.o(.text.DL_I2C_flushControllerRXFIFO)
    DL_I2C_flushControllerTXFIFO             0x000003b9   Thumb Code    64  dl_i2c.o(.text.DL_I2C_flushControllerTXFIFO)
    DL_I2C_setClockConfig                    0x000003fd   Thumb Code    38  dl_i2c.o(.text.DL_I2C_setClockConfig)
    DL_TimerA_initPWMMode                    0x00000425   Thumb Code   120  dl_timer.o(.text.DL_TimerA_initPWMMode)
    DL_Timer_initPWMMode                     0x000004a9   Thumb Code   188  dl_timer.o(.text.DL_Timer_initPWMMode)
    DL_Timer_setCaptCompUpdateMethod         0x00000585   Thumb Code    24  dl_timer.o(.text.DL_Timer_setCaptCompUpdateMethod)
    DL_Timer_setCaptureCompareOutCtl         0x000005a1   Thumb Code    20  dl_timer.o(.text.DL_Timer_setCaptureCompareOutCtl)
    DL_Timer_setCaptureCompareValue          0x000005b9   Thumb Code    12  dl_timer.o(.text.DL_Timer_setCaptureCompareValue)
    DL_Timer_setClockConfig                  0x000005c9   Thumb Code    24  dl_timer.o(.text.DL_Timer_setClockConfig)
    DL_UART_init                             0x000005e5   Thumb Code    64  dl_uart.o(.text.DL_UART_init)
    DL_UART_setClockConfig                   0x0000062d   Thumb Code    18  dl_uart.o(.text.DL_UART_setClockConfig)
    Draw_Circle                              0x0000063f   Thumb Code   264  lcd.o(.text.Draw_Circle)
    ExecuteVoiceCommand                      0x00000749   Thumb Code   236  main.o(.text.ExecuteVoiceCommand)
    LCD_Address_Set                          0x000008c1   Thumb Code   236  lcd_init.o(.text.LCD_Address_Set)
    LCD_DrawEmoji                            0x000009b1   Thumb Code  2420  lcd.o(.text.LCD_DrawEmoji)
    LCD_DrawEmoji_O_O                        0x00001325   Thumb Code   132  lcd.o(.text.LCD_DrawEmoji_O_O)
    LCD_DrawEmoji_Owlt                       0x000013ad   Thumb Code  2366  lcd.o(.text.LCD_DrawEmoji_Owlt)
    LCD_DrawEmoji_dashwdash                  0x00001ced   Thumb Code  2406  lcd.o(.text.LCD_DrawEmoji_dashwdash)
    LCD_DrawEmoji_gtwO                       0x00002655   Thumb Code  2386  lcd.o(.text.LCD_DrawEmoji_gtwO)
    LCD_DrawEmoji_gtwlt                      0x00002fa9   Thumb Code  2748  lcd.o(.text.LCD_DrawEmoji_gtwlt)
    LCD_DrawRectangle                        0x00003a65   Thumb Code   296  lcd.o(.text.LCD_DrawRectangle)
    LCD_DrawWelcome                          0x00003b8d   Thumb Code  1356  lcd.o(.text.LCD_DrawWelcome)
    LCD_Fill                                 0x000040f1   Thumb Code    74  lcd.o(.text.LCD_Fill)
    LCD_Init                                 0x0000413d   Thumb Code  3264  lcd_init.o(.text.LCD_Init)
    LCD_WR_DATA                              0x00004dfd   Thumb Code   256  lcd_init.o(.text.LCD_WR_DATA)
    LED_Flash                                0x00004efd   Thumb Code    40  led.o(.text.LED_Flash)
    LED_Init                                 0x00004f29   Thumb Code    12  led.o(.text.LED_Init)
    LED_Off                                  0x00004f35   Thumb Code    12  led.o(.text.LED_Off)
    LED_On                                   0x00004f45   Thumb Code    12  led.o(.text.LED_On)
    SYSCFG_DL_GPIO_init                      0x00004f55   Thumb Code   144  ti_msp_dl_config.o(.text.SYSCFG_DL_GPIO_init)
    SYSCFG_DL_I2C_0_init                     0x00005001   Thumb Code    72  ti_msp_dl_config.o(.text.SYSCFG_DL_I2C_0_init)
    SYSCFG_DL_PWM_MOTOR1_init                0x00005055   Thumb Code    72  ti_msp_dl_config.o(.text.SYSCFG_DL_PWM_MOTOR1_init)
    SYSCFG_DL_PWM_MOTOR2_init                0x000050b1   Thumb Code   180  ti_msp_dl_config.o(.text.SYSCFG_DL_PWM_MOTOR2_init)
    SYSCFG_DL_SYSCTL_init                    0x00005179   Thumb Code    52  ti_msp_dl_config.o(.text.SYSCFG_DL_SYSCTL_init)
    SYSCFG_DL_SYSTICK_init                   0x000051b5   Thumb Code    24  ti_msp_dl_config.o(.text.SYSCFG_DL_SYSTICK_init)
    SYSCFG_DL_UART_0_init                    0x000051d1   Thumb Code    84  ti_msp_dl_config.o(.text.SYSCFG_DL_UART_0_init)
    SYSCFG_DL_init                           0x0000523d   Thumb Code    44  ti_msp_dl_config.o(.text.SYSCFG_DL_init)
    SYSCFG_DL_initPower                      0x0000526d   Thumb Code    52  ti_msp_dl_config.o(.text.SYSCFG_DL_initPower)
    UART0_IRQHandler                         0x000052c1   Thumb Code    76  board.o(.text.UART0_IRQHandler)
    Voice_Init                               0x00006221   Thumb Code  1212  voice.o(.text.Voice_Init)
    Voice_ReadCommand                        0x000066f9   Thumb Code   656  voice.o(.text.Voice_ReadCommand)
    _sys_exit                                0x00006995   Thumb Code     2  board.o(.text._sys_exit)
    board_init                               0x00006999   Thumb Code    28  board.o(.text.board_init)
    dance                                    0x000069e9   Thumb Code   144  motor.o(.text.dance)
    delay_ms                                 0x00006a91   Thumb Code    68  board.o(.text.delay_ms)
    fputc                                    0x00006ad9   Thumb Code    32  board.o(.text.fputc)
    main                                     0x00006afd   Thumb Code   652  main.o(.text.main)
    reset_gait                               0x00006e35   Thumb Code     8  motor.o(.text.reset_gait)
    robot_forward                            0x00006e41   Thumb Code   188  motor.o(.text.robot_forward)
    servo_zero                               0x00006f09   Thumb Code    56  motor.o(.text.servo_zero)
    sit                                      0x00006f41   Thumb Code    60  motor.o(.text.sit)
    stand                                    0x00006f81   Thumb Code    56  motor.o(.text.stand)
    __aeabi_uidiv                            0x00006fc1   Thumb Code    68  aeabi_sdivfast.o(.text_divfast)
    __aeabi_idiv                             0x00007005   Thumb Code   434  aeabi_sdivfast.o(.text_divfast)
    ascii_2412                               0x000071b6   Data        4560  lcd.o(.rodata.ascii_2412)
    ascii_3216                               0x00008386   Data        6080  lcd.o(.rodata.ascii_3216)
    Region$$Table$$Base                      0x00009c88   Number         0  anon$$obj.o(Region$$Table)
    Region$$Table$$Limit                     0x00009ca8   Number         0  anon$$obj.o(Region$$Table)
    __libspace_start                         0x20200008   Data          96  libspace.o(.bss)
    __stdout                                 0x20200068   Data          84  board.o(.bss.__stdout)
    __temporary_stack_top$libspace           0x20200068   Data           0  libspace.o(.bss)
    gPWM_MOTOR2Backup                        0x202000c0   Data         188  ti_msp_dl_config.o(.bss.gPWM_MOTOR2Backup)
    recv0_buff                               0x20200187   Data         128  board.o(.bss.recv0_buff)
    recv0_flag                               0x20200207   Data           1  board.o(.bss.recv0_flag)
    recv0_length                             0x20200208   Data           2  board.o(.bss.recv0_length)



==============================================================================

Memory Map of the image

  Image Entry point : 0x000000c1

  Load Region LR_IROM1 (Base: 0x00000000, Size: 0x00009cb0, Max: 0x00020000, ABSOLUTE)

    Execution Region ER_IROM1 (Exec base: 0x00000000, Load base: 0x00000000, Size: 0x00009ca8, Max: 0x00020000, ABSOLUTE)

    Exec Addr    Load Addr    Size         Type   Attr      Idx    E Section Name        Object

    0x00000000   0x00000000   0x000000c0   Data   RO            3    RESET               startup_mspm0g350x_uvision.o
    0x000000c0   0x000000c0   0x00000008   Code   RO         1020  * !!!main             c_p.l(__main.o)
    0x000000c8   0x000000c8   0x00000054   Code   RO         1198    !!!scatter          c_p.l(__scatter.o)
    0x0000011c   0x0000011c   0x00000004   PAD
    0x00000120   0x00000120   0x0000001a   Code   RO         1202    !!handler_copy      c_p.l(__scatter_copy.o)
    0x0000013a   0x0000013a   0x00000006   PAD
    0x00000140   0x00000140   0x00000002   Code   RO         1199    !!handler_null      c_p.l(__scatter.o)
    0x00000142   0x00000142   0x00000006   PAD
    0x00000148   0x00000148   0x0000001c   Code   RO         1204    !!handler_zi        c_p.l(__scatter_zi.o)
    0x00000164   0x00000164   0x00000002   Code   RO         1063    .ARM.Collect$$libinit$$00000000  c_p.l(libinit.o)
    0x00000166   0x00000166   0x00000000   Code   RO         1077    .ARM.Collect$$libinit$$00000002  c_p.l(libinit2.o)
    0x00000166   0x00000166   0x00000000   Code   RO         1079    .ARM.Collect$$libinit$$00000004  c_p.l(libinit2.o)
    0x00000166   0x00000166   0x00000000   Code   RO         1081    .ARM.Collect$$libinit$$00000006  c_p.l(libinit2.o)
    0x00000166   0x00000166   0x00000000   Code   RO         1084    .ARM.Collect$$libinit$$0000000C  c_p.l(libinit2.o)
    0x00000166   0x00000166   0x00000000   Code   RO         1086    .ARM.Collect$$libinit$$0000000E  c_p.l(libinit2.o)
    0x00000166   0x00000166   0x00000000   Code   RO         1088    .ARM.Collect$$libinit$$00000010  c_p.l(libinit2.o)
    0x00000166   0x00000166   0x00000000   Code   RO         1091    .ARM.Collect$$libinit$$00000013  c_p.l(libinit2.o)
    0x00000166   0x00000166   0x00000000   Code   RO         1093    .ARM.Collect$$libinit$$00000015  c_p.l(libinit2.o)
    0x00000166   0x00000166   0x00000000   Code   RO         1095    .ARM.Collect$$libinit$$00000017  c_p.l(libinit2.o)
    0x00000166   0x00000166   0x00000000   Code   RO         1097    .ARM.Collect$$libinit$$00000019  c_p.l(libinit2.o)
    0x00000166   0x00000166   0x00000000   Code   RO         1099    .ARM.Collect$$libinit$$0000001B  c_p.l(libinit2.o)
    0x00000166   0x00000166   0x00000000   Code   RO         1101    .ARM.Collect$$libinit$$0000001D  c_p.l(libinit2.o)
    0x00000166   0x00000166   0x00000000   Code   RO         1103    .ARM.Collect$$libinit$$0000001F  c_p.l(libinit2.o)
    0x00000166   0x00000166   0x00000000   Code   RO         1105    .ARM.Collect$$libinit$$00000021  c_p.l(libinit2.o)
    0x00000166   0x00000166   0x00000000   Code   RO         1107    .ARM.Collect$$libinit$$00000023  c_p.l(libinit2.o)
    0x00000166   0x00000166   0x00000000   Code   RO         1109    .ARM.Collect$$libinit$$00000025  c_p.l(libinit2.o)
    0x00000166   0x00000166   0x00000000   Code   RO         1111    .ARM.Collect$$libinit$$00000027  c_p.l(libinit2.o)
    0x00000166   0x00000166   0x00000000   Code   RO         1115    .ARM.Collect$$libinit$$0000002E  c_p.l(libinit2.o)
    0x00000166   0x00000166   0x00000000   Code   RO         1117    .ARM.Collect$$libinit$$00000030  c_p.l(libinit2.o)
    0x00000166   0x00000166   0x00000000   Code   RO         1119    .ARM.Collect$$libinit$$00000032  c_p.l(libinit2.o)
    0x00000166   0x00000166   0x00000000   Code   RO         1121    .ARM.Collect$$libinit$$00000034  c_p.l(libinit2.o)
    0x00000166   0x00000166   0x00000002   Code   RO         1122    .ARM.Collect$$libinit$$00000035  c_p.l(libinit2.o)
    0x00000168   0x00000168   0x00000002   Code   RO         1150    .ARM.Collect$$libshutdown$$00000000  c_p.l(libshutdown.o)
    0x0000016a   0x0000016a   0x00000000   Code   RO         1181    .ARM.Collect$$libshutdown$$00000002  c_p.l(libshutdown2.o)
    0x0000016a   0x0000016a   0x00000000   Code   RO         1183    .ARM.Collect$$libshutdown$$00000004  c_p.l(libshutdown2.o)
    0x0000016a   0x0000016a   0x00000000   Code   RO         1186    .ARM.Collect$$libshutdown$$00000007  c_p.l(libshutdown2.o)
    0x0000016a   0x0000016a   0x00000000   Code   RO         1189    .ARM.Collect$$libshutdown$$0000000A  c_p.l(libshutdown2.o)
    0x0000016a   0x0000016a   0x00000000   Code   RO         1191    .ARM.Collect$$libshutdown$$0000000C  c_p.l(libshutdown2.o)
    0x0000016a   0x0000016a   0x00000000   Code   RO         1194    .ARM.Collect$$libshutdown$$0000000F  c_p.l(libshutdown2.o)
    0x0000016a   0x0000016a   0x00000002   Code   RO         1195    .ARM.Collect$$libshutdown$$00000010  c_p.l(libshutdown2.o)
    0x0000016c   0x0000016c   0x00000000   Code   RO         1026    .ARM.Collect$$rtentry$$00000000  c_p.l(__rtentry.o)
    0x0000016c   0x0000016c   0x00000000   Code   RO         1033    .ARM.Collect$$rtentry$$00000002  c_p.l(__rtentry2.o)
    0x0000016c   0x0000016c   0x00000006   Code   RO         1045    .ARM.Collect$$rtentry$$00000004  c_p.l(__rtentry4.o)
    0x00000172   0x00000172   0x00000000   Code   RO         1035    .ARM.Collect$$rtentry$$00000009  c_p.l(__rtentry2.o)
    0x00000172   0x00000172   0x00000004   Code   RO         1036    .ARM.Collect$$rtentry$$0000000A  c_p.l(__rtentry2.o)
    0x00000176   0x00000176   0x00000000   Code   RO         1038    .ARM.Collect$$rtentry$$0000000C  c_p.l(__rtentry2.o)
    0x00000176   0x00000176   0x00000008   Code   RO         1039    .ARM.Collect$$rtentry$$0000000D  c_p.l(__rtentry2.o)
    0x0000017e   0x0000017e   0x00000002   Code   RO         1068    .ARM.Collect$$rtexit$$00000000  c_p.l(rtexit.o)
    0x00000180   0x00000180   0x00000000   Code   RO         1124    .ARM.Collect$$rtexit$$00000002  c_p.l(rtexit2.o)
    0x00000180   0x00000180   0x00000004   Code   RO         1125    .ARM.Collect$$rtexit$$00000003  c_p.l(rtexit2.o)
    0x00000184   0x00000184   0x00000006   Code   RO         1126    .ARM.Collect$$rtexit$$00000004  c_p.l(rtexit2.o)
    0x0000018a   0x0000018a   0x00000002   PAD
    0x0000018c   0x0000018c   0x00000038   Code   RO         1006    .emb_text           c_p.l(rt_memcpy.o)
    0x000001c4   0x000001c4   0x0000002c   Code   RO            4    .text               startup_mspm0g350x_uvision.o
    0x000001f0   0x000001f0   0x0000002c   Code   RO         1004    .text               c_p.l(puts.o)
    0x0000021c   0x0000021c   0x00000082   Code   RO         1007    .text               c_p.l(rt_memcpy.o)
    0x0000029e   0x0000029e   0x00000006   Code   RO         1018    .text               c_p.l(heapauxi.o)
    0x000002a4   0x000002a4   0x0000003e   Code   RO         1049    .text               c_p.l(sys_stackheap_outer.o)
    0x000002e2   0x000002e2   0x00000010   Code   RO         1052    .text               c_p.l(exit.o)
    0x000002f2   0x000002f2   0x00000002   PAD
    0x000002f4   0x000002f4   0x00000008   Code   RO         1064    .text               c_p.l(libspace.o)
    0x000002fc   0x000002fc   0x0000000a   Code   RO          945    .text.DL_Common_delayCycles  dl_common.o
    0x00000306   0x00000306   0x00000080   Code   RO          710    .text.DL_I2C_fillControllerTXFIFO  dl_i2c.o
    0x00000386   0x00000386   0x00000002   PAD
    0x00000388   0x00000388   0x00000030   Code   RO          714    .text.DL_I2C_flushControllerRXFIFO  dl_i2c.o
    0x000003b8   0x000003b8   0x00000044   Code   RO          712    .text.DL_I2C_flushControllerTXFIFO  dl_i2c.o
    0x000003fc   0x000003fc   0x00000026   Code   RO          706    .text.DL_I2C_setClockConfig  dl_i2c.o
    0x00000422   0x00000422   0x00000002   PAD
    0x00000424   0x00000424   0x00000084   Code   RO          419    .text.DL_TimerA_initPWMMode  dl_timer.o
    0x000004a8   0x000004a8   0x000000dc   Code   RO          379    .text.DL_Timer_initPWMMode  dl_timer.o
    0x00000584   0x00000584   0x0000001c   Code   RO          393    .text.DL_Timer_setCaptCompUpdateMethod  dl_timer.o
    0x000005a0   0x000005a0   0x00000018   Code   RO          383    .text.DL_Timer_setCaptureCompareOutCtl  dl_timer.o
    0x000005b8   0x000005b8   0x00000010   Code   RO          363    .text.DL_Timer_setCaptureCompareValue  dl_timer.o
    0x000005c8   0x000005c8   0x0000001c   Code   RO          357    .text.DL_Timer_setClockConfig  dl_timer.o
    0x000005e4   0x000005e4   0x00000048   Code   RO          305    .text.DL_UART_init  dl_uart.o
    0x0000062c   0x0000062c   0x00000012   Code   RO          307    .text.DL_UART_setClockConfig  dl_uart.o
    0x0000063e   0x0000063e   0x00000108   Code   RO          183    .text.Draw_Circle   lcd.o
    0x00000746   0x00000746   0x00000002   PAD
    0x00000748   0x00000748   0x00000178   Code   RO           98    .text.ExecuteVoiceCommand  main.o
    0x000008c0   0x000008c0   0x000000f0   Code   RO          247    .text.LCD_Address_Set  lcd_init.o
    0x000009b0   0x000009b0   0x00000974   Code   RO          209    .text.LCD_DrawEmoji  lcd.o
    0x00001324   0x00001324   0x00000088   Code   RO          211    .text.LCD_DrawEmoji_O_O  lcd.o
    0x000013ac   0x000013ac   0x0000093e   Code   RO          215    .text.LCD_DrawEmoji_Owlt  lcd.o
    0x00001cea   0x00001cea   0x00000002   PAD
    0x00001cec   0x00001cec   0x00000966   Code   RO          219    .text.LCD_DrawEmoji_dashwdash  lcd.o
    0x00002652   0x00002652   0x00000002   PAD
    0x00002654   0x00002654   0x00000952   Code   RO          217    .text.LCD_DrawEmoji_gtwO  lcd.o
    0x00002fa6   0x00002fa6   0x00000002   PAD
    0x00002fa8   0x00002fa8   0x00000abc   Code   RO          213    .text.LCD_DrawEmoji_gtwlt  lcd.o
    0x00003a64   0x00003a64   0x00000128   Code   RO          181    .text.LCD_DrawRectangle  lcd.o
    0x00003b8c   0x00003b8c   0x00000564   Code   RO          207    .text.LCD_DrawWelcome  lcd.o
    0x000040f0   0x000040f0   0x0000004a   Code   RO          175    .text.LCD_Fill      lcd.o
    0x0000413a   0x0000413a   0x00000002   PAD
    0x0000413c   0x0000413c   0x00000cc0   Code   RO          249    .text.LCD_Init      lcd_init.o
    0x00004dfc   0x00004dfc   0x00000100   Code   RO          243    .text.LCD_WR_DATA   lcd_init.o
    0x00004efc   0x00004efc   0x0000002c   Code   RO           89    .text.LED_Flash     led.o
    0x00004f28   0x00004f28   0x0000000c   Code   RO           81    .text.LED_Init      led.o
    0x00004f34   0x00004f34   0x00000010   Code   RO           85    .text.LED_Off       led.o
    0x00004f44   0x00004f44   0x00000010   Code   RO           83    .text.LED_On        led.o
    0x00004f54   0x00004f54   0x000000ac   Code   RO           15    .text.SYSCFG_DL_GPIO_init  ti_msp_dl_config.o
    0x00005000   0x00005000   0x00000054   Code   RO           23    .text.SYSCFG_DL_I2C_0_init  ti_msp_dl_config.o
    0x00005054   0x00005054   0x0000005c   Code   RO           21    .text.SYSCFG_DL_PWM_MOTOR1_init  ti_msp_dl_config.o
    0x000050b0   0x000050b0   0x000000c8   Code   RO           19    .text.SYSCFG_DL_PWM_MOTOR2_init  ti_msp_dl_config.o
    0x00005178   0x00005178   0x0000003c   Code   RO           17    .text.SYSCFG_DL_SYSCTL_init  ti_msp_dl_config.o
    0x000051b4   0x000051b4   0x0000001c   Code   RO           27    .text.SYSCFG_DL_SYSTICK_init  ti_msp_dl_config.o
    0x000051d0   0x000051d0   0x0000006c   Code   RO           25    .text.SYSCFG_DL_UART_0_init  ti_msp_dl_config.o
    0x0000523c   0x0000523c   0x00000030   Code   RO           11    .text.SYSCFG_DL_init  ti_msp_dl_config.o
    0x0000526c   0x0000526c   0x00000054   Code   RO           13    .text.SYSCFG_DL_initPower  ti_msp_dl_config.o
    0x000052c0   0x000052c0   0x0000005c   Code   RO           67    .text.UART0_IRQHandler  board.o
    0x0000531c   0x0000531c   0x00000572   Code   RO          135    .text.Voice_I2C_PrintStatus  voice.o
    0x0000588e   0x0000588e   0x00000002   PAD
    0x00005890   0x00005890   0x0000041c   Code   RO          125    .text.Voice_I2C_ReadReg  voice.o
    0x00005cac   0x00005cac   0x00000374   Code   RO          133    .text.Voice_I2C_WaitTransferDone  voice.o
    0x00006020   0x00006020   0x00000200   Code   RO          119    .text.Voice_I2C_WriteReg  voice.o
    0x00006220   0x00006220   0x000004d8   Code   RO          121    .text.Voice_Init    voice.o
    0x000066f8   0x000066f8   0x0000029c   Code   RO          123    .text.Voice_ReadCommand  voice.o
    0x00006994   0x00006994   0x00000002   Code   RO           63    .text._sys_exit     board.o
    0x00006996   0x00006996   0x00000002   PAD
    0x00006998   0x00006998   0x00000050   Code   RO           49    .text.board_init    board.o
    0x000069e8   0x000069e8   0x000000a8   Code   RO          162    .text.dance         motor.o
    0x00006a90   0x00006a90   0x00000048   Code   RO           53    .text.delay_ms      board.o
    0x00006ad8   0x00006ad8   0x00000024   Code   RO           65    .text.fputc         board.o
    0x00006afc   0x00006afc   0x00000338   Code   RO          100    .text.main          main.o
    0x00006e34   0x00006e34   0x0000000c   Code   RO          158    .text.reset_gait    motor.o
    0x00006e40   0x00006e40   0x000000c8   Code   RO          160    .text.robot_forward  motor.o
    0x00006f08   0x00006f08   0x00000038   Code   RO          152    .text.servo_zero    motor.o
    0x00006f40   0x00006f40   0x00000040   Code   RO          154    .text.sit           motor.o
    0x00006f80   0x00006f80   0x00000040   Code   RO          156    .text.stand         motor.o
    0x00006fc0   0x00006fc0   0x000001f6   Code   RO         1011    .text_divfast       c_p.l(aeabi_sdivfast.o)
    0x000071b6   0x000071b6   0x000011d0   Data   RO          223    .rodata.ascii_2412  lcd.o
    0x00008386   0x00008386   0x000017c0   Data   RO          224    .rodata.ascii_3216  lcd.o
    0x00009b46   0x00009b46   0x00000010   Data   RO          166    .rodata.cst16       motor.o
    0x00009b56   0x00009b56   0x00000020   Data   RO          165    .rodata.cst32       motor.o
    0x00009b76   0x00009b76   0x00000002   Data   RO           38    .rodata.gI2C_0ClockConfig  ti_msp_dl_config.o
    0x00009b78   0x00009b78   0x00000003   Data   RO           36    .rodata.gPWM_MOTOR1ClockConfig  ti_msp_dl_config.o
    0x00009b7b   0x00009b7b   0x00000001   PAD
    0x00009b7c   0x00009b7c   0x00000008   Data   RO           37    .rodata.gPWM_MOTOR1Config  ti_msp_dl_config.o
    0x00009b84   0x00009b84   0x00000003   Data   RO           34    .rodata.gPWM_MOTOR2ClockConfig  ti_msp_dl_config.o
    0x00009b87   0x00009b87   0x00000001   PAD
    0x00009b88   0x00009b88   0x00000008   Data   RO           35    .rodata.gPWM_MOTOR2Config  ti_msp_dl_config.o
    0x00009b90   0x00009b90   0x00000002   Data   RO           39    .rodata.gUART_0ClockConfig  ti_msp_dl_config.o
    0x00009b92   0x00009b92   0x0000000a   Data   RO           40    .rodata.gUART_0Config  ti_msp_dl_config.o
    0x00009b9c   0x00009b9c   0x00000097   Data   RO          107    .rodata.str1.1      main.o
    0x00009c33   0x00009c33   0x0000004f   Data   RO          139    .rodata.str1.1      voice.o
    0x00009c82   0x00009c82   0x00000006   PAD
    0x00009c88   0x00009c88   0x00000020   Data   RO         1197    Region$$Table       anon$$obj.o


    Execution Region RW_IRAM2 (Exec base: 0x20200000, Load base: 0x00009ca8, Size: 0x00000310, Max: 0x00008000, ABSOLUTE)

    Exec Addr    Load Addr    Size         Type   Attr      Idx    E Section Name        Object

    0x20200000   0x00009ca8   0x00000001   Data   RW          138    .data.g_voiceAddr   voice.o
    0x20200001   0x00009ca9   0x00000001   Data   RW          104    .data.main.last_display_cmd  main.o
    0x20200002   0x00009caa   0x00000006   PAD
    0x20200008        -       0x00000060   Zero   RW         1065    .bss                c_p.l(libspace.o)
    0x20200068        -       0x00000054   Zero   RW           72    .bss.__stdout       board.o
    0x202000bc        -       0x00000001   Zero   RW          103    .bss.current_action  main.o
    0x202000bd        -       0x00000001   Zero   RW          102    .bss.current_display_cmd  main.o
    0x202000be   0x00009caa   0x00000002   PAD
    0x202000c0        -       0x000000bc   Zero   RW           33    .bss.gPWM_MOTOR2Backup  ti_msp_dl_config.o
    0x2020017c        -       0x00000001   Zero   RW          137    .bss.g_voiceReady   voice.o
    0x2020017d   0x00009caa   0x00000003   PAD
    0x20200180        -       0x00000004   Zero   RW          164    .bss.gait_t         motor.o
    0x20200184        -       0x00000002   Zero   RW          106    .bss.main.dance_counter  main.o
    0x20200186        -       0x00000001   Zero   RW          105    .bss.main.dance_frame  main.o
    0x20200187        -       0x00000080   Zero   RW           69    .bss.recv0_buff     board.o
    0x20200207        -       0x00000001   Zero   RW           71    .bss.recv0_flag     board.o
    0x20200208        -       0x00000002   Zero   RW           70    .bss.recv0_length   board.o
    0x2020020a   0x00009caa   0x00000006   PAD
    0x20200210        -       0x00000000   Zero   RW            2    HEAP                startup_mspm0g350x_uvision.o
    0x20200210        -       0x00000100   Zero   RW            1    STACK               startup_mspm0g350x_uvision.o



  Load Region LR_BCR (Base: 0x41c00000, Size: 0x00000000, Max: 0x00000100, ABSOLUTE)

    Execution Region BCR_CONFIG (Exec base: 0x41c00000, Load base: 0x41c00000, Size: 0x00000000, Max: 0x00000080, ABSOLUTE)

    **** No section assigned to this execution region ****



  Load Region LR_BSL (Base: 0x41c00100, Size: 0x00000000, Max: 0x00000100, ABSOLUTE)

    Execution Region BSL_CONFIG (Exec base: 0x41c00100, Load base: 0x41c00100, Size: 0x00000000, Max: 0x00000080, ABSOLUTE)

    **** No section assigned to this execution region ****


==============================================================================

Image component sizes


      Code (inc. data)   RO Data    RW Data    ZI Data      Debug   Object Name

       282         76          0          0        215       9555   board.o
        10          0          0          0          0        602   dl_common.o
       282          4          0          0          0       9467   dl_i2c.o
       448         60          0          0          0      32061   dl_timer.o
        90          8          0          0          0      14546   dl_uart.o
     14476         64      10640          0          0      88100   lcd.o
      3760          8          0          0          0      64117   lcd_init.o
        88         12          0          0          0       4295   led.o
      1200        560        151          1          5       5186   main.o
       564         52         48          0          4       7081   motor.o
        44         18        192          0        256        704   startup_mspm0g350x_uvision.o
       876        152         36          0        188      31672   ti_msp_dl_config.o
      5750        164         79          1          1      45846   voice.o

    ----------------------------------------------------------------------
     27888       1178      11186          4        684     313232   Object Totals
         0          0         32          0          0          0   (incl. Generated)
        18          0          8          2         15          0   (incl. Padding)

    ----------------------------------------------------------------------

      Code (inc. data)   RO Data    RW Data    ZI Data      Debug   Library Member Name

         8          0          0          0          0         68   __main.o
         0          0          0          0          0          0   __rtentry.o
        12          0          0          0          0          0   __rtentry2.o
         6          0          0          0          0          0   __rtentry4.o
        86         10          0          0          0          0   __scatter.o
        26          0          0          0          0          0   __scatter_copy.o
        28          0          0          0          0          0   __scatter_zi.o
       502          0          0          0          0         92   aeabi_sdivfast.o
        16          0          0          0          0         68   exit.o
         6          0          0          0          0        136   heapauxi.o
         2          0          0          0          0          0   libinit.o
         2          0          0          0          0          0   libinit2.o
         2          0          0          0          0          0   libshutdown.o
         2          0          0          0          0          0   libshutdown2.o
         8          4          0          0         96         68   libspace.o
        44          6          0          0          0         68   puts.o
       186          0          0          0          0        144   rt_memcpy.o
         2          0          0          0          0          0   rtexit.o
        10          0          0          0          0          0   rtexit2.o
        62          0          0          0          0         80   sys_stackheap_outer.o

    ----------------------------------------------------------------------
      1030         24          0          0         96        724   Library Totals
        20          4          0          0          0          0   (incl. Padding)

    ----------------------------------------------------------------------

      Code (inc. data)   RO Data    RW Data    ZI Data      Debug   Library Name

      1010         20          0          0         96        724   c_p.l

    ----------------------------------------------------------------------
      1030         24          0          0         96        724   Library Totals

    ----------------------------------------------------------------------

==============================================================================


      Code (inc. data)   RO Data    RW Data    ZI Data      Debug   

     28918       1202      11186          4        780     313616   Grand Totals
     28918       1202      11186          4        780     313616   ELF Image Totals
     28918       1202      11186          4          0          0   ROM Totals

==============================================================================

    Total RO  Size (Code + RO Data)                40104 (  39.16kB)
    Total RW  Size (RW Data + ZI Data)               784 (   0.77kB)
    Total ROM Size (Code + RO Data + RW Data)      40108 (  39.17kB)

==============================================================================

